../Drivers/STM32C0xx_HAL_Driver/Inc/stm32c0xx_ll_adc.h:4004:22:LL_ADC_SetAnalogWDMonitChannels	8	static
../Drivers/STM32C0xx_HAL_Driver/Inc/stm32c0xx_ll_adc.h:4783:26:LL_ADC_REG_IsConversionOngoing	0	static
../Drivers/STM32C0xx_HAL_Driver/Src/stm32c0xx_hal_adc.c:874:13:HAL_ADC_MspInit	0	static
../Drivers/STM32C0xx_HAL_Driver/Src/stm32c0xx_hal_adc.c:387:19:HAL_ADC_Init	40	static
../Drivers/STM32C0xx_HAL_Driver/Src/stm32c0xx_hal_adc.c:891:13:HAL_ADC_MspDeInit	0	static
../Drivers/STM32C0xx_HAL_Driver/Src/stm32c0xx_hal_adc.c:1282:19:HAL_ADC_PollForConversion	32	static
../Drivers/STM32C0xx_HAL_Driver/Src/stm32c0xx_hal_adc.c:1412:19:HAL_ADC_PollForEvent	24	static
../Drivers/STM32C0xx_HAL_Driver/Src/stm32c0xx_hal_adc.c:1865:10:HAL_ADC_GetValue	0	static
../Drivers/STM32C0xx_HAL_Driver/Src/stm32c0xx_hal_adc.c:2130:13:HAL_ADC_ConvCpltCallback	0	static
../Drivers/STM32C0xx_HAL_Driver/Src/stm32c0xx_hal_adc.c:2145:13:HAL_ADC_ConvHalfCpltCallback	0	static
../Drivers/STM32C0xx_HAL_Driver/Src/stm32c0xx_hal_adc.c:3017:13:ADC_DMAHalfConvCplt	8	static
../Drivers/STM32C0xx_HAL_Driver/Src/stm32c0xx_hal_adc.c:2160:13:HAL_ADC_LevelOutOfWindowCallback	0	static
../Drivers/STM32C0xx_HAL_Driver/Src/stm32c0xx_hal_adc.c:2182:13:HAL_ADC_ErrorCallback	0	static
../Drivers/STM32C0xx_HAL_Driver/Src/stm32c0xx_hal_adc.c:3035:13:ADC_DMAError	8	static
../Drivers/STM32C0xx_HAL_Driver/Src/stm32c0xx_hal_adc.c:2939:13:ADC_DMAConvCplt	16	static
../Drivers/STM32C0xx_HAL_Driver/Src/stm32c0xx_hal_adc.c:2197:13:HAL_ADC_CalibrationCpltCallback	0	static
../Drivers/STM32C0xx_HAL_Driver/Src/stm32c0xx_hal_adc.c:2212:13:HAL_ADC_ADCReadyCallback	0	static
../Drivers/STM32C0xx_HAL_Driver/Src/stm32c0xx_hal_adc.c:1882:6:HAL_ADC_IRQHandler	24	static
../Drivers/STM32C0xx_HAL_Driver/Src/stm32c0xx_hal_adc.c:2258:19:HAL_ADC_ConfigChannel	40	static
../Drivers/STM32C0xx_HAL_Driver/Src/stm32c0xx_hal_adc.c:2701:10:HAL_ADC_GetState	0	static
../Drivers/STM32C0xx_HAL_Driver/Src/stm32c0xx_hal_adc.c:2715:10:HAL_ADC_GetError	0	static
../Drivers/STM32C0xx_HAL_Driver/Src/stm32c0xx_hal_adc.c:2742:19:ADC_ConversionStop	16	static
../Drivers/STM32C0xx_HAL_Driver/Src/stm32c0xx_hal_adc.c:2792:19:ADC_Enable	32	static
../Drivers/STM32C0xx_HAL_Driver/Src/stm32c0xx_hal_adc.c:1158:19:HAL_ADC_Start	16	static
../Drivers/STM32C0xx_HAL_Driver/Src/stm32c0xx_hal_adc.c:1539:19:HAL_ADC_Start_IT	16	static
../Drivers/STM32C0xx_HAL_Driver/Src/stm32c0xx_hal_adc.c:1683:19:HAL_ADC_Start_DMA	32	static
../Drivers/STM32C0xx_HAL_Driver/Src/stm32c0xx_hal_adc.c:2881:19:ADC_Disable	16	static
../Drivers/STM32C0xx_HAL_Driver/Src/stm32c0xx_hal_adc.c:742:19:HAL_ADC_DeInit	16	static
../Drivers/STM32C0xx_HAL_Driver/Src/stm32c0xx_hal_adc.c:1228:19:HAL_ADC_Stop	16	static
../Drivers/STM32C0xx_HAL_Driver/Src/stm32c0xx_hal_adc.c:1633:19:HAL_ADC_Stop_IT	16	static
../Drivers/STM32C0xx_HAL_Driver/Src/stm32c0xx_hal_adc.c:1781:19:HAL_ADC_Stop_DMA	16	static
../Drivers/STM32C0xx_HAL_Driver/Src/stm32c0xx_hal_adc.c:2458:19:HAL_ADC_AnalogWDGConfig	32	static
