../Core/Src/main.c:131:6:HAL_UART_RxCpltCallback	16	static
../Core/Src/main.c:189:6:adc_init	0	static
../Core/Src/main.c:199:10:read_adc_channel	0	static
../Core/Src/main.c:207:9:parse_two_digit_decimal	0	static
../Core/Src/main.c:214:19:save_persistent_data	32	static
../Core/Src/main.c:251:6:load_persistent_data	16	static
../Core/Src/main.c:273:5:parse_4digit_value	8	static
../Core/Src/main.c:284:19:update_config_if_changed	8	static
../Core/Src/main.c:292:9:validate_command	16	static
../Core/Src/main.c:647:6:SystemClock_Config	56	static,ignoring_inline_asm
../Core/Src/main.c:318:5:main	104	static,ignoring_inline_asm
../Core/Src/main.c:831:6:Error_Handler	0	static,ignoring_inline_asm
