../Core/Src/main.c:130:6:HAL_UART_RxCpltCallback	16	static
../Core/Src/main.c:188:6:adc_init	0	static
../Core/Src/main.c:198:10:read_adc_channel	0	static
../Core/Src/main.c:206:9:parse_two_digit_decimal	0	static
../Core/Src/main.c:213:19:save_persistent_data	32	static
../Core/Src/main.c:250:6:load_persistent_data	16	static
../Core/Src/main.c:272:5:parse_4digit_value	8	static
../Core/Src/main.c:283:19:update_config_if_changed	8	static
../Core/Src/main.c:291:9:validate_command	16	static
../Core/Src/main.c:646:6:SystemClock_Config	56	static,ignoring_inline_asm
../Core/Src/main.c:317:5:main	104	static,ignoring_inline_asm
../Core/Src/main.c:830:6:Error_Handler	0	static,ignoring_inline_asm
