10:30:04 **** Incremental Build of configuration Debug for project Compact DC Motor Driver V2 ****
make -j12 all 
arm-none-eabi-gcc "../Core/Src/main.c" -mcpu=cortex-m0plus -std=gnu11 -g3 -DDEBUG -DUSE_HAL_DRIVER -DSTM32C011xx -c -I../Core/Inc -I../Drivers/STM32C0xx_HAL_Driver/Inc -I../Drivers/STM32C0xx_HAL_Driver/Inc/Legacy -I../Drivers/CMSIS/Device/ST/STM32C0xx/Include -I../Drivers/CMSIS/Include -Os -ffunction-sections -fdata-sections -Wall -fstack-usage -fcyclomatic-complexity -MMD -MP -MF"Core/Src/main.d" -MT"Core/Src/main.o" --specs=nano.specs -mfloat-abi=soft -mthumb -o "Core/Src/main.o"
../Core/Src/main.c: In function 'main':
../Core/Src/main.c:382:38: warning: passing argument 1 of 'validate_command' discards 'volatile' qualifier from pointer target type [-Wdiscarded-qualifiers]
  382 |     uint8_t valid = validate_command(command_buffer, command_int);
      |                                      ^~~~~~~~~~~~~~
../Core/Src/main.c:292:35: note: expected 'uint8_t *' {aka 'unsigned char *'} but argument is of type 'volatile uint8_t *' {aka 'volatile unsigned char *'}
  292 | uint8_t validate_command(uint8_t *buf, uint8_t command_int) {
      |                          ~~~~~~~~~^~~
arm-none-eabi-gcc -o "Compact DC Motor Driver V2.elf" @"objects.list"   -mcpu=cortex-m0plus -T"C:\Users\John\OneDrive\Documents\College\AIAA\Half Badger\Test Stand Code\2025-half-badger-test-stand\V4 - Full App Setup\Compact DC Motor Driver V2\STM32C011F6PX_FLASH.ld" --specs=nosys.specs -Wl,-Map="Compact DC Motor Driver V2.map" -Wl,--gc-sections -static --specs=nano.specs -mfloat-abi=soft -mthumb -Wl,--start-group -lc -lm -Wl,--end-group
C:/ST/STM32CubeIDE_1.18.1/STM32CubeIDE/plugins/com.st.stm32cube.ide.mcu.externaltools.gnu-tools-for-stm32.13.3.rel1.win32_1.0.0.202411081344/tools/bin/../lib/gcc/arm-none-eabi/13.3.1/../../../../arm-none-eabi/bin/ld.exe: warning: Compact DC Motor Driver V2.elf has a LOAD segment with RWX permissions
Finished building target: Compact DC Motor Driver V2.elf
 
arm-none-eabi-size  Compact\ DC\ Motor\ Driver\ V2.elf 
arm-none-eabi-objdump -h -S Compact\ DC\ Motor\ Driver\ V2.elf  > "Compact DC Motor Driver V2.list"
   text	   data	    bss	    dec	    hex	filename
  11524	      0	   1872	  13396	   3454	Compact DC Motor Driver V2.elf
Finished building: default.size.stdout
 
Finished building: Compact DC Motor Driver V2.list
 

10:30:05 Build Finished. 0 errors, 2 warnings. (took 1s.237ms)

