20:24:01 **** Clean-only build of configuration Debug for project Compact DC Motor Driver ****
make -j8 clean 
rm -rf ./Drivers/STM32C0xx_HAL_Driver/Src/stm32c0xx_hal.cyclo ./Drivers/STM32C0xx_HAL_Driver/Src/stm32c0xx_hal.d ./Drivers/STM32C0xx_HAL_Driver/Src/stm32c0xx_hal.o ./Drivers/STM32C0xx_HAL_Driver/Src/stm32c0xx_hal.su ./Drivers/STM32C0xx_HAL_Driver/Src/stm32c0xx_hal_cortex.cyclo ./Drivers/STM32C0xx_HAL_Driver/Src/stm32c0xx_hal_cortex.d ./Drivers/STM32C0xx_HAL_Driver/Src/stm32c0xx_hal_cortex.o ./Drivers/STM32C0xx_HAL_Driver/Src/stm32c0xx_hal_cortex.su ./Drivers/STM32C0xx_HAL_Driver/Src/stm32c0xx_hal_dma.cyclo ./Drivers/STM32C0xx_HAL_Driver/Src/stm32c0xx_hal_dma.d ./Drivers/STM32C0xx_HAL_Driver/Src/stm32c0xx_hal_dma.o ./Drivers/STM32C0xx_HAL_Driver/Src/stm32c0xx_hal_dma.su ./Drivers/STM32C0xx_HAL_Driver/Src/stm32c0xx_hal_dma_ex.cyclo ./Drivers/STM32C0xx_HAL_Driver/Src/stm32c0xx_hal_dma_ex.d ./Drivers/STM32C0xx_HAL_Driver/Src/stm32c0xx_hal_dma_ex.o ./Drivers/STM32C0xx_HAL_Driver/Src/stm32c0xx_hal_dma_ex.su ./Drivers/STM32C0xx_HAL_Driver/Src/stm32c0xx_hal_exti.cyclo ./Drivers/STM32C0xx_HAL_Driver/Src/stm32c0xx_hal_exti.d ./Drivers/STM32C0xx_HAL_Driver/Src/stm32c0xx_hal_exti.o ./Drivers/STM32C0xx_HAL_Driver/Src/stm32c0xx_hal_exti.su ./Drivers/STM32C0xx_HAL_Driver/Src/stm32c0xx_hal_flash.cyclo ./Drivers/STM32C0xx_HAL_Driver/Src/stm32c0xx_hal_flash.d ./Drivers/STM32C0xx_HAL_Driver/Src/stm32c0xx_hal_flash.o ./Drivers/STM32C0xx_HAL_Driver/Src/stm32c0xx_hal_flash.su ./Drivers/STM32C0xx_HAL_Driver/Src/stm32c0xx_hal_flash_ex.cyclo ./Drivers/STM32C0xx_HAL_Driver/Src/stm32c0xx_hal_flash_ex.d ./Drivers/STM32C0xx_HAL_Driver/Src/stm32c0xx_hal_flash_ex.o ./Drivers/STM32C0xx_HAL_Driver/Src/stm32c0xx_hal_flash_ex.su ./Drivers/STM32C0xx_HAL_Driver/Src/stm32c0xx_hal_gpio.cyclo ./Drivers/STM32C0xx_HAL_Driver/Src/stm32c0xx_hal_gpio.d ./Drivers/STM32C0xx_HAL_Driver/Src/stm32c0xx_hal_gpio.o ./Drivers/STM32C0xx_HAL_Driver/Src/stm32c0xx_hal_gpio.su ./Drivers/STM32C0xx_HAL_Driver/Src/stm32c0xx_hal_pwr.cyclo ./Drivers/STM32C0xx_HAL_Driver/Src/stm32c0xx_hal_pwr.d ./Drivers/STM32C0xx_HAL_Driver/Src/stm32c0xx_hal_pwr.o ./Drivers/STM32C0xx_HAL_Driver/Src/stm32c0xx_hal_pwr.su ./Drivers/STM32C0xx_HAL_Driver/Src/stm32c0xx_hal_pwr_ex.cyclo ./Drivers/STM32C0xx_HAL_Driver/Src/stm32c0xx_hal_pwr_ex.d ./Drivers/STM32C0xx_HAL_Driver/Src/stm32c0xx_hal_pwr_ex.o ./Drivers/STM32C0xx_HAL_Driver/Src/stm32c0xx_hal_pwr_ex.su ./Drivers/STM32C0xx_HAL_Driver/Src/stm32c0xx_hal_rcc.cyclo ./Drivers/STM32C0xx_HAL_Driver/Src/stm32c0xx_hal_rcc.d ./Drivers/STM32C0xx_HAL_Driver/Src/stm32c0xx_hal_rcc.o ./Drivers/STM32C0xx_HAL_Driver/Src/stm32c0xx_hal_rcc.su ./Drivers/STM32C0xx_HAL_Driver/Src/stm32c0xx_hal_rcc_ex.cyclo ./Drivers/STM32C0xx_HAL_Driver/Src/stm32c0xx_hal_rcc_ex.d ./Drivers/STM32C0xx_HAL_Driver/Src/stm32c0xx_hal_rcc_ex.o ./Drivers/STM32C0xx_HAL_Driver/Src/stm32c0xx_hal_rcc_ex.su ./Drivers/STM32C0xx_HAL_Driver/Src/stm32c0xx_hal_tim.cyclo ./Drivers/STM32C0xx_HAL_Driver/Src/stm32c0xx_hal_tim.d ./Drivers/STM32C0xx_HAL_Driver/Src/stm32c0xx_hal_tim.o ./Drivers/STM32C0xx_HAL_Driver/Src/stm32c0xx_hal_tim.su ./Drivers/STM32C0xx_HAL_Driver/Src/stm32c0xx_hal_tim_ex.cyclo ./Drivers/STM32C0xx_HAL_Driver/Src/stm32c0xx_hal_tim_ex.d ./Drivers/STM32C0xx_HAL_Driver/Src/stm32c0xx_hal_tim_ex.o ./Drivers/STM32C0xx_HAL_Driver/Src/stm32c0xx_hal_tim_ex.su ./Drivers/STM32C0xx_HAL_Driver/Src/stm32c0xx_hal_uart.cyclo ./Drivers/STM32C0xx_HAL_Driver/Src/stm32c0xx_hal_uart.d ./Drivers/STM32C0xx_HAL_Driver/Src/stm32c0xx_hal_uart.o ./Drivers/STM32C0xx_HAL_Driver/Src/stm32c0xx_hal_uart.su ./Drivers/STM32C0xx_HAL_Driver/Src/stm32c0xx_hal_uart_ex.cyclo ./Drivers/STM32C0xx_HAL_Driver/Src/stm32c0xx_hal_uart_ex.d ./Drivers/STM32C0xx_HAL_Driver/Src/stm32c0xx_hal_uart_ex.o ./Drivers/STM32C0xx_HAL_Driver/Src/stm32c0xx_hal_uart_ex.su
rm -rf ./Core/Startup/startup_stm32c011f4ux.d ./Core/Startup/startup_stm32c011f4ux.o
rm -rf ./Core/Src/main.cyclo ./Core/Src/main.d ./Core/Src/main.o ./Core/Src/main.su ./Core/Src/stm32c0xx_hal_msp.cyclo ./Core/Src/stm32c0xx_hal_msp.d ./Core/Src/stm32c0xx_hal_msp.o ./Core/Src/stm32c0xx_hal_msp.su ./Core/Src/stm32c0xx_it.cyclo ./Core/Src/stm32c0xx_it.d ./Core/Src/stm32c0xx_it.o ./Core/Src/stm32c0xx_it.su ./Core/Src/syscalls.cyclo ./Core/Src/syscalls.d ./Core/Src/syscalls.o ./Core/Src/syscalls.su ./Core/Src/sysmem.cyclo ./Core/Src/sysmem.d ./Core/Src/sysmem.o ./Core/Src/sysmem.su ./Core/Src/system_stm32c0xx.cyclo ./Core/Src/system_stm32c0xx.d ./Core/Src/system_stm32c0xx.o ./Core/Src/system_stm32c0xx.su
rm -rf Compact\ DC\ Motor\ Driver.elf Compact\ DC\ Motor\ Driver.list Compact\ DC\ Motor\ Driver.map Compact\\ DC\\ Motor\\ Driver.elf default.size.stdout
 
20:24:03 **** Build of configuration Debug for project Compact DC Motor Driver ****
make -j8 all 
arm-none-eabi-gcc "../Drivers/STM32C0xx_HAL_Driver/Src/stm32c0xx_hal.c" -mcpu=cortex-m0plus -std=gnu11 -DNDEBUG -DUSE_HAL_DRIVER -DSTM32C011xx -DDEBUG -c -I../Core/Inc -I../Drivers/STM32C0xx_HAL_Driver/Inc -I../Drivers/STM32C0xx_HAL_Driver/Inc/Legacy -I../Drivers/CMSIS/Device/ST/STM32C0xx/Include -I../Drivers/CMSIS/Include -Os -ffunction-sections -fdata-sections -Wall -fstack-usage -fcyclomatic-complexity -MMD -MP -MF"Drivers/STM32C0xx_HAL_Driver/Src/stm32c0xx_hal.d" -MT"Drivers/STM32C0xx_HAL_Driver/Src/stm32c0xx_hal.o" --specs=nano.specs -mfloat-abi=soft -mthumb -o "Drivers/STM32C0xx_HAL_Driver/Src/stm32c0xx_hal.o"
arm-none-eabi-gcc "../Drivers/STM32C0xx_HAL_Driver/Src/stm32c0xx_hal_cortex.c" -mcpu=cortex-m0plus -std=gnu11 -DNDEBUG -DUSE_HAL_DRIVER -DSTM32C011xx -DDEBUG -c -I../Core/Inc -I../Drivers/STM32C0xx_HAL_Driver/Inc -I../Drivers/STM32C0xx_HAL_Driver/Inc/Legacy -I../Drivers/CMSIS/Device/ST/STM32C0xx/Include -I../Drivers/CMSIS/Include -Os -ffunction-sections -fdata-sections -Wall -fstack-usage -fcyclomatic-complexity -MMD -MP -MF"Drivers/STM32C0xx_HAL_Driver/Src/stm32c0xx_hal_cortex.d" -MT"Drivers/STM32C0xx_HAL_Driver/Src/stm32c0xx_hal_cortex.o" --specs=nano.specs -mfloat-abi=soft -mthumb -o "Drivers/STM32C0xx_HAL_Driver/Src/stm32c0xx_hal_cortex.o"
arm-none-eabi-gcc "../Drivers/STM32C0xx_HAL_Driver/Src/stm32c0xx_hal_dma.c" -mcpu=cortex-m0plus -std=gnu11 -DNDEBUG -DUSE_HAL_DRIVER -DSTM32C011xx -DDEBUG -c -I../Core/Inc -I../Drivers/STM32C0xx_HAL_Driver/Inc -I../Drivers/STM32C0xx_HAL_Driver/Inc/Legacy -I../Drivers/CMSIS/Device/ST/STM32C0xx/Include -I../Drivers/CMSIS/Include -Os -ffunction-sections -fdata-sections -Wall -fstack-usage -fcyclomatic-complexity -MMD -MP -MF"Drivers/STM32C0xx_HAL_Driver/Src/stm32c0xx_hal_dma.d" -MT"Drivers/STM32C0xx_HAL_Driver/Src/stm32c0xx_hal_dma.o" --specs=nano.specs -mfloat-abi=soft -mthumb -o "Drivers/STM32C0xx_HAL_Driver/Src/stm32c0xx_hal_dma.o"
arm-none-eabi-gcc "../Drivers/STM32C0xx_HAL_Driver/Src/stm32c0xx_hal_dma_ex.c" -mcpu=cortex-m0plus -std=gnu11 -DNDEBUG -DUSE_HAL_DRIVER -DSTM32C011xx -DDEBUG -c -I../Core/Inc -I../Drivers/STM32C0xx_HAL_Driver/Inc -I../Drivers/STM32C0xx_HAL_Driver/Inc/Legacy -I../Drivers/CMSIS/Device/ST/STM32C0xx/Include -I../Drivers/CMSIS/Include -Os -ffunction-sections -fdata-sections -Wall -fstack-usage -fcyclomatic-complexity -MMD -MP -MF"Drivers/STM32C0xx_HAL_Driver/Src/stm32c0xx_hal_dma_ex.d" -MT"Drivers/STM32C0xx_HAL_Driver/Src/stm32c0xx_hal_dma_ex.o" --specs=nano.specs -mfloat-abi=soft -mthumb -o "Drivers/STM32C0xx_HAL_Driver/Src/stm32c0xx_hal_dma_ex.o"
arm-none-eabi-gcc "../Drivers/STM32C0xx_HAL_Driver/Src/stm32c0xx_hal_exti.c" -mcpu=cortex-m0plus -std=gnu11 -DNDEBUG -DUSE_HAL_DRIVER -DSTM32C011xx -DDEBUG -c -I../Core/Inc -I../Drivers/STM32C0xx_HAL_Driver/Inc -I../Drivers/STM32C0xx_HAL_Driver/Inc/Legacy -I../Drivers/CMSIS/Device/ST/STM32C0xx/Include -I../Drivers/CMSIS/Include -Os -ffunction-sections -fdata-sections -Wall -fstack-usage -fcyclomatic-complexity -MMD -MP -MF"Drivers/STM32C0xx_HAL_Driver/Src/stm32c0xx_hal_exti.d" -MT"Drivers/STM32C0xx_HAL_Driver/Src/stm32c0xx_hal_exti.o" --specs=nano.specs -mfloat-abi=soft -mthumb -o "Drivers/STM32C0xx_HAL_Driver/Src/stm32c0xx_hal_exti.o"
arm-none-eabi-gcc "../Drivers/STM32C0xx_HAL_Driver/Src/stm32c0xx_hal_flash.c" -mcpu=cortex-m0plus -std=gnu11 -DNDEBUG -DUSE_HAL_DRIVER -DSTM32C011xx -DDEBUG -c -I../Core/Inc -I../Drivers/STM32C0xx_HAL_Driver/Inc -I../Drivers/STM32C0xx_HAL_Driver/Inc/Legacy -I../Drivers/CMSIS/Device/ST/STM32C0xx/Include -I../Drivers/CMSIS/Include -Os -ffunction-sections -fdata-sections -Wall -fstack-usage -fcyclomatic-complexity -MMD -MP -MF"Drivers/STM32C0xx_HAL_Driver/Src/stm32c0xx_hal_flash.d" -MT"Drivers/STM32C0xx_HAL_Driver/Src/stm32c0xx_hal_flash.o" --specs=nano.specs -mfloat-abi=soft -mthumb -o "Drivers/STM32C0xx_HAL_Driver/Src/stm32c0xx_hal_flash.o"
arm-none-eabi-gcc "../Drivers/STM32C0xx_HAL_Driver/Src/stm32c0xx_hal_flash_ex.c" -mcpu=cortex-m0plus -std=gnu11 -DNDEBUG -DUSE_HAL_DRIVER -DSTM32C011xx -DDEBUG -c -I../Core/Inc -I../Drivers/STM32C0xx_HAL_Driver/Inc -I../Drivers/STM32C0xx_HAL_Driver/Inc/Legacy -I../Drivers/CMSIS/Device/ST/STM32C0xx/Include -I../Drivers/CMSIS/Include -Os -ffunction-sections -fdata-sections -Wall -fstack-usage -fcyclomatic-complexity -MMD -MP -MF"Drivers/STM32C0xx_HAL_Driver/Src/stm32c0xx_hal_flash_ex.d" -MT"Drivers/STM32C0xx_HAL_Driver/Src/stm32c0xx_hal_flash_ex.o" --specs=nano.specs -mfloat-abi=soft -mthumb -o "Drivers/STM32C0xx_HAL_Driver/Src/stm32c0xx_hal_flash_ex.o"
arm-none-eabi-gcc "../Drivers/STM32C0xx_HAL_Driver/Src/stm32c0xx_hal_gpio.c" -mcpu=cortex-m0plus -std=gnu11 -DNDEBUG -DUSE_HAL_DRIVER -DSTM32C011xx -DDEBUG -c -I../Core/Inc -I../Drivers/STM32C0xx_HAL_Driver/Inc -I../Drivers/STM32C0xx_HAL_Driver/Inc/Legacy -I../Drivers/CMSIS/Device/ST/STM32C0xx/Include -I../Drivers/CMSIS/Include -Os -ffunction-sections -fdata-sections -Wall -fstack-usage -fcyclomatic-complexity -MMD -MP -MF"Drivers/STM32C0xx_HAL_Driver/Src/stm32c0xx_hal_gpio.d" -MT"Drivers/STM32C0xx_HAL_Driver/Src/stm32c0xx_hal_gpio.o" --specs=nano.specs -mfloat-abi=soft -mthumb -o "Drivers/STM32C0xx_HAL_Driver/Src/stm32c0xx_hal_gpio.o"
arm-none-eabi-gcc "../Drivers/STM32C0xx_HAL_Driver/Src/stm32c0xx_hal_pwr.c" -mcpu=cortex-m0plus -std=gnu11 -DNDEBUG -DUSE_HAL_DRIVER -DSTM32C011xx -DDEBUG -c -I../Core/Inc -I../Drivers/STM32C0xx_HAL_Driver/Inc -I../Drivers/STM32C0xx_HAL_Driver/Inc/Legacy -I../Drivers/CMSIS/Device/ST/STM32C0xx/Include -I../Drivers/CMSIS/Include -Os -ffunction-sections -fdata-sections -Wall -fstack-usage -fcyclomatic-complexity -MMD -MP -MF"Drivers/STM32C0xx_HAL_Driver/Src/stm32c0xx_hal_pwr.d" -MT"Drivers/STM32C0xx_HAL_Driver/Src/stm32c0xx_hal_pwr.o" --specs=nano.specs -mfloat-abi=soft -mthumb -o "Drivers/STM32C0xx_HAL_Driver/Src/stm32c0xx_hal_pwr.o"
arm-none-eabi-gcc "../Drivers/STM32C0xx_HAL_Driver/Src/stm32c0xx_hal_pwr_ex.c" -mcpu=cortex-m0plus -std=gnu11 -DNDEBUG -DUSE_HAL_DRIVER -DSTM32C011xx -DDEBUG -c -I../Core/Inc -I../Drivers/STM32C0xx_HAL_Driver/Inc -I../Drivers/STM32C0xx_HAL_Driver/Inc/Legacy -I../Drivers/CMSIS/Device/ST/STM32C0xx/Include -I../Drivers/CMSIS/Include -Os -ffunction-sections -fdata-sections -Wall -fstack-usage -fcyclomatic-complexity -MMD -MP -MF"Drivers/STM32C0xx_HAL_Driver/Src/stm32c0xx_hal_pwr_ex.d" -MT"Drivers/STM32C0xx_HAL_Driver/Src/stm32c0xx_hal_pwr_ex.o" --specs=nano.specs -mfloat-abi=soft -mthumb -o "Drivers/STM32C0xx_HAL_Driver/Src/stm32c0xx_hal_pwr_ex.o"
arm-none-eabi-gcc "../Drivers/STM32C0xx_HAL_Driver/Src/stm32c0xx_hal_rcc.c" -mcpu=cortex-m0plus -std=gnu11 -DNDEBUG -DUSE_HAL_DRIVER -DSTM32C011xx -DDEBUG -c -I../Core/Inc -I../Drivers/STM32C0xx_HAL_Driver/Inc -I../Drivers/STM32C0xx_HAL_Driver/Inc/Legacy -I../Drivers/CMSIS/Device/ST/STM32C0xx/Include -I../Drivers/CMSIS/Include -Os -ffunction-sections -fdata-sections -Wall -fstack-usage -fcyclomatic-complexity -MMD -MP -MF"Drivers/STM32C0xx_HAL_Driver/Src/stm32c0xx_hal_rcc.d" -MT"Drivers/STM32C0xx_HAL_Driver/Src/stm32c0xx_hal_rcc.o" --specs=nano.specs -mfloat-abi=soft -mthumb -o "Drivers/STM32C0xx_HAL_Driver/Src/stm32c0xx_hal_rcc.o"
arm-none-eabi-gcc "../Drivers/STM32C0xx_HAL_Driver/Src/stm32c0xx_hal_rcc_ex.c" -mcpu=cortex-m0plus -std=gnu11 -DNDEBUG -DUSE_HAL_DRIVER -DSTM32C011xx -DDEBUG -c -I../Core/Inc -I../Drivers/STM32C0xx_HAL_Driver/Inc -I../Drivers/STM32C0xx_HAL_Driver/Inc/Legacy -I../Drivers/CMSIS/Device/ST/STM32C0xx/Include -I../Drivers/CMSIS/Include -Os -ffunction-sections -fdata-sections -Wall -fstack-usage -fcyclomatic-complexity -MMD -MP -MF"Drivers/STM32C0xx_HAL_Driver/Src/stm32c0xx_hal_rcc_ex.d" -MT"Drivers/STM32C0xx_HAL_Driver/Src/stm32c0xx_hal_rcc_ex.o" --specs=nano.specs -mfloat-abi=soft -mthumb -o "Drivers/STM32C0xx_HAL_Driver/Src/stm32c0xx_hal_rcc_ex.o"
arm-none-eabi-gcc "../Drivers/STM32C0xx_HAL_Driver/Src/stm32c0xx_hal_tim.c" -mcpu=cortex-m0plus -std=gnu11 -DNDEBUG -DUSE_HAL_DRIVER -DSTM32C011xx -DDEBUG -c -I../Core/Inc -I../Drivers/STM32C0xx_HAL_Driver/Inc -I../Drivers/STM32C0xx_HAL_Driver/Inc/Legacy -I../Drivers/CMSIS/Device/ST/STM32C0xx/Include -I../Drivers/CMSIS/Include -Os -ffunction-sections -fdata-sections -Wall -fstack-usage -fcyclomatic-complexity -MMD -MP -MF"Drivers/STM32C0xx_HAL_Driver/Src/stm32c0xx_hal_tim.d" -MT"Drivers/STM32C0xx_HAL_Driver/Src/stm32c0xx_hal_tim.o" --specs=nano.specs -mfloat-abi=soft -mthumb -o "Drivers/STM32C0xx_HAL_Driver/Src/stm32c0xx_hal_tim.o"
arm-none-eabi-gcc "../Drivers/STM32C0xx_HAL_Driver/Src/stm32c0xx_hal_tim_ex.c" -mcpu=cortex-m0plus -std=gnu11 -DNDEBUG -DUSE_HAL_DRIVER -DSTM32C011xx -DDEBUG -c -I../Core/Inc -I../Drivers/STM32C0xx_HAL_Driver/Inc -I../Drivers/STM32C0xx_HAL_Driver/Inc/Legacy -I../Drivers/CMSIS/Device/ST/STM32C0xx/Include -I../Drivers/CMSIS/Include -Os -ffunction-sections -fdata-sections -Wall -fstack-usage -fcyclomatic-complexity -MMD -MP -MF"Drivers/STM32C0xx_HAL_Driver/Src/stm32c0xx_hal_tim_ex.d" -MT"Drivers/STM32C0xx_HAL_Driver/Src/stm32c0xx_hal_tim_ex.o" --specs=nano.specs -mfloat-abi=soft -mthumb -o "Drivers/STM32C0xx_HAL_Driver/Src/stm32c0xx_hal_tim_ex.o"
arm-none-eabi-gcc "../Drivers/STM32C0xx_HAL_Driver/Src/stm32c0xx_hal_uart.c" -mcpu=cortex-m0plus -std=gnu11 -DNDEBUG -DUSE_HAL_DRIVER -DSTM32C011xx -DDEBUG -c -I../Core/Inc -I../Drivers/STM32C0xx_HAL_Driver/Inc -I../Drivers/STM32C0xx_HAL_Driver/Inc/Legacy -I../Drivers/CMSIS/Device/ST/STM32C0xx/Include -I../Drivers/CMSIS/Include -Os -ffunction-sections -fdata-sections -Wall -fstack-usage -fcyclomatic-complexity -MMD -MP -MF"Drivers/STM32C0xx_HAL_Driver/Src/stm32c0xx_hal_uart.d" -MT"Drivers/STM32C0xx_HAL_Driver/Src/stm32c0xx_hal_uart.o" --specs=nano.specs -mfloat-abi=soft -mthumb -o "Drivers/STM32C0xx_HAL_Driver/Src/stm32c0xx_hal_uart.o"
arm-none-eabi-gcc "../Drivers/STM32C0xx_HAL_Driver/Src/stm32c0xx_hal_uart_ex.c" -mcpu=cortex-m0plus -std=gnu11 -DNDEBUG -DUSE_HAL_DRIVER -DSTM32C011xx -DDEBUG -c -I../Core/Inc -I../Drivers/STM32C0xx_HAL_Driver/Inc -I../Drivers/STM32C0xx_HAL_Driver/Inc/Legacy -I../Drivers/CMSIS/Device/ST/STM32C0xx/Include -I../Drivers/CMSIS/Include -Os -ffunction-sections -fdata-sections -Wall -fstack-usage -fcyclomatic-complexity -MMD -MP -MF"Drivers/STM32C0xx_HAL_Driver/Src/stm32c0xx_hal_uart_ex.d" -MT"Drivers/STM32C0xx_HAL_Driver/Src/stm32c0xx_hal_uart_ex.o" --specs=nano.specs -mfloat-abi=soft -mthumb -o "Drivers/STM32C0xx_HAL_Driver/Src/stm32c0xx_hal_uart_ex.o"
arm-none-eabi-gcc -mcpu=cortex-m0plus -DDEBUG -c -x assembler-with-cpp -MMD -MP -MF"Core/Startup/startup_stm32c011f4ux.d" -MT"Core/Startup/startup_stm32c011f4ux.o" --specs=nano.specs -mfloat-abi=soft -mthumb -o "Core/Startup/startup_stm32c011f4ux.o" "../Core/Startup/startup_stm32c011f4ux.s"
arm-none-eabi-gcc "../Core/Src/main.c" -mcpu=cortex-m0plus -std=gnu11 -DNDEBUG -DUSE_HAL_DRIVER -DSTM32C011xx -DDEBUG -c -I../Core/Inc -I../Drivers/STM32C0xx_HAL_Driver/Inc -I../Drivers/STM32C0xx_HAL_Driver/Inc/Legacy -I../Drivers/CMSIS/Device/ST/STM32C0xx/Include -I../Drivers/CMSIS/Include -Os -ffunction-sections -fdata-sections -Wall -fstack-usage -fcyclomatic-complexity -MMD -MP -MF"Core/Src/main.d" -MT"Core/Src/main.o" --specs=nano.specs -mfloat-abi=soft -mthumb -o "Core/Src/main.o"
arm-none-eabi-gcc "../Core/Src/stm32c0xx_hal_msp.c" -mcpu=cortex-m0plus -std=gnu11 -DNDEBUG -DUSE_HAL_DRIVER -DSTM32C011xx -DDEBUG -c -I../Core/Inc -I../Drivers/STM32C0xx_HAL_Driver/Inc -I../Drivers/STM32C0xx_HAL_Driver/Inc/Legacy -I../Drivers/CMSIS/Device/ST/STM32C0xx/Include -I../Drivers/CMSIS/Include -Os -ffunction-sections -fdata-sections -Wall -fstack-usage -fcyclomatic-complexity -MMD -MP -MF"Core/Src/stm32c0xx_hal_msp.d" -MT"Core/Src/stm32c0xx_hal_msp.o" --specs=nano.specs -mfloat-abi=soft -mthumb -o "Core/Src/stm32c0xx_hal_msp.o"
arm-none-eabi-gcc "../Core/Src/stm32c0xx_it.c" -mcpu=cortex-m0plus -std=gnu11 -DNDEBUG -DUSE_HAL_DRIVER -DSTM32C011xx -DDEBUG -c -I../Core/Inc -I../Drivers/STM32C0xx_HAL_Driver/Inc -I../Drivers/STM32C0xx_HAL_Driver/Inc/Legacy -I../Drivers/CMSIS/Device/ST/STM32C0xx/Include -I../Drivers/CMSIS/Include -Os -ffunction-sections -fdata-sections -Wall -fstack-usage -fcyclomatic-complexity -MMD -MP -MF"Core/Src/stm32c0xx_it.d" -MT"Core/Src/stm32c0xx_it.o" --specs=nano.specs -mfloat-abi=soft -mthumb -o "Core/Src/stm32c0xx_it.o"
arm-none-eabi-gcc "../Core/Src/syscalls.c" -mcpu=cortex-m0plus -std=gnu11 -DNDEBUG -DUSE_HAL_DRIVER -DSTM32C011xx -DDEBUG -c -I../Core/Inc -I../Drivers/STM32C0xx_HAL_Driver/Inc -I../Drivers/STM32C0xx_HAL_Driver/Inc/Legacy -I../Drivers/CMSIS/Device/ST/STM32C0xx/Include -I../Drivers/CMSIS/Include -Os -ffunction-sections -fdata-sections -Wall -fstack-usage -fcyclomatic-complexity -MMD -MP -MF"Core/Src/syscalls.d" -MT"Core/Src/syscalls.o" --specs=nano.specs -mfloat-abi=soft -mthumb -o "Core/Src/syscalls.o"
arm-none-eabi-gcc "../Core/Src/sysmem.c" -mcpu=cortex-m0plus -std=gnu11 -DNDEBUG -DUSE_HAL_DRIVER -DSTM32C011xx -DDEBUG -c -I../Core/Inc -I../Drivers/STM32C0xx_HAL_Driver/Inc -I../Drivers/STM32C0xx_HAL_Driver/Inc/Legacy -I../Drivers/CMSIS/Device/ST/STM32C0xx/Include -I../Drivers/CMSIS/Include -Os -ffunction-sections -fdata-sections -Wall -fstack-usage -fcyclomatic-complexity -MMD -MP -MF"Core/Src/sysmem.d" -MT"Core/Src/sysmem.o" --specs=nano.specs -mfloat-abi=soft -mthumb -o "Core/Src/sysmem.o"
../Core/Src/main.c: In function 'load_persistent_data':
../Core/Src/main.c:253:9: warning: implicit declaration of function 'memcpy' [-Wimplicit-function-declaration]
  253 |         memcpy(&config, flash_data, sizeof(PersistentConfig));
      |         ^~~~~~
../Core/Src/main.c:26:1: note: include '<string.h>' or provide a declaration of 'memcpy'
   25 | #include <stdlib.h>
  +++ |+#include <string.h>
   26 | /* USER CODE END Includes */
../Core/Src/main.c:253:9: warning: incompatible implicit declaration of built-in function 'memcpy' [-Wbuiltin-declaration-mismatch]
  253 |         memcpy(&config, flash_data, sizeof(PersistentConfig));
      |         ^~~~~~
../Core/Src/main.c:253:9: note: include '<string.h>' or provide a declaration of 'memcpy'
../Core/Src/main.c: In function 'main':
../Core/Src/main.c:379:38: warning: passing argument 1 of 'validate_command' discards 'volatile' qualifier from pointer target type [-Wdiscarded-qualifiers]
  379 |     uint8_t valid = validate_command(command_buffer, command_int);
      |                                      ^~~~~~~~~~~~~~
../Core/Src/main.c:289:35: note: expected 'uint8_t *' {aka 'unsigned char *'} but argument is of type 'volatile uint8_t *' {aka 'volatile unsigned char *'}
  289 | uint8_t validate_command(uint8_t *buf, uint8_t command_int) {
      |                          ~~~~~~~~~^~~
arm-none-eabi-gcc "../Core/Src/system_stm32c0xx.c" -mcpu=cortex-m0plus -std=gnu11 -DNDEBUG -DUSE_HAL_DRIVER -DSTM32C011xx -DDEBUG -c -I../Core/Inc -I../Drivers/STM32C0xx_HAL_Driver/Inc -I../Drivers/STM32C0xx_HAL_Driver/Inc/Legacy -I../Drivers/CMSIS/Device/ST/STM32C0xx/Include -I../Drivers/CMSIS/Include -Os -ffunction-sections -fdata-sections -Wall -fstack-usage -fcyclomatic-complexity -MMD -MP -MF"Core/Src/system_stm32c0xx.d" -MT"Core/Src/system_stm32c0xx.o" --specs=nano.specs -mfloat-abi=soft -mthumb -o "Core/Src/system_stm32c0xx.o"
arm-none-eabi-gcc -o "Compact DC Motor Driver.elf" @"objects.list"   -mcpu=cortex-m0plus -T"C:\Users\johnn\OneDrive\Documents\College\AIAA\Half Badger\Test Stand Code\2025-half-badger-test-stand\V4 - Full App Setup\valve_drivers\Compact DC Motor Driver\STM32C011F4UX_FLASH.ld" --specs=nosys.specs -Wl,-Map="Compact DC Motor Driver.map" -Wl,--gc-sections -static --specs=nano.specs -mfloat-abi=soft -mthumb -Wl,--start-group -lc -lm -Wl,--end-group
C:/ST/STM32CubeIDE_1.19.0/STM32CubeIDE/plugins/com.st.stm32cube.ide.mcu.externaltools.gnu-tools-for-stm32.13.3.rel1.win32_1.0.0.202411081344/tools/bin/../lib/gcc/arm-none-eabi/13.3.1/../../../../arm-none-eabi/bin/ld.exe: warning: Compact DC Motor Driver.elf has a LOAD segment with RWX permissions
Finished building target: Compact DC Motor Driver.elf
 
arm-none-eabi-size  Compact\ DC\ Motor\ Driver.elf 
arm-none-eabi-objdump -h -S Compact\ DC\ Motor\ Driver.elf  > "Compact DC Motor Driver.list"
   text	   data	    bss	    dec	    hex	filename
  12612	      0	   1856	  14468	   3884	Compact DC Motor Driver.elf
Finished building: default.size.stdout
 
Finished building: Compact DC Motor Driver.list
 
12:44:28 **** Build of configuration Debug for project Compact DC Motor Driver ****
make -j8 all 
arm-none-eabi-gcc "../Core/Src/main.c" -mcpu=cortex-m0plus -std=gnu11 -DNDEBUG -DUSE_HAL_DRIVER -DSTM32C011xx -DDEBUG -c -I../Core/Inc -I../Drivers/STM32C0xx_HAL_Driver/Inc -I../Drivers/STM32C0xx_HAL_Driver/Inc/Legacy -I../Drivers/CMSIS/Device/ST/STM32C0xx/Include -I../Drivers/CMSIS/Include -Os -ffunction-sections -fdata-sections -Wall -fstack-usage -fcyclomatic-complexity -MMD -MP -MF"Core/Src/main.d" -MT"Core/Src/main.o" --specs=nano.specs -mfloat-abi=soft -mthumb -o "Core/Src/main.o"
../Core/Src/main.c: In function 'load_persistent_data':
../Core/Src/main.c:253:9: warning: implicit declaration of function 'memcpy' [-Wimplicit-function-declaration]
  253 |         memcpy(&config, flash_data, sizeof(PersistentConfig));
      |         ^~~~~~
../Core/Src/main.c:26:1: note: include '<string.h>' or provide a declaration of 'memcpy'
   25 | #include <stdlib.h>
  +++ |+#include <string.h>
   26 | /* USER CODE END Includes */
../Core/Src/main.c:253:9: warning: incompatible implicit declaration of built-in function 'memcpy' [-Wbuiltin-declaration-mismatch]
  253 |         memcpy(&config, flash_data, sizeof(PersistentConfig));
      |         ^~~~~~
../Core/Src/main.c:253:9: note: include '<string.h>' or provide a declaration of 'memcpy'
../Core/Src/main.c: In function 'main':
../Core/Src/main.c:379:38: warning: passing argument 1 of 'validate_command' discards 'volatile' qualifier from pointer target type [-Wdiscarded-qualifiers]
  379 |     uint8_t valid = validate_command(command_buffer, command_int);
      |                                      ^~~~~~~~~~~~~~
../Core/Src/main.c:289:35: note: expected 'uint8_t *' {aka 'unsigned char *'} but argument is of type 'volatile uint8_t *' {aka 'volatile unsigned char *'}
  289 | uint8_t validate_command(uint8_t *buf, uint8_t command_int) {
      |                          ~~~~~~~~~^~~
arm-none-eabi-gcc -o "Compact DC Motor Driver.elf" @"objects.list"   -mcpu=cortex-m0plus -T"C:\Users\johnn\OneDrive\Documents\College\AIAA\Half Badger\Test Stand Code\2025-half-badger-test-stand\V4 - Full App Setup\valve_drivers\Compact DC Motor Driver\STM32C011F4UX_FLASH.ld" --specs=nosys.specs -Wl,-Map="Compact DC Motor Driver.map" -Wl,--gc-sections -static --specs=nano.specs -mfloat-abi=soft -mthumb -Wl,--start-group -lc -lm -Wl,--end-group
C:/ST/STM32CubeIDE_1.19.0/STM32CubeIDE/plugins/com.st.stm32cube.ide.mcu.externaltools.gnu-tools-for-stm32.13.3.rel1.win32_1.0.0.202411081344/tools/bin/../lib/gcc/arm-none-eabi/13.3.1/../../../../arm-none-eabi/bin/ld.exe: warning: Compact DC Motor Driver.elf has a LOAD segment with RWX permissions
Finished building target: Compact DC Motor Driver.elf
 
arm-none-eabi-size  Compact\ DC\ Motor\ Driver.elf 
arm-none-eabi-objdump -h -S Compact\ DC\ Motor\ Driver.elf  > "Compact DC Motor Driver.list"
   text	   data	    bss	    dec	    hex	filename
  12604	      0	   1856	  14460	   387c	Compact DC Motor Driver.elf
Finished building: default.size.stdout
 
Finished building: Compact DC Motor Driver.list
 
12:45:21 **** Incremental Build of configuration Debug for project Compact DC Motor Driver ****
make -j8 all 
arm-none-eabi-size  Compact\ DC\ Motor\ Driver.elf 
   text	   data	    bss	    dec	    hex	filename
  12604	      0	   1856	  14460	   387c	Compact DC Motor Driver.elf
Finished building: default.size.stdout
 
12:47:28 **** Incremental Build of configuration Debug for project Compact DC Motor Driver ****
make -j8 all 
arm-none-eabi-gcc "../Core/Src/main.c" -mcpu=cortex-m0plus -std=gnu11 -DNDEBUG -DUSE_HAL_DRIVER -DSTM32C011xx -DDEBUG -c -I../Core/Inc -I../Drivers/STM32C0xx_HAL_Driver/Inc -I../Drivers/STM32C0xx_HAL_Driver/Inc/Legacy -I../Drivers/CMSIS/Device/ST/STM32C0xx/Include -I../Drivers/CMSIS/Include -Os -ffunction-sections -fdata-sections -Wall -fstack-usage -fcyclomatic-complexity -MMD -MP -MF"Core/Src/main.d" -MT"Core/Src/main.o" --specs=nano.specs -mfloat-abi=soft -mthumb -o "Core/Src/main.o"
../Core/Src/main.c: In function 'load_persistent_data':
../Core/Src/main.c:253:9: warning: implicit declaration of function 'memcpy' [-Wimplicit-function-declaration]
  253 |         memcpy(&config, flash_data, sizeof(PersistentConfig));
      |         ^~~~~~
../Core/Src/main.c:26:1: note: include '<string.h>' or provide a declaration of 'memcpy'
   25 | #include <stdlib.h>
  +++ |+#include <string.h>
   26 | /* USER CODE END Includes */
../Core/Src/main.c:253:9: warning: incompatible implicit declaration of built-in function 'memcpy' [-Wbuiltin-declaration-mismatch]
  253 |         memcpy(&config, flash_data, sizeof(PersistentConfig));
      |         ^~~~~~
../Core/Src/main.c:253:9: note: include '<string.h>' or provide a declaration of 'memcpy'
../Core/Src/main.c: In function 'main':
../Core/Src/main.c:379:38: warning: passing argument 1 of 'validate_command' discards 'volatile' qualifier from pointer target type [-Wdiscarded-qualifiers]
  379 |     uint8_t valid = validate_command(command_buffer, command_int);
      |                                      ^~~~~~~~~~~~~~
../Core/Src/main.c:289:35: note: expected 'uint8_t *' {aka 'unsigned char *'} but argument is of type 'volatile uint8_t *' {aka 'volatile unsigned char *'}
  289 | uint8_t validate_command(uint8_t *buf, uint8_t command_int) {
      |                          ~~~~~~~~~^~~
arm-none-eabi-gcc -o "Compact DC Motor Driver.elf" @"objects.list"   -mcpu=cortex-m0plus -T"C:\Users\johnn\OneDrive\Documents\College\AIAA\Half Badger\Test Stand Code\2025-half-badger-test-stand\V4 - Full App Setup\valve_drivers\Compact DC Motor Driver\STM32C011F4UX_FLASH.ld" --specs=nosys.specs -Wl,-Map="Compact DC Motor Driver.map" -Wl,--gc-sections -static --specs=nano.specs -mfloat-abi=soft -mthumb -Wl,--start-group -lc -lm -Wl,--end-group
C:/ST/STM32CubeIDE_1.19.0/STM32CubeIDE/plugins/com.st.stm32cube.ide.mcu.externaltools.gnu-tools-for-stm32.13.3.rel1.win32_1.0.0.202411081344/tools/bin/../lib/gcc/arm-none-eabi/13.3.1/../../../../arm-none-eabi/bin/ld.exe: warning: Compact DC Motor Driver.elf has a LOAD segment with RWX permissions
Finished building target: Compact DC Motor Driver.elf
 
arm-none-eabi-size  Compact\ DC\ Motor\ Driver.elf 
arm-none-eabi-objdump -h -S Compact\ DC\ Motor\ Driver.elf  > "Compact DC Motor Driver.list"
   text	   data	    bss	    dec	    hex	filename
  12596	      0	   1856	  14452	   3874	Compact DC Motor Driver.elf
Finished building: default.size.stdout
 
Finished building: Compact DC Motor Driver.list
 
12:55:55 **** Incremental Build of configuration Debug for project Compact DC Motor Driver ****
make -j8 all 
arm-none-eabi-gcc "../Core/Src/main.c" -mcpu=cortex-m0plus -std=gnu11 -DNDEBUG -DUSE_HAL_DRIVER -DSTM32C011xx -DDEBUG -c -I../Core/Inc -I../Drivers/STM32C0xx_HAL_Driver/Inc -I../Drivers/STM32C0xx_HAL_Driver/Inc/Legacy -I../Drivers/CMSIS/Device/ST/STM32C0xx/Include -I../Drivers/CMSIS/Include -Os -ffunction-sections -fdata-sections -Wall -fstack-usage -fcyclomatic-complexity -MMD -MP -MF"Core/Src/main.d" -MT"Core/Src/main.o" --specs=nano.specs -mfloat-abi=soft -mthumb -o "Core/Src/main.o"
../Core/Src/main.c:102:16: warning: overflow in conversion from 'int' to 'int8_t' {aka 'signed char'} changes value from '9999' to '15' [-Woverflow]
  102 | int8_t alpha = 9999;
      |                ^~~~
../Core/Src/main.c: In function 'load_persistent_data':
../Core/Src/main.c:253:9: warning: implicit declaration of function 'memcpy' [-Wimplicit-function-declaration]
  253 |         memcpy(&config, flash_data, sizeof(PersistentConfig));
      |         ^~~~~~
../Core/Src/main.c:26:1: note: include '<string.h>' or provide a declaration of 'memcpy'
   25 | #include <stdlib.h>
  +++ |+#include <string.h>
   26 | /* USER CODE END Includes */
../Core/Src/main.c:253:9: warning: incompatible implicit declaration of built-in function 'memcpy' [-Wbuiltin-declaration-mismatch]
  253 |         memcpy(&config, flash_data, sizeof(PersistentConfig));
      |         ^~~~~~
../Core/Src/main.c:253:9: note: include '<string.h>' or provide a declaration of 'memcpy'
../Core/Src/main.c: In function 'main':
../Core/Src/main.c:379:38: warning: passing argument 1 of 'validate_command' discards 'volatile' qualifier from pointer target type [-Wdiscarded-qualifiers]
  379 |     uint8_t valid = validate_command(command_buffer, command_int);
      |                                      ^~~~~~~~~~~~~~
../Core/Src/main.c:289:35: note: expected 'uint8_t *' {aka 'unsigned char *'} but argument is of type 'volatile uint8_t *' {aka 'volatile unsigned char *'}
  289 | uint8_t validate_command(uint8_t *buf, uint8_t command_int) {
      |                          ~~~~~~~~~^~~
arm-none-eabi-gcc -o "Compact DC Motor Driver.elf" @"objects.list"   -mcpu=cortex-m0plus -T"C:\Users\johnn\OneDrive\Documents\College\AIAA\Half Badger\Test Stand Code\2025-half-badger-test-stand\V4 - Full App Setup\valve_drivers\Compact DC Motor Driver\STM32C011F4UX_FLASH.ld" --specs=nosys.specs -Wl,-Map="Compact DC Motor Driver.map" -Wl,--gc-sections -static --specs=nano.specs -mfloat-abi=soft -mthumb -Wl,--start-group -lc -lm -Wl,--end-group
C:/ST/STM32CubeIDE_1.19.0/STM32CubeIDE/plugins/com.st.stm32cube.ide.mcu.externaltools.gnu-tools-for-stm32.13.3.rel1.win32_1.0.0.202411081344/tools/bin/../lib/gcc/arm-none-eabi/13.3.1/../../../../arm-none-eabi/bin/ld.exe: warning: Compact DC Motor Driver.elf has a LOAD segment with RWX permissions
Finished building target: Compact DC Motor Driver.elf
 
arm-none-eabi-size  Compact\ DC\ Motor\ Driver.elf 
arm-none-eabi-objdump -h -S Compact\ DC\ Motor\ Driver.elf  > "Compact DC Motor Driver.list"
   text	   data	    bss	    dec	    hex	filename
  12596	      0	   1856	  14452	   3874	Compact DC Motor Driver.elf
Finished building: default.size.stdout
 
Finished building: Compact DC Motor Driver.list
 
13:00:22 **** Incremental Build of configuration Debug for project Compact DC Motor Driver ****
make -j8 all 
arm-none-eabi-gcc "../Core/Src/main.c" -mcpu=cortex-m0plus -std=gnu11 -DNDEBUG -DUSE_HAL_DRIVER -DSTM32C011xx -DDEBUG -c -I../Core/Inc -I../Drivers/STM32C0xx_HAL_Driver/Inc -I../Drivers/STM32C0xx_HAL_Driver/Inc/Legacy -I../Drivers/CMSIS/Device/ST/STM32C0xx/Include -I../Drivers/CMSIS/Include -Os -ffunction-sections -fdata-sections -Wall -fstack-usage -fcyclomatic-complexity -MMD -MP -MF"Core/Src/main.d" -MT"Core/Src/main.o" --specs=nano.specs -mfloat-abi=soft -mthumb -o "Core/Src/main.o"
../Core/Src/main.c:102:16: warning: overflow in conversion from 'int' to 'int8_t' {aka 'signed char'} changes value from '1000' to '-24' [-Woverflow]
  102 | int8_t alpha = 1000;
      |                ^~~~
../Core/Src/main.c: In function 'load_persistent_data':
../Core/Src/main.c:253:9: warning: implicit declaration of function 'memcpy' [-Wimplicit-function-declaration]
  253 |         memcpy(&config, flash_data, sizeof(PersistentConfig));
      |         ^~~~~~
../Core/Src/main.c:26:1: note: include '<string.h>' or provide a declaration of 'memcpy'
   25 | #include <stdlib.h>
  +++ |+#include <string.h>
   26 | /* USER CODE END Includes */
../Core/Src/main.c:253:9: warning: incompatible implicit declaration of built-in function 'memcpy' [-Wbuiltin-declaration-mismatch]
  253 |         memcpy(&config, flash_data, sizeof(PersistentConfig));
      |         ^~~~~~
../Core/Src/main.c:253:9: note: include '<string.h>' or provide a declaration of 'memcpy'
../Core/Src/main.c: In function 'main':
../Core/Src/main.c:379:38: warning: passing argument 1 of 'validate_command' discards 'volatile' qualifier from pointer target type [-Wdiscarded-qualifiers]
  379 |     uint8_t valid = validate_command(command_buffer, command_int);
      |                                      ^~~~~~~~~~~~~~
../Core/Src/main.c:289:35: note: expected 'uint8_t *' {aka 'unsigned char *'} but argument is of type 'volatile uint8_t *' {aka 'volatile unsigned char *'}
  289 | uint8_t validate_command(uint8_t *buf, uint8_t command_int) {
      |                          ~~~~~~~~~^~~
arm-none-eabi-gcc -o "Compact DC Motor Driver.elf" @"objects.list"   -mcpu=cortex-m0plus -T"C:\Users\johnn\OneDrive\Documents\College\AIAA\Half Badger\Test Stand Code\2025-half-badger-test-stand\V4 - Full App Setup\valve_drivers\Compact DC Motor Driver\STM32C011F4UX_FLASH.ld" --specs=nosys.specs -Wl,-Map="Compact DC Motor Driver.map" -Wl,--gc-sections -static --specs=nano.specs -mfloat-abi=soft -mthumb -Wl,--start-group -lc -lm -Wl,--end-group
C:/ST/STM32CubeIDE_1.19.0/STM32CubeIDE/plugins/com.st.stm32cube.ide.mcu.externaltools.gnu-tools-for-stm32.13.3.rel1.win32_1.0.0.202411081344/tools/bin/../lib/gcc/arm-none-eabi/13.3.1/../../../../arm-none-eabi/bin/ld.exe: warning: Compact DC Motor Driver.elf has a LOAD segment with RWX permissions
Finished building target: Compact DC Motor Driver.elf
 
arm-none-eabi-size  Compact\ DC\ Motor\ Driver.elf 
arm-none-eabi-objdump -h -S Compact\ DC\ Motor\ Driver.elf  > "Compact DC Motor Driver.list"
   text	   data	    bss	    dec	    hex	filename
  12588	      0	   1864	  14452	   3874	Compact DC Motor Driver.elf
Finished building: default.size.stdout
 
Finished building: Compact DC Motor Driver.list
 
13:01:14 **** Incremental Build of configuration Debug for project Compact DC Motor Driver ****
make -j8 all 
arm-none-eabi-gcc "../Core/Src/main.c" -mcpu=cortex-m0plus -std=gnu11 -DNDEBUG -DUSE_HAL_DRIVER -DSTM32C011xx -DDEBUG -c -I../Core/Inc -I../Drivers/STM32C0xx_HAL_Driver/Inc -I../Drivers/STM32C0xx_HAL_Driver/Inc/Legacy -I../Drivers/CMSIS/Device/ST/STM32C0xx/Include -I../Drivers/CMSIS/Include -Os -ffunction-sections -fdata-sections -Wall -fstack-usage -fcyclomatic-complexity -MMD -MP -MF"Core/Src/main.d" -MT"Core/Src/main.o" --specs=nano.specs -mfloat-abi=soft -mthumb -o "Core/Src/main.o"
../Core/Src/main.c: In function 'load_persistent_data':
../Core/Src/main.c:253:9: warning: implicit declaration of function 'memcpy' [-Wimplicit-function-declaration]
  253 |         memcpy(&config, flash_data, sizeof(PersistentConfig));
      |         ^~~~~~
../Core/Src/main.c:26:1: note: include '<string.h>' or provide a declaration of 'memcpy'
   25 | #include <stdlib.h>
  +++ |+#include <string.h>
   26 | /* USER CODE END Includes */
../Core/Src/main.c:253:9: warning: incompatible implicit declaration of built-in function 'memcpy' [-Wbuiltin-declaration-mismatch]
  253 |         memcpy(&config, flash_data, sizeof(PersistentConfig));
      |         ^~~~~~
../Core/Src/main.c:253:9: note: include '<string.h>' or provide a declaration of 'memcpy'
../Core/Src/main.c: In function 'main':
../Core/Src/main.c:379:38: warning: passing argument 1 of 'validate_command' discards 'volatile' qualifier from pointer target type [-Wdiscarded-qualifiers]
  379 |     uint8_t valid = validate_command(command_buffer, command_int);
      |                                      ^~~~~~~~~~~~~~
../Core/Src/main.c:289:35: note: expected 'uint8_t *' {aka 'unsigned char *'} but argument is of type 'volatile uint8_t *' {aka 'volatile unsigned char *'}
  289 | uint8_t validate_command(uint8_t *buf, uint8_t command_int) {
      |                          ~~~~~~~~~^~~
arm-none-eabi-gcc -o "Compact DC Motor Driver.elf" @"objects.list"   -mcpu=cortex-m0plus -T"C:\Users\johnn\OneDrive\Documents\College\AIAA\Half Badger\Test Stand Code\2025-half-badger-test-stand\V4 - Full App Setup\valve_drivers\Compact DC Motor Driver\STM32C011F4UX_FLASH.ld" --specs=nosys.specs -Wl,-Map="Compact DC Motor Driver.map" -Wl,--gc-sections -static --specs=nano.specs -mfloat-abi=soft -mthumb -Wl,--start-group -lc -lm -Wl,--end-group
C:/ST/STM32CubeIDE_1.19.0/STM32CubeIDE/plugins/com.st.stm32cube.ide.mcu.externaltools.gnu-tools-for-stm32.13.3.rel1.win32_1.0.0.202411081344/tools/bin/../lib/gcc/arm-none-eabi/13.3.1/../../../../arm-none-eabi/bin/ld.exe: warning: Compact DC Motor Driver.elf has a LOAD segment with RWX permissions
Finished building target: Compact DC Motor Driver.elf
 
arm-none-eabi-size  Compact\ DC\ Motor\ Driver.elf 
arm-none-eabi-objdump -h -S Compact\ DC\ Motor\ Driver.elf  > "Compact DC Motor Driver.list"
   text	   data	    bss	    dec	    hex	filename
  12592	      0	   1860	  14452	   3874	Compact DC Motor Driver.elf
Finished building: default.size.stdout
 
Finished building: Compact DC Motor Driver.list
 
13:01:35 **** Incremental Build of configuration Debug for project Compact DC Motor Driver ****
make -j8 all 
arm-none-eabi-gcc "../Core/Src/main.c" -mcpu=cortex-m0plus -std=gnu11 -DNDEBUG -DUSE_HAL_DRIVER -DSTM32C011xx -DDEBUG -c -I../Core/Inc -I../Drivers/STM32C0xx_HAL_Driver/Inc -I../Drivers/STM32C0xx_HAL_Driver/Inc/Legacy -I../Drivers/CMSIS/Device/ST/STM32C0xx/Include -I../Drivers/CMSIS/Include -Os -ffunction-sections -fdata-sections -Wall -fstack-usage -fcyclomatic-complexity -MMD -MP -MF"Core/Src/main.d" -MT"Core/Src/main.o" --specs=nano.specs -mfloat-abi=soft -mthumb -o "Core/Src/main.o"
../Core/Src/main.c: In function 'load_persistent_data':
../Core/Src/main.c:253:9: warning: implicit declaration of function 'memcpy' [-Wimplicit-function-declaration]
  253 |         memcpy(&config, flash_data, sizeof(PersistentConfig));
      |         ^~~~~~
../Core/Src/main.c:26:1: note: include '<string.h>' or provide a declaration of 'memcpy'
   25 | #include <stdlib.h>
  +++ |+#include <string.h>
   26 | /* USER CODE END Includes */
../Core/Src/main.c:253:9: warning: incompatible implicit declaration of built-in function 'memcpy' [-Wbuiltin-declaration-mismatch]
  253 |         memcpy(&config, flash_data, sizeof(PersistentConfig));
      |         ^~~~~~
../Core/Src/main.c:253:9: note: include '<string.h>' or provide a declaration of 'memcpy'
../Core/Src/main.c: In function 'main':
../Core/Src/main.c:379:38: warning: passing argument 1 of 'validate_command' discards 'volatile' qualifier from pointer target type [-Wdiscarded-qualifiers]
  379 |     uint8_t valid = validate_command(command_buffer, command_int);
      |                                      ^~~~~~~~~~~~~~
../Core/Src/main.c:289:35: note: expected 'uint8_t *' {aka 'unsigned char *'} but argument is of type 'volatile uint8_t *' {aka 'volatile unsigned char *'}
  289 | uint8_t validate_command(uint8_t *buf, uint8_t command_int) {
      |                          ~~~~~~~~~^~~
arm-none-eabi-gcc -o "Compact DC Motor Driver.elf" @"objects.list"   -mcpu=cortex-m0plus -T"C:\Users\johnn\OneDrive\Documents\College\AIAA\Half Badger\Test Stand Code\2025-half-badger-test-stand\V4 - Full App Setup\valve_drivers\Compact DC Motor Driver\STM32C011F4UX_FLASH.ld" --specs=nosys.specs -Wl,-Map="Compact DC Motor Driver.map" -Wl,--gc-sections -static --specs=nano.specs -mfloat-abi=soft -mthumb -Wl,--start-group -lc -lm -Wl,--end-group
C:/ST/STM32CubeIDE_1.19.0/STM32CubeIDE/plugins/com.st.stm32cube.ide.mcu.externaltools.gnu-tools-for-stm32.13.3.rel1.win32_1.0.0.202411081344/tools/bin/../lib/gcc/arm-none-eabi/13.3.1/../../../../arm-none-eabi/bin/ld.exe: warning: Compact DC Motor Driver.elf has a LOAD segment with RWX permissions
Finished building target: Compact DC Motor Driver.elf
 
arm-none-eabi-size  Compact\ DC\ Motor\ Driver.elf 
arm-none-eabi-objdump -h -S Compact\ DC\ Motor\ Driver.elf  > "Compact DC Motor Driver.list"
   text	   data	    bss	    dec	    hex	filename
  12592	      0	   1860	  14452	   3874	Compact DC Motor Driver.elf
Finished building: default.size.stdout
 
Finished building: Compact DC Motor Driver.list
 
13:03:55 **** Incremental Build of configuration Debug for project Compact DC Motor Driver ****
make -j8 all 
arm-none-eabi-gcc "../Core/Src/main.c" -mcpu=cortex-m0plus -std=gnu11 -DNDEBUG -DUSE_HAL_DRIVER -DSTM32C011xx -DDEBUG -c -I../Core/Inc -I../Drivers/STM32C0xx_HAL_Driver/Inc -I../Drivers/STM32C0xx_HAL_Driver/Inc/Legacy -I../Drivers/CMSIS/Device/ST/STM32C0xx/Include -I../Drivers/CMSIS/Include -Os -ffunction-sections -fdata-sections -Wall -fstack-usage -fcyclomatic-complexity -MMD -MP -MF"Core/Src/main.d" -MT"Core/Src/main.o" --specs=nano.specs -mfloat-abi=soft -mthumb -o "Core/Src/main.o"
../Core/Src/main.c: In function 'load_persistent_data':
../Core/Src/main.c:253:9: warning: implicit declaration of function 'memcpy' [-Wimplicit-function-declaration]
  253 |         memcpy(&config, flash_data, sizeof(PersistentConfig));
      |         ^~~~~~
../Core/Src/main.c:26:1: note: include '<string.h>' or provide a declaration of 'memcpy'
   25 | #include <stdlib.h>
  +++ |+#include <string.h>
   26 | /* USER CODE END Includes */
../Core/Src/main.c:253:9: warning: incompatible implicit declaration of built-in function 'memcpy' [-Wbuiltin-declaration-mismatch]
  253 |         memcpy(&config, flash_data, sizeof(PersistentConfig));
      |         ^~~~~~
../Core/Src/main.c:253:9: note: include '<string.h>' or provide a declaration of 'memcpy'
../Core/Src/main.c: In function 'main':
../Core/Src/main.c:379:38: warning: passing argument 1 of 'validate_command' discards 'volatile' qualifier from pointer target type [-Wdiscarded-qualifiers]
  379 |     uint8_t valid = validate_command(command_buffer, command_int);
      |                                      ^~~~~~~~~~~~~~
../Core/Src/main.c:289:35: note: expected 'uint8_t *' {aka 'unsigned char *'} but argument is of type 'volatile uint8_t *' {aka 'volatile unsigned char *'}
  289 | uint8_t validate_command(uint8_t *buf, uint8_t command_int) {
      |                          ~~~~~~~~~^~~
arm-none-eabi-gcc -o "Compact DC Motor Driver.elf" @"objects.list"   -mcpu=cortex-m0plus -T"C:\Users\johnn\OneDrive\Documents\College\AIAA\Half Badger\Test Stand Code\2025-half-badger-test-stand\V4 - Full App Setup\valve_drivers\Compact DC Motor Driver\STM32C011F4UX_FLASH.ld" --specs=nosys.specs -Wl,-Map="Compact DC Motor Driver.map" -Wl,--gc-sections -static --specs=nano.specs -mfloat-abi=soft -mthumb -Wl,--start-group -lc -lm -Wl,--end-group
C:/ST/STM32CubeIDE_1.19.0/STM32CubeIDE/plugins/com.st.stm32cube.ide.mcu.externaltools.gnu-tools-for-stm32.13.3.rel1.win32_1.0.0.202411081344/tools/bin/../lib/gcc/arm-none-eabi/13.3.1/../../../../arm-none-eabi/bin/ld.exe: warning: Compact DC Motor Driver.elf has a LOAD segment with RWX permissions
Finished building target: Compact DC Motor Driver.elf
 
arm-none-eabi-size  Compact\ DC\ Motor\ Driver.elf 
arm-none-eabi-objdump -h -S Compact\ DC\ Motor\ Driver.elf  > "Compact DC Motor Driver.list"
   text	   data	    bss	    dec	    hex	filename
  12592	      0	   1860	  14452	   3874	Compact DC Motor Driver.elf
Finished building: default.size.stdout
 
Finished building: Compact DC Motor Driver.list
 
13:09:19 **** Incremental Build of configuration Debug for project Compact DC Motor Driver ****
make -j8 all 
arm-none-eabi-gcc "../Core/Src/main.c" -mcpu=cortex-m0plus -std=gnu11 -DNDEBUG -DUSE_HAL_DRIVER -DSTM32C011xx -DDEBUG -c -I../Core/Inc -I../Drivers/STM32C0xx_HAL_Driver/Inc -I../Drivers/STM32C0xx_HAL_Driver/Inc/Legacy -I../Drivers/CMSIS/Device/ST/STM32C0xx/Include -I../Drivers/CMSIS/Include -Os -ffunction-sections -fdata-sections -Wall -fstack-usage -fcyclomatic-complexity -MMD -MP -MF"Core/Src/main.d" -MT"Core/Src/main.o" --specs=nano.specs -mfloat-abi=soft -mthumb -o "Core/Src/main.o"
../Core/Src/main.c: In function 'load_persistent_data':
../Core/Src/main.c:253:9: warning: implicit declaration of function 'memcpy' [-Wimplicit-function-declaration]
  253 |         memcpy(&config, flash_data, sizeof(PersistentConfig));
      |         ^~~~~~
../Core/Src/main.c:26:1: note: include '<string.h>' or provide a declaration of 'memcpy'
   25 | #include <stdlib.h>
  +++ |+#include <string.h>
   26 | /* USER CODE END Includes */
../Core/Src/main.c:253:9: warning: incompatible implicit declaration of built-in function 'memcpy' [-Wbuiltin-declaration-mismatch]
  253 |         memcpy(&config, flash_data, sizeof(PersistentConfig));
      |         ^~~~~~
../Core/Src/main.c:253:9: note: include '<string.h>' or provide a declaration of 'memcpy'
../Core/Src/main.c: In function 'main':
../Core/Src/main.c:379:38: warning: passing argument 1 of 'validate_command' discards 'volatile' qualifier from pointer target type [-Wdiscarded-qualifiers]
  379 |     uint8_t valid = validate_command(command_buffer, command_int);
      |                                      ^~~~~~~~~~~~~~
../Core/Src/main.c:289:35: note: expected 'uint8_t *' {aka 'unsigned char *'} but argument is of type 'volatile uint8_t *' {aka 'volatile unsigned char *'}
  289 | uint8_t validate_command(uint8_t *buf, uint8_t command_int) {
      |                          ~~~~~~~~~^~~
arm-none-eabi-gcc -o "Compact DC Motor Driver.elf" @"objects.list"   -mcpu=cortex-m0plus -T"C:\Users\johnn\OneDrive\Documents\College\AIAA\Half Badger\Test Stand Code\2025-half-badger-test-stand\V4 - Full App Setup\valve_drivers\Compact DC Motor Driver\STM32C011F4UX_FLASH.ld" --specs=nosys.specs -Wl,-Map="Compact DC Motor Driver.map" -Wl,--gc-sections -static --specs=nano.specs -mfloat-abi=soft -mthumb -Wl,--start-group -lc -lm -Wl,--end-group
C:/ST/STM32CubeIDE_1.19.0/STM32CubeIDE/plugins/com.st.stm32cube.ide.mcu.externaltools.gnu-tools-for-stm32.13.3.rel1.win32_1.0.0.202411081344/tools/bin/../lib/gcc/arm-none-eabi/13.3.1/../../../../arm-none-eabi/bin/ld.exe: warning: Compact DC Motor Driver.elf has a LOAD segment with RWX permissions
Finished building target: Compact DC Motor Driver.elf
 
arm-none-eabi-size  Compact\ DC\ Motor\ Driver.elf 
arm-none-eabi-objdump -h -S Compact\ DC\ Motor\ Driver.elf  > "Compact DC Motor Driver.list"
   text	   data	    bss	    dec	    hex	filename
  12592	      0	   1860	  14452	   3874	Compact DC Motor Driver.elf
Finished building: default.size.stdout
 
Finished building: Compact DC Motor Driver.list
 
13:09:28 **** Incremental Build of configuration Debug for project Compact DC Motor Driver ****
make -j8 all 
arm-none-eabi-size  Compact\ DC\ Motor\ Driver.elf 
   text	   data	    bss	    dec	    hex	filename
  12592	      0	   1860	  14452	   3874	Compact DC Motor Driver.elf
Finished building: default.size.stdout
 
13:10:48 **** Incremental Build of configuration Debug for project Compact DC Motor Driver ****
make -j8 all 
arm-none-eabi-gcc "../Core/Src/main.c" -mcpu=cortex-m0plus -std=gnu11 -DNDEBUG -DUSE_HAL_DRIVER -DSTM32C011xx -DDEBUG -c -I../Core/Inc -I../Drivers/STM32C0xx_HAL_Driver/Inc -I../Drivers/STM32C0xx_HAL_Driver/Inc/Legacy -I../Drivers/CMSIS/Device/ST/STM32C0xx/Include -I../Drivers/CMSIS/Include -Os -ffunction-sections -fdata-sections -Wall -fstack-usage -fcyclomatic-complexity -MMD -MP -MF"Core/Src/main.d" -MT"Core/Src/main.o" --specs=nano.specs -mfloat-abi=soft -mthumb -o "Core/Src/main.o"
../Core/Src/main.c: In function 'load_persistent_data':
../Core/Src/main.c:253:9: warning: implicit declaration of function 'memcpy' [-Wimplicit-function-declaration]
  253 |         memcpy(&config, flash_data, sizeof(PersistentConfig));
      |         ^~~~~~
../Core/Src/main.c:26:1: note: include '<string.h>' or provide a declaration of 'memcpy'
   25 | #include <stdlib.h>
  +++ |+#include <string.h>
   26 | /* USER CODE END Includes */
../Core/Src/main.c:253:9: warning: incompatible implicit declaration of built-in function 'memcpy' [-Wbuiltin-declaration-mismatch]
  253 |         memcpy(&config, flash_data, sizeof(PersistentConfig));
      |         ^~~~~~
../Core/Src/main.c:253:9: note: include '<string.h>' or provide a declaration of 'memcpy'
../Core/Src/main.c: In function 'main':
../Core/Src/main.c:379:38: warning: passing argument 1 of 'validate_command' discards 'volatile' qualifier from pointer target type [-Wdiscarded-qualifiers]
  379 |     uint8_t valid = validate_command(command_buffer, command_int);
      |                                      ^~~~~~~~~~~~~~
../Core/Src/main.c:289:35: note: expected 'uint8_t *' {aka 'unsigned char *'} but argument is of type 'volatile uint8_t *' {aka 'volatile unsigned char *'}
  289 | uint8_t validate_command(uint8_t *buf, uint8_t command_int) {
      |                          ~~~~~~~~~^~~
arm-none-eabi-gcc -o "Compact DC Motor Driver.elf" @"objects.list"   -mcpu=cortex-m0plus -T"C:\Users\johnn\OneDrive\Documents\College\AIAA\Half Badger\Test Stand Code\2025-half-badger-test-stand\V4 - Full App Setup\valve_drivers\Compact DC Motor Driver\STM32C011F4UX_FLASH.ld" --specs=nosys.specs -Wl,-Map="Compact DC Motor Driver.map" -Wl,--gc-sections -static --specs=nano.specs -mfloat-abi=soft -mthumb -Wl,--start-group -lc -lm -Wl,--end-group
C:/ST/STM32CubeIDE_1.19.0/STM32CubeIDE/plugins/com.st.stm32cube.ide.mcu.externaltools.gnu-tools-for-stm32.13.3.rel1.win32_1.0.0.202411081344/tools/bin/../lib/gcc/arm-none-eabi/13.3.1/../../../../arm-none-eabi/bin/ld.exe: warning: Compact DC Motor Driver.elf has a LOAD segment with RWX permissions
Finished building target: Compact DC Motor Driver.elf
 
arm-none-eabi-size  Compact\ DC\ Motor\ Driver.elf 
arm-none-eabi-objdump -h -S Compact\ DC\ Motor\ Driver.elf  > "Compact DC Motor Driver.list"
   text	   data	    bss	    dec	    hex	filename
  12592	      0	   1860	  14452	   3874	Compact DC Motor Driver.elf
Finished building: default.size.stdout
 
Finished building: Compact DC Motor Driver.list
 
13:11:55 **** Incremental Build of configuration Debug for project Compact DC Motor Driver ****
make -j8 all 
arm-none-eabi-gcc "../Core/Src/main.c" -mcpu=cortex-m0plus -std=gnu11 -DNDEBUG -DUSE_HAL_DRIVER -DSTM32C011xx -DDEBUG -c -I../Core/Inc -I../Drivers/STM32C0xx_HAL_Driver/Inc -I../Drivers/STM32C0xx_HAL_Driver/Inc/Legacy -I../Drivers/CMSIS/Device/ST/STM32C0xx/Include -I../Drivers/CMSIS/Include -Os -ffunction-sections -fdata-sections -Wall -fstack-usage -fcyclomatic-complexity -MMD -MP -MF"Core/Src/main.d" -MT"Core/Src/main.o" --specs=nano.specs -mfloat-abi=soft -mthumb -o "Core/Src/main.o"
../Core/Src/main.c: In function 'load_persistent_data':
../Core/Src/main.c:253:9: warning: implicit declaration of function 'memcpy' [-Wimplicit-function-declaration]
  253 |         memcpy(&config, flash_data, sizeof(PersistentConfig));
      |         ^~~~~~
../Core/Src/main.c:26:1: note: include '<string.h>' or provide a declaration of 'memcpy'
   25 | #include <stdlib.h>
  +++ |+#include <string.h>
   26 | /* USER CODE END Includes */
../Core/Src/main.c:253:9: warning: incompatible implicit declaration of built-in function 'memcpy' [-Wbuiltin-declaration-mismatch]
  253 |         memcpy(&config, flash_data, sizeof(PersistentConfig));
      |         ^~~~~~
../Core/Src/main.c:253:9: note: include '<string.h>' or provide a declaration of 'memcpy'
../Core/Src/main.c: In function 'main':
../Core/Src/main.c:379:38: warning: passing argument 1 of 'validate_command' discards 'volatile' qualifier from pointer target type [-Wdiscarded-qualifiers]
  379 |     uint8_t valid = validate_command(command_buffer, command_int);
      |                                      ^~~~~~~~~~~~~~
../Core/Src/main.c:289:35: note: expected 'uint8_t *' {aka 'unsigned char *'} but argument is of type 'volatile uint8_t *' {aka 'volatile unsigned char *'}
  289 | uint8_t validate_command(uint8_t *buf, uint8_t command_int) {
      |                          ~~~~~~~~~^~~
arm-none-eabi-gcc -o "Compact DC Motor Driver.elf" @"objects.list"   -mcpu=cortex-m0plus -T"C:\Users\johnn\OneDrive\Documents\College\AIAA\Half Badger\Test Stand Code\2025-half-badger-test-stand\V4 - Full App Setup\valve_drivers\Compact DC Motor Driver\STM32C011F4UX_FLASH.ld" --specs=nosys.specs -Wl,-Map="Compact DC Motor Driver.map" -Wl,--gc-sections -static --specs=nano.specs -mfloat-abi=soft -mthumb -Wl,--start-group -lc -lm -Wl,--end-group
C:/ST/STM32CubeIDE_1.19.0/STM32CubeIDE/plugins/com.st.stm32cube.ide.mcu.externaltools.gnu-tools-for-stm32.13.3.rel1.win32_1.0.0.202411081344/tools/bin/../lib/gcc/arm-none-eabi/13.3.1/../../../../arm-none-eabi/bin/ld.exe: warning: Compact DC Motor Driver.elf has a LOAD segment with RWX permissions
Finished building target: Compact DC Motor Driver.elf
 
arm-none-eabi-size  Compact\ DC\ Motor\ Driver.elf 
arm-none-eabi-objdump -h -S Compact\ DC\ Motor\ Driver.elf  > "Compact DC Motor Driver.list"
   text	   data	    bss	    dec	    hex	filename
  12592	      0	   1860	  14452	   3874	Compact DC Motor Driver.elf
Finished building: default.size.stdout
 
Finished building: Compact DC Motor Driver.list
 
13:20:08 **** Incremental Build of configuration Debug for project Compact DC Motor Driver ****
make -j8 all 
arm-none-eabi-gcc "../Core/Src/main.c" -mcpu=cortex-m0plus -std=gnu11 -DNDEBUG -DUSE_HAL_DRIVER -DSTM32C011xx -DDEBUG -c -I../Core/Inc -I../Drivers/STM32C0xx_HAL_Driver/Inc -I../Drivers/STM32C0xx_HAL_Driver/Inc/Legacy -I../Drivers/CMSIS/Device/ST/STM32C0xx/Include -I../Drivers/CMSIS/Include -Os -ffunction-sections -fdata-sections -Wall -fstack-usage -fcyclomatic-complexity -MMD -MP -MF"Core/Src/main.d" -MT"Core/Src/main.o" --specs=nano.specs -mfloat-abi=soft -mthumb -o "Core/Src/main.o"
../Core/Src/main.c: In function 'load_persistent_data':
../Core/Src/main.c:253:9: warning: implicit declaration of function 'memcpy' [-Wimplicit-function-declaration]
  253 |         memcpy(&config, flash_data, sizeof(PersistentConfig));
      |         ^~~~~~
../Core/Src/main.c:26:1: note: include '<string.h>' or provide a declaration of 'memcpy'
   25 | #include <stdlib.h>
  +++ |+#include <string.h>
   26 | /* USER CODE END Includes */
../Core/Src/main.c:253:9: warning: incompatible implicit declaration of built-in function 'memcpy' [-Wbuiltin-declaration-mismatch]
  253 |         memcpy(&config, flash_data, sizeof(PersistentConfig));
      |         ^~~~~~
../Core/Src/main.c:253:9: note: include '<string.h>' or provide a declaration of 'memcpy'
../Core/Src/main.c: In function 'main':
../Core/Src/main.c:379:38: warning: passing argument 1 of 'validate_command' discards 'volatile' qualifier from pointer target type [-Wdiscarded-qualifiers]
  379 |     uint8_t valid = validate_command(command_buffer, command_int);
      |                                      ^~~~~~~~~~~~~~
../Core/Src/main.c:289:35: note: expected 'uint8_t *' {aka 'unsigned char *'} but argument is of type 'volatile uint8_t *' {aka 'volatile unsigned char *'}
  289 | uint8_t validate_command(uint8_t *buf, uint8_t command_int) {
      |                          ~~~~~~~~~^~~
arm-none-eabi-gcc -o "Compact DC Motor Driver.elf" @"objects.list"   -mcpu=cortex-m0plus -T"C:\Users\johnn\OneDrive\Documents\College\AIAA\Half Badger\Test Stand Code\2025-half-badger-test-stand\V4 - Full App Setup\valve_drivers\Compact DC Motor Driver\STM32C011F4UX_FLASH.ld" --specs=nosys.specs -Wl,-Map="Compact DC Motor Driver.map" -Wl,--gc-sections -static --specs=nano.specs -mfloat-abi=soft -mthumb -Wl,--start-group -lc -lm -Wl,--end-group
C:/ST/STM32CubeIDE_1.19.0/STM32CubeIDE/plugins/com.st.stm32cube.ide.mcu.externaltools.gnu-tools-for-stm32.13.3.rel1.win32_1.0.0.202411081344/tools/bin/../lib/gcc/arm-none-eabi/13.3.1/../../../../arm-none-eabi/bin/ld.exe: warning: Compact DC Motor Driver.elf has a LOAD segment with RWX permissions
Finished building target: Compact DC Motor Driver.elf
 
arm-none-eabi-size  Compact\ DC\ Motor\ Driver.elf 
arm-none-eabi-objdump -h -S Compact\ DC\ Motor\ Driver.elf  > "Compact DC Motor Driver.list"
   text	   data	    bss	    dec	    hex	filename
  12592	      0	   1860	  14452	   3874	Compact DC Motor Driver.elf
Finished building: default.size.stdout
 
Finished building: Compact DC Motor Driver.list
 
13:21:59 **** Incremental Build of configuration Debug for project Compact DC Motor Driver ****
make -j8 all 
arm-none-eabi-gcc "../Core/Src/main.c" -mcpu=cortex-m0plus -std=gnu11 -DNDEBUG -DUSE_HAL_DRIVER -DSTM32C011xx -DDEBUG -c -I../Core/Inc -I../Drivers/STM32C0xx_HAL_Driver/Inc -I../Drivers/STM32C0xx_HAL_Driver/Inc/Legacy -I../Drivers/CMSIS/Device/ST/STM32C0xx/Include -I../Drivers/CMSIS/Include -Os -ffunction-sections -fdata-sections -Wall -fstack-usage -fcyclomatic-complexity -MMD -MP -MF"Core/Src/main.d" -MT"Core/Src/main.o" --specs=nano.specs -mfloat-abi=soft -mthumb -o "Core/Src/main.o"
../Core/Src/main.c: In function 'load_persistent_data':
../Core/Src/main.c:253:9: warning: implicit declaration of function 'memcpy' [-Wimplicit-function-declaration]
  253 |         memcpy(&config, flash_data, sizeof(PersistentConfig));
      |         ^~~~~~
../Core/Src/main.c:26:1: note: include '<string.h>' or provide a declaration of 'memcpy'
   25 | #include <stdlib.h>
  +++ |+#include <string.h>
   26 | /* USER CODE END Includes */
../Core/Src/main.c:253:9: warning: incompatible implicit declaration of built-in function 'memcpy' [-Wbuiltin-declaration-mismatch]
  253 |         memcpy(&config, flash_data, sizeof(PersistentConfig));
      |         ^~~~~~
../Core/Src/main.c:253:9: note: include '<string.h>' or provide a declaration of 'memcpy'
../Core/Src/main.c: In function 'main':
../Core/Src/main.c:379:38: warning: passing argument 1 of 'validate_command' discards 'volatile' qualifier from pointer target type [-Wdiscarded-qualifiers]
  379 |     uint8_t valid = validate_command(command_buffer, command_int);
      |                                      ^~~~~~~~~~~~~~
../Core/Src/main.c:289:35: note: expected 'uint8_t *' {aka 'unsigned char *'} but argument is of type 'volatile uint8_t *' {aka 'volatile unsigned char *'}
  289 | uint8_t validate_command(uint8_t *buf, uint8_t command_int) {
      |                          ~~~~~~~~~^~~
arm-none-eabi-gcc -o "Compact DC Motor Driver.elf" @"objects.list"   -mcpu=cortex-m0plus -T"C:\Users\johnn\OneDrive\Documents\College\AIAA\Half Badger\Test Stand Code\2025-half-badger-test-stand\V4 - Full App Setup\valve_drivers\Compact DC Motor Driver\STM32C011F4UX_FLASH.ld" --specs=nosys.specs -Wl,-Map="Compact DC Motor Driver.map" -Wl,--gc-sections -static --specs=nano.specs -mfloat-abi=soft -mthumb -Wl,--start-group -lc -lm -Wl,--end-group
C:/ST/STM32CubeIDE_1.19.0/STM32CubeIDE/plugins/com.st.stm32cube.ide.mcu.externaltools.gnu-tools-for-stm32.13.3.rel1.win32_1.0.0.202411081344/tools/bin/../lib/gcc/arm-none-eabi/13.3.1/../../../../arm-none-eabi/bin/ld.exe: warning: Compact DC Motor Driver.elf has a LOAD segment with RWX permissions
Finished building target: Compact DC Motor Driver.elf
 
arm-none-eabi-size  Compact\ DC\ Motor\ Driver.elf 
arm-none-eabi-objdump -h -S Compact\ DC\ Motor\ Driver.elf  > "Compact DC Motor Driver.list"
   text	   data	    bss	    dec	    hex	filename
  12592	      0	   1860	  14452	   3874	Compact DC Motor Driver.elf
Finished building: default.size.stdout
 
Finished building: Compact DC Motor Driver.list
 
13:26:48 **** Incremental Build of configuration Debug for project Compact DC Motor Driver ****
make -j8 all 
arm-none-eabi-gcc "../Core/Src/main.c" -mcpu=cortex-m0plus -std=gnu11 -DNDEBUG -DUSE_HAL_DRIVER -DSTM32C011xx -DDEBUG -c -I../Core/Inc -I../Drivers/STM32C0xx_HAL_Driver/Inc -I../Drivers/STM32C0xx_HAL_Driver/Inc/Legacy -I../Drivers/CMSIS/Device/ST/STM32C0xx/Include -I../Drivers/CMSIS/Include -Os -ffunction-sections -fdata-sections -Wall -fstack-usage -fcyclomatic-complexity -MMD -MP -MF"Core/Src/main.d" -MT"Core/Src/main.o" --specs=nano.specs -mfloat-abi=soft -mthumb -o "Core/Src/main.o"
../Core/Src/main.c: In function 'load_persistent_data':
../Core/Src/main.c:253:9: warning: implicit declaration of function 'memcpy' [-Wimplicit-function-declaration]
  253 |         memcpy(&config, flash_data, sizeof(PersistentConfig));
      |         ^~~~~~
../Core/Src/main.c:26:1: note: include '<string.h>' or provide a declaration of 'memcpy'
   25 | #include <stdlib.h>
  +++ |+#include <string.h>
   26 | /* USER CODE END Includes */
../Core/Src/main.c:253:9: warning: incompatible implicit declaration of built-in function 'memcpy' [-Wbuiltin-declaration-mismatch]
  253 |         memcpy(&config, flash_data, sizeof(PersistentConfig));
      |         ^~~~~~
../Core/Src/main.c:253:9: note: include '<string.h>' or provide a declaration of 'memcpy'
../Core/Src/main.c: In function 'main':
../Core/Src/main.c:379:38: warning: passing argument 1 of 'validate_command' discards 'volatile' qualifier from pointer target type [-Wdiscarded-qualifiers]
  379 |     uint8_t valid = validate_command(command_buffer, command_int);
      |                                      ^~~~~~~~~~~~~~
../Core/Src/main.c:289:35: note: expected 'uint8_t *' {aka 'unsigned char *'} but argument is of type 'volatile uint8_t *' {aka 'volatile unsigned char *'}
  289 | uint8_t validate_command(uint8_t *buf, uint8_t command_int) {
      |                          ~~~~~~~~~^~~
arm-none-eabi-gcc -o "Compact DC Motor Driver.elf" @"objects.list"   -mcpu=cortex-m0plus -T"C:\Users\johnn\OneDrive\Documents\College\AIAA\Half Badger\Test Stand Code\2025-half-badger-test-stand\V4 - Full App Setup\valve_drivers\Compact DC Motor Driver\STM32C011F4UX_FLASH.ld" --specs=nosys.specs -Wl,-Map="Compact DC Motor Driver.map" -Wl,--gc-sections -static --specs=nano.specs -mfloat-abi=soft -mthumb -Wl,--start-group -lc -lm -Wl,--end-group
C:/ST/STM32CubeIDE_1.19.0/STM32CubeIDE/plugins/com.st.stm32cube.ide.mcu.externaltools.gnu-tools-for-stm32.13.3.rel1.win32_1.0.0.202411081344/tools/bin/../lib/gcc/arm-none-eabi/13.3.1/../../../../arm-none-eabi/bin/ld.exe: warning: Compact DC Motor Driver.elf has a LOAD segment with RWX permissions
Finished building target: Compact DC Motor Driver.elf
 
arm-none-eabi-size  Compact\ DC\ Motor\ Driver.elf 
arm-none-eabi-objdump -h -S Compact\ DC\ Motor\ Driver.elf  > "Compact DC Motor Driver.list"
   text	   data	    bss	    dec	    hex	filename
  12588	      0	   1864	  14452	   3874	Compact DC Motor Driver.elf
Finished building: default.size.stdout
 
Finished building: Compact DC Motor Driver.list
 
13:27:11 **** Incremental Build of configuration Debug for project Compact DC Motor Driver ****
make -j8 all 
arm-none-eabi-size  Compact\ DC\ Motor\ Driver.elf 
   text	   data	    bss	    dec	    hex	filename
  12588	      0	   1864	  14452	   3874	Compact DC Motor Driver.elf
Finished building: default.size.stdout
 
13:27:14 **** Incremental Build of configuration Debug for project Compact DC Motor Driver ****
make -j8 all 
arm-none-eabi-size  Compact\ DC\ Motor\ Driver.elf 
   text	   data	    bss	    dec	    hex	filename
  12588	      0	   1864	  14452	   3874	Compact DC Motor Driver.elf
Finished building: default.size.stdout
 
14:08:55 **** Build of configuration Debug for project Compact DC Motor Driver ****
make -j8 all 
arm-none-eabi-gcc "../Core/Src/main.c" -mcpu=cortex-m0plus -std=gnu11 -DNDEBUG -DUSE_HAL_DRIVER -DSTM32C011xx -DDEBUG -c -I../Core/Inc -I../Drivers/STM32C0xx_HAL_Driver/Inc -I../Drivers/STM32C0xx_HAL_Driver/Inc/Legacy -I../Drivers/CMSIS/Device/ST/STM32C0xx/Include -I../Drivers/CMSIS/Include -Os -ffunction-sections -fdata-sections -Wall -fstack-usage -fcyclomatic-complexity -MMD -MP -MF"Core/Src/main.d" -MT"Core/Src/main.o" --specs=nano.specs -mfloat-abi=soft -mthumb -o "Core/Src/main.o"
../Core/Src/main.c: In function 'load_persistent_data':
../Core/Src/main.c:255:9: warning: implicit declaration of function 'memcpy' [-Wimplicit-function-declaration]
  255 |         memcpy(&config, flash_data, sizeof(PersistentConfig));
      |         ^~~~~~
../Core/Src/main.c:26:1: note: include '<string.h>' or provide a declaration of 'memcpy'
   25 | #include <stdlib.h>
  +++ |+#include <string.h>
   26 | /* USER CODE END Includes */
../Core/Src/main.c:255:9: warning: incompatible implicit declaration of built-in function 'memcpy' [-Wbuiltin-declaration-mismatch]
  255 |         memcpy(&config, flash_data, sizeof(PersistentConfig));
      |         ^~~~~~
../Core/Src/main.c:255:9: note: include '<string.h>' or provide a declaration of 'memcpy'
../Core/Src/main.c: In function 'main':
../Core/Src/main.c:381:38: warning: passing argument 1 of 'validate_command' discards 'volatile' qualifier from pointer target type [-Wdiscarded-qualifiers]
  381 |     uint8_t valid = validate_command(command_buffer, command_int);
      |                                      ^~~~~~~~~~~~~~
../Core/Src/main.c:291:35: note: expected 'uint8_t *' {aka 'unsigned char *'} but argument is of type 'volatile uint8_t *' {aka 'volatile unsigned char *'}
  291 | uint8_t validate_command(uint8_t *buf, uint8_t command_int) {
      |                          ~~~~~~~~~^~~
arm-none-eabi-gcc -o "Compact DC Motor Driver.elf" @"objects.list"   -mcpu=cortex-m0plus -T"C:\Users\johnn\OneDrive\Documents\College\AIAA\Half Badger\Test Stand Code\2025-half-badger-test-stand\V4 - Full App Setup\valve_drivers\Compact DC Motor Driver\STM32C011F4UX_FLASH.ld" --specs=nosys.specs -Wl,-Map="Compact DC Motor Driver.map" -Wl,--gc-sections -static --specs=nano.specs -mfloat-abi=soft -mthumb -Wl,--start-group -lc -lm -Wl,--end-group
C:/ST/STM32CubeIDE_1.19.0/STM32CubeIDE/plugins/com.st.stm32cube.ide.mcu.externaltools.gnu-tools-for-stm32.13.3.rel1.win32_1.0.0.202411081344/tools/bin/../lib/gcc/arm-none-eabi/13.3.1/../../../../arm-none-eabi/bin/ld.exe: warning: Compact DC Motor Driver.elf has a LOAD segment with RWX permissions
Finished building target: Compact DC Motor Driver.elf
 
arm-none-eabi-size  Compact\ DC\ Motor\ Driver.elf 
arm-none-eabi-objdump -h -S Compact\ DC\ Motor\ Driver.elf  > "Compact DC Motor Driver.list"
   text	   data	    bss	    dec	    hex	filename
  12652	      0	   1872	  14524	   38bc	Compact DC Motor Driver.elf
Finished building: default.size.stdout
 
Finished building: Compact DC Motor Driver.list
 
14:19:59 **** Incremental Build of configuration Debug for project Compact DC Motor Driver ****
make -j8 all 
arm-none-eabi-gcc "../Core/Src/main.c" -mcpu=cortex-m0plus -std=gnu11 -DNDEBUG -DUSE_HAL_DRIVER -DSTM32C011xx -DDEBUG -c -I../Core/Inc -I../Drivers/STM32C0xx_HAL_Driver/Inc -I../Drivers/STM32C0xx_HAL_Driver/Inc/Legacy -I../Drivers/CMSIS/Device/ST/STM32C0xx/Include -I../Drivers/CMSIS/Include -Os -ffunction-sections -fdata-sections -Wall -fstack-usage -fcyclomatic-complexity -MMD -MP -MF"Core/Src/main.d" -MT"Core/Src/main.o" --specs=nano.specs -mfloat-abi=soft -mthumb -o "Core/Src/main.o"
../Core/Src/main.c: In function 'load_persistent_data':
../Core/Src/main.c:255:9: warning: implicit declaration of function 'memcpy' [-Wimplicit-function-declaration]
  255 |         memcpy(&config, flash_data, sizeof(PersistentConfig));
      |         ^~~~~~
../Core/Src/main.c:26:1: note: include '<string.h>' or provide a declaration of 'memcpy'
   25 | #include <stdlib.h>
  +++ |+#include <string.h>
   26 | /* USER CODE END Includes */
../Core/Src/main.c:255:9: warning: incompatible implicit declaration of built-in function 'memcpy' [-Wbuiltin-declaration-mismatch]
  255 |         memcpy(&config, flash_data, sizeof(PersistentConfig));
      |         ^~~~~~
../Core/Src/main.c:255:9: note: include '<string.h>' or provide a declaration of 'memcpy'
../Core/Src/main.c: In function 'main':
../Core/Src/main.c:381:38: warning: passing argument 1 of 'validate_command' discards 'volatile' qualifier from pointer target type [-Wdiscarded-qualifiers]
  381 |     uint8_t valid = validate_command(command_buffer, command_int);
      |                                      ^~~~~~~~~~~~~~
../Core/Src/main.c:291:35: note: expected 'uint8_t *' {aka 'unsigned char *'} but argument is of type 'volatile uint8_t *' {aka 'volatile unsigned char *'}
  291 | uint8_t validate_command(uint8_t *buf, uint8_t command_int) {
      |                          ~~~~~~~~~^~~
arm-none-eabi-gcc -o "Compact DC Motor Driver.elf" @"objects.list"   -mcpu=cortex-m0plus -T"C:\Users\johnn\OneDrive\Documents\College\AIAA\Half Badger\Test Stand Code\2025-half-badger-test-stand\V4 - Full App Setup\valve_drivers\Compact DC Motor Driver\STM32C011F4UX_FLASH.ld" --specs=nosys.specs -Wl,-Map="Compact DC Motor Driver.map" -Wl,--gc-sections -static --specs=nano.specs -mfloat-abi=soft -mthumb -Wl,--start-group -lc -lm -Wl,--end-group
C:/ST/STM32CubeIDE_1.19.0/STM32CubeIDE/plugins/com.st.stm32cube.ide.mcu.externaltools.gnu-tools-for-stm32.13.3.rel1.win32_1.0.0.202411081344/tools/bin/../lib/gcc/arm-none-eabi/13.3.1/../../../../arm-none-eabi/bin/ld.exe: warning: Compact DC Motor Driver.elf has a LOAD segment with RWX permissions
Finished building target: Compact DC Motor Driver.elf
 
arm-none-eabi-size  Compact\ DC\ Motor\ Driver.elf 
arm-none-eabi-objdump -h -S Compact\ DC\ Motor\ Driver.elf  > "Compact DC Motor Driver.list"
   text	   data	    bss	    dec	    hex	filename
  12700	      0	   1872	  14572	   38ec	Compact DC Motor Driver.elf
Finished building: default.size.stdout
 
Finished building: Compact DC Motor Driver.list
 
14:24:29 **** Incremental Build of configuration Debug for project Compact DC Motor Driver ****
make -j8 all 
arm-none-eabi-gcc "../Core/Src/main.c" -mcpu=cortex-m0plus -std=gnu11 -DNDEBUG -DUSE_HAL_DRIVER -DSTM32C011xx -DDEBUG -c -I../Core/Inc -I../Drivers/STM32C0xx_HAL_Driver/Inc -I../Drivers/STM32C0xx_HAL_Driver/Inc/Legacy -I../Drivers/CMSIS/Device/ST/STM32C0xx/Include -I../Drivers/CMSIS/Include -Os -ffunction-sections -fdata-sections -Wall -fstack-usage -fcyclomatic-complexity -MMD -MP -MF"Core/Src/main.d" -MT"Core/Src/main.o" --specs=nano.specs -mfloat-abi=soft -mthumb -o "Core/Src/main.o"
../Core/Src/main.c: In function 'load_persistent_data':
../Core/Src/main.c:255:9: warning: implicit declaration of function 'memcpy' [-Wimplicit-function-declaration]
  255 |         memcpy(&config, flash_data, sizeof(PersistentConfig));
      |         ^~~~~~
../Core/Src/main.c:26:1: note: include '<string.h>' or provide a declaration of 'memcpy'
   25 | #include <stdlib.h>
  +++ |+#include <string.h>
   26 | /* USER CODE END Includes */
../Core/Src/main.c:255:9: warning: incompatible implicit declaration of built-in function 'memcpy' [-Wbuiltin-declaration-mismatch]
  255 |         memcpy(&config, flash_data, sizeof(PersistentConfig));
      |         ^~~~~~
../Core/Src/main.c:255:9: note: include '<string.h>' or provide a declaration of 'memcpy'
../Core/Src/main.c: In function 'main':
../Core/Src/main.c:381:38: warning: passing argument 1 of 'validate_command' discards 'volatile' qualifier from pointer target type [-Wdiscarded-qualifiers]
  381 |     uint8_t valid = validate_command(command_buffer, command_int);
      |                                      ^~~~~~~~~~~~~~
../Core/Src/main.c:291:35: note: expected 'uint8_t *' {aka 'unsigned char *'} but argument is of type 'volatile uint8_t *' {aka 'volatile unsigned char *'}
  291 | uint8_t validate_command(uint8_t *buf, uint8_t command_int) {
      |                          ~~~~~~~~~^~~
arm-none-eabi-gcc -o "Compact DC Motor Driver.elf" @"objects.list"   -mcpu=cortex-m0plus -T"C:\Users\johnn\OneDrive\Documents\College\AIAA\Half Badger\Test Stand Code\2025-half-badger-test-stand\V4 - Full App Setup\valve_drivers\Compact DC Motor Driver\STM32C011F4UX_FLASH.ld" --specs=nosys.specs -Wl,-Map="Compact DC Motor Driver.map" -Wl,--gc-sections -static --specs=nano.specs -mfloat-abi=soft -mthumb -Wl,--start-group -lc -lm -Wl,--end-group
C:/ST/STM32CubeIDE_1.19.0/STM32CubeIDE/plugins/com.st.stm32cube.ide.mcu.externaltools.gnu-tools-for-stm32.13.3.rel1.win32_1.0.0.202411081344/tools/bin/../lib/gcc/arm-none-eabi/13.3.1/../../../../arm-none-eabi/bin/ld.exe: warning: Compact DC Motor Driver.elf has a LOAD segment with RWX permissions
Finished building target: Compact DC Motor Driver.elf
 
arm-none-eabi-size  Compact\ DC\ Motor\ Driver.elf 
arm-none-eabi-objdump -h -S Compact\ DC\ Motor\ Driver.elf  > "Compact DC Motor Driver.list"
   text	   data	    bss	    dec	    hex	filename
  12692	      0	   1872	  14564	   38e4	Compact DC Motor Driver.elf
Finished building: default.size.stdout
 
Finished building: Compact DC Motor Driver.list
 
14:38:16 **** Incremental Build of configuration Debug for project Compact DC Motor Driver ****
make -j8 all 
arm-none-eabi-gcc "../Core/Src/main.c" -mcpu=cortex-m0plus -std=gnu11 -DNDEBUG -DUSE_HAL_DRIVER -DSTM32C011xx -DDEBUG -c -I../Core/Inc -I../Drivers/STM32C0xx_HAL_Driver/Inc -I../Drivers/STM32C0xx_HAL_Driver/Inc/Legacy -I../Drivers/CMSIS/Device/ST/STM32C0xx/Include -I../Drivers/CMSIS/Include -Os -ffunction-sections -fdata-sections -Wall -fstack-usage -fcyclomatic-complexity -MMD -MP -MF"Core/Src/main.d" -MT"Core/Src/main.o" --specs=nano.specs -mfloat-abi=soft -mthumb -o "Core/Src/main.o"
../Core/Src/main.c: In function 'load_persistent_data':
../Core/Src/main.c:255:9: warning: implicit declaration of function 'memcpy' [-Wimplicit-function-declaration]
  255 |         memcpy(&config, flash_data, sizeof(PersistentConfig));
      |         ^~~~~~
../Core/Src/main.c:26:1: note: include '<string.h>' or provide a declaration of 'memcpy'
   25 | #include <stdlib.h>
  +++ |+#include <string.h>
   26 | /* USER CODE END Includes */
../Core/Src/main.c:255:9: warning: incompatible implicit declaration of built-in function 'memcpy' [-Wbuiltin-declaration-mismatch]
  255 |         memcpy(&config, flash_data, sizeof(PersistentConfig));
      |         ^~~~~~
../Core/Src/main.c:255:9: note: include '<string.h>' or provide a declaration of 'memcpy'
../Core/Src/main.c: In function 'main':
../Core/Src/main.c:381:38: warning: passing argument 1 of 'validate_command' discards 'volatile' qualifier from pointer target type [-Wdiscarded-qualifiers]
  381 |     uint8_t valid = validate_command(command_buffer, command_int);
      |                                      ^~~~~~~~~~~~~~
../Core/Src/main.c:291:35: note: expected 'uint8_t *' {aka 'unsigned char *'} but argument is of type 'volatile uint8_t *' {aka 'volatile unsigned char *'}
  291 | uint8_t validate_command(uint8_t *buf, uint8_t command_int) {
      |                          ~~~~~~~~~^~~
arm-none-eabi-gcc -o "Compact DC Motor Driver.elf" @"objects.list"   -mcpu=cortex-m0plus -T"C:\Users\johnn\OneDrive\Documents\College\AIAA\Half Badger\Test Stand Code\2025-half-badger-test-stand\V4 - Full App Setup\valve_drivers\Compact DC Motor Driver\STM32C011F4UX_FLASH.ld" --specs=nosys.specs -Wl,-Map="Compact DC Motor Driver.map" -Wl,--gc-sections -static --specs=nano.specs -mfloat-abi=soft -mthumb -Wl,--start-group -lc -lm -Wl,--end-group
C:/ST/STM32CubeIDE_1.19.0/STM32CubeIDE/plugins/com.st.stm32cube.ide.mcu.externaltools.gnu-tools-for-stm32.13.3.rel1.win32_1.0.0.202411081344/tools/bin/../lib/gcc/arm-none-eabi/13.3.1/../../../../arm-none-eabi/bin/ld.exe: warning: Compact DC Motor Driver.elf has a LOAD segment with RWX permissions
Finished building target: Compact DC Motor Driver.elf
 
arm-none-eabi-size  Compact\ DC\ Motor\ Driver.elf 
arm-none-eabi-objdump -h -S Compact\ DC\ Motor\ Driver.elf  > "Compact DC Motor Driver.list"
   text	   data	    bss	    dec	    hex	filename
  12740	      0	   1872	  14612	   3914	Compact DC Motor Driver.elf
Finished building: default.size.stdout
 
Finished building: Compact DC Motor Driver.list
 
16:51:06 **** Build of configuration Debug for project Compact DC Motor Driver ****
make -j12 all 
arm-none-eabi-gcc -o "Compact DC Motor Driver.elf" @"objects.list"   -mcpu=cortex-m0plus -T"C:\Users\John\OneDrive\Documents\College\AIAA\Half Badger\Test Stand Code\2025-half-badger-test-stand\V4 - Full App Setup\valve_drivers\Compact DC Motor Driver\STM32C011F4UX_FLASH.ld" --specs=nosys.specs -Wl,-Map="Compact DC Motor Driver.map" -Wl,--gc-sections -static --specs=nano.specs -mfloat-abi=soft -mthumb -Wl,--start-group -lc -lm -Wl,--end-group
C:/ST/STM32CubeIDE_1.18.1/STM32CubeIDE/plugins/com.st.stm32cube.ide.mcu.externaltools.gnu-tools-for-stm32.13.3.rel1.win32_1.0.0.202411081344/tools/bin/../lib/gcc/arm-none-eabi/13.3.1/../../../../arm-none-eabi/bin/ld.exe: warning: Compact DC Motor Driver.elf has a LOAD segment with RWX permissions
Finished building target: Compact DC Motor Driver.elf
 
arm-none-eabi-size  Compact\ DC\ Motor\ Driver.elf 
arm-none-eabi-objdump -h -S Compact\ DC\ Motor\ Driver.elf  > "Compact DC Motor Driver.list"
   text	   data	    bss	    dec	    hex	filename
  12740	      0	   1872	  14612	   3914	Compact DC Motor Driver.elf
Finished building: default.size.stdout
 
Finished building: Compact DC Motor Driver.list
 
16:51:08 **** Build of configuration Debug for project Compact DC Motor Driver V2 ****
make -j12 all 
arm-none-eabi-gcc "../Drivers/STM32C0xx_HAL_Driver/Src/stm32c0xx_hal.c" -mcpu=cortex-m0plus -std=gnu11 -g3 -DDEBUG -DUSE_HAL_DRIVER -DSTM32C011xx -c -I../Core/Inc -I../Drivers/STM32C0xx_HAL_Driver/Inc -I../Drivers/STM32C0xx_HAL_Driver/Inc/Legacy -I../Drivers/CMSIS/Device/ST/STM32C0xx/Include -I../Drivers/CMSIS/Include -O0 -ffunction-sections -fdata-sections -Wall -fstack-usage -fcyclomatic-complexity -MMD -MP -MF"Drivers/STM32C0xx_HAL_Driver/Src/stm32c0xx_hal.d" -MT"Drivers/STM32C0xx_HAL_Driver/Src/stm32c0xx_hal.o" --specs=nano.specs -mfloat-abi=soft -mthumb -o "Drivers/STM32C0xx_HAL_Driver/Src/stm32c0xx_hal.o"
arm-none-eabi-gcc "../Drivers/STM32C0xx_HAL_Driver/Src/stm32c0xx_hal_adc.c" -mcpu=cortex-m0plus -std=gnu11 -g3 -DDEBUG -DUSE_HAL_DRIVER -DSTM32C011xx -c -I../Core/Inc -I../Drivers/STM32C0xx_HAL_Driver/Inc -I../Drivers/STM32C0xx_HAL_Driver/Inc/Legacy -I../Drivers/CMSIS/Device/ST/STM32C0xx/Include -I../Drivers/CMSIS/Include -O0 -ffunction-sections -fdata-sections -Wall -fstack-usage -fcyclomatic-complexity -MMD -MP -MF"Drivers/STM32C0xx_HAL_Driver/Src/stm32c0xx_hal_adc.d" -MT"Drivers/STM32C0xx_HAL_Driver/Src/stm32c0xx_hal_adc.o" --specs=nano.specs -mfloat-abi=soft -mthumb -o "Drivers/STM32C0xx_HAL_Driver/Src/stm32c0xx_hal_adc.o"
arm-none-eabi-gcc "../Drivers/STM32C0xx_HAL_Driver/Src/stm32c0xx_hal_adc_ex.c" -mcpu=cortex-m0plus -std=gnu11 -g3 -DDEBUG -DUSE_HAL_DRIVER -DSTM32C011xx -c -I../Core/Inc -I../Drivers/STM32C0xx_HAL_Driver/Inc -I../Drivers/STM32C0xx_HAL_Driver/Inc/Legacy -I../Drivers/CMSIS/Device/ST/STM32C0xx/Include -I../Drivers/CMSIS/Include -O0 -ffunction-sections -fdata-sections -Wall -fstack-usage -fcyclomatic-complexity -MMD -MP -MF"Drivers/STM32C0xx_HAL_Driver/Src/stm32c0xx_hal_adc_ex.d" -MT"Drivers/STM32C0xx_HAL_Driver/Src/stm32c0xx_hal_adc_ex.o" --specs=nano.specs -mfloat-abi=soft -mthumb -o "Drivers/STM32C0xx_HAL_Driver/Src/stm32c0xx_hal_adc_ex.o"
arm-none-eabi-gcc "../Drivers/STM32C0xx_HAL_Driver/Src/stm32c0xx_hal_cortex.c" -mcpu=cortex-m0plus -std=gnu11 -g3 -DDEBUG -DUSE_HAL_DRIVER -DSTM32C011xx -c -I../Core/Inc -I../Drivers/STM32C0xx_HAL_Driver/Inc -I../Drivers/STM32C0xx_HAL_Driver/Inc/Legacy -I../Drivers/CMSIS/Device/ST/STM32C0xx/Include -I../Drivers/CMSIS/Include -O0 -ffunction-sections -fdata-sections -Wall -fstack-usage -fcyclomatic-complexity -MMD -MP -MF"Drivers/STM32C0xx_HAL_Driver/Src/stm32c0xx_hal_cortex.d" -MT"Drivers/STM32C0xx_HAL_Driver/Src/stm32c0xx_hal_cortex.o" --specs=nano.specs -mfloat-abi=soft -mthumb -o "Drivers/STM32C0xx_HAL_Driver/Src/stm32c0xx_hal_cortex.o"
[...]
  381 |     uint8_t valid = validate_command(command_buffer, command_int);
      |                                      ^~~~~~~~~~~~~~
../Core/Src/main.c:291:35: note: expected 'uint8_t *' {aka 'unsigned char *'} but argument is of type 'volatile uint8_t *' {aka 'volatile unsigned char *'}
  291 | uint8_t validate_command(uint8_t *buf, uint8_t command_int) {
      |                          ~~~~~~~~~^~~
arm-none-eabi-gcc -o "Compact DC Motor Driver V2.elf" @"objects.list"   -mcpu=cortex-m0plus -T"C:\Users\johnn\OneDrive\Documents\College\AIAA\Half Badger\Test Stand Code\2025-half-badger-test-stand\V4 - Full App Setup\Compact DC Motor Driver V2\STM32C011F6PX_FLASH.ld" --specs=nosys.specs -Wl,-Map="Compact DC Motor Driver V2.map" -Wl,--gc-sections -static --specs=nano.specs -mfloat-abi=soft -mthumb -Wl,--start-group -lc -lm -Wl,--end-group
C:/ST/STM32CubeIDE_1.19.0/STM32CubeIDE/plugins/com.st.stm32cube.ide.mcu.externaltools.gnu-tools-for-stm32.13.3.rel1.win32_1.0.0.202411081344/tools/bin/../lib/gcc/arm-none-eabi/13.3.1/../../../../arm-none-eabi/bin/ld.exe: warning: Compact DC Motor Driver V2.elf has a LOAD segment with RWX permissions
Finished building target: Compact DC Motor Driver V2.elf
 
arm-none-eabi-size  Compact\ DC\ Motor\ Driver\ V2.elf 
arm-none-eabi-objdump -h -S Compact\ DC\ Motor\ Driver\ V2.elf  > "Compact DC Motor Driver V2.list"
   text	   data	    bss	    dec	    hex	filename
  11516	      0	   1872	  13388	   344c	Compact DC Motor Driver V2.elf
Finished building: default.size.stdout
 
Finished building: Compact DC Motor Driver V2.list
 
11:10:29 **** Build of configuration Debug for project Compact DC Motor Driver ****
make -j8 all 
arm-none-eabi-gcc "../Core/Src/main.c" -mcpu=cortex-m0plus -std=gnu11 -DNDEBUG -DUSE_HAL_DRIVER -DSTM32C011xx -DDEBUG -c -I../Core/Inc -I../Drivers/STM32C0xx_HAL_Driver/Inc -I../Drivers/STM32C0xx_HAL_Driver/Inc/Legacy -I../Drivers/CMSIS/Device/ST/STM32C0xx/Include -I../Drivers/CMSIS/Include -Os -ffunction-sections -fdata-sections -Wall -fstack-usage -fcyclomatic-complexity -MMD -MP -MF"Core/Src/main.d" -MT"Core/Src/main.o" --specs=nano.specs -mfloat-abi=soft -mthumb -o "Core/Src/main.o"
../Core/Src/main.c: In function 'load_persistent_data':
../Core/Src/main.c:255:9: warning: implicit declaration of function 'memcpy' [-Wimplicit-function-declaration]
  255 |         memcpy(&config, flash_data, sizeof(PersistentConfig));
      |         ^~~~~~
../Core/Src/main.c:26:1: note: include '<string.h>' or provide a declaration of 'memcpy'
   25 | #include <stdlib.h>
  +++ |+#include <string.h>
   26 | /* USER CODE END Includes */
../Core/Src/main.c:255:9: warning: incompatible implicit declaration of built-in function 'memcpy' [-Wbuiltin-declaration-mismatch]
  255 |         memcpy(&config, flash_data, sizeof(PersistentConfig));
      |         ^~~~~~
../Core/Src/main.c:255:9: note: include '<string.h>' or provide a declaration of 'memcpy'
../Core/Src/main.c: In function 'main':
../Core/Src/main.c:381:38: warning: passing argument 1 of 'validate_command' discards 'volatile' qualifier from pointer target type [-Wdiscarded-qualifiers]
  381 |     uint8_t valid = validate_command(command_buffer, command_int);
      |                                      ^~~~~~~~~~~~~~
../Core/Src/main.c:291:35: note: expected 'uint8_t *' {aka 'unsigned char *'} but argument is of type 'volatile uint8_t *' {aka 'volatile unsigned char *'}
  291 | uint8_t validate_command(uint8_t *buf, uint8_t command_int) {
      |                          ~~~~~~~~~^~~
arm-none-eabi-gcc -o "Compact DC Motor Driver.elf" @"objects.list"   -mcpu=cortex-m0plus -T"C:\Users\johnn\OneDrive\Documents\College\AIAA\Half Badger\Test Stand Code\2025-half-badger-test-stand\V4 - Full App Setup\valve_drivers\Compact DC Motor Driver\STM32C011F4UX_FLASH.ld" --specs=nosys.specs -Wl,-Map="Compact DC Motor Driver.map" -Wl,--gc-sections -static --specs=nano.specs -mfloat-abi=soft -mthumb -Wl,--start-group -lc -lm -Wl,--end-group
C:/ST/STM32CubeIDE_1.19.0/STM32CubeIDE/plugins/com.st.stm32cube.ide.mcu.externaltools.gnu-tools-for-stm32.13.3.rel1.win32_1.0.0.202411081344/tools/bin/../lib/gcc/arm-none-eabi/13.3.1/../../../../arm-none-eabi/bin/ld.exe: warning: Compact DC Motor Driver.elf has a LOAD segment with RWX permissions
Finished building target: Compact DC Motor Driver.elf
 
arm-none-eabi-size  Compact\ DC\ Motor\ Driver.elf 
arm-none-eabi-objdump -h -S Compact\ DC\ Motor\ Driver.elf  > "Compact DC Motor Driver.list"
   text	   data	    bss	    dec	    hex	filename
  12740	      0	   1872	  14612	   3914	Compact DC Motor Driver.elf
Finished building: default.size.stdout
 
Finished building: Compact DC Motor Driver.list
 
11:12:36 **** Incremental Build of configuration Debug for project Compact DC Motor Driver ****
make -j8 all 
arm-none-eabi-gcc "../Core/Src/main.c" -mcpu=cortex-m0plus -std=gnu11 -DNDEBUG -DUSE_HAL_DRIVER -DSTM32C011xx -DDEBUG -c -I../Core/Inc -I../Drivers/STM32C0xx_HAL_Driver/Inc -I../Drivers/STM32C0xx_HAL_Driver/Inc/Legacy -I../Drivers/CMSIS/Device/ST/STM32C0xx/Include -I../Drivers/CMSIS/Include -Os -ffunction-sections -fdata-sections -Wall -fstack-usage -fcyclomatic-complexity -MMD -MP -MF"Core/Src/main.d" -MT"Core/Src/main.o" --specs=nano.specs -mfloat-abi=soft -mthumb -o "Core/Src/main.o"
../Core/Src/main.c: In function 'load_persistent_data':
../Core/Src/main.c:255:9: warning: implicit declaration of function 'memcpy' [-Wimplicit-function-declaration]
  255 |         memcpy(&config, flash_data, sizeof(PersistentConfig));
      |         ^~~~~~
../Core/Src/main.c:26:1: note: include '<string.h>' or provide a declaration of 'memcpy'
   25 | #include <stdlib.h>
  +++ |+#include <string.h>
   26 | /* USER CODE END Includes */
../Core/Src/main.c:255:9: warning: incompatible implicit declaration of built-in function 'memcpy' [-Wbuiltin-declaration-mismatch]
  255 |         memcpy(&config, flash_data, sizeof(PersistentConfig));
      |         ^~~~~~
../Core/Src/main.c:255:9: note: include '<string.h>' or provide a declaration of 'memcpy'
../Core/Src/main.c: In function 'main':
../Core/Src/main.c:381:38: warning: passing argument 1 of 'validate_command' discards 'volatile' qualifier from pointer target type [-Wdiscarded-qualifiers]
  381 |     uint8_t valid = validate_command(command_buffer, command_int);
      |                                      ^~~~~~~~~~~~~~
../Core/Src/main.c:291:35: note: expected 'uint8_t *' {aka 'unsigned char *'} but argument is of type 'volatile uint8_t *' {aka 'volatile unsigned char *'}
  291 | uint8_t validate_command(uint8_t *buf, uint8_t command_int) {
      |                          ~~~~~~~~~^~~
arm-none-eabi-gcc -o "Compact DC Motor Driver.elf" @"objects.list"   -mcpu=cortex-m0plus -T"C:\Users\johnn\OneDrive\Documents\College\AIAA\Half Badger\Test Stand Code\2025-half-badger-test-stand\V4 - Full App Setup\valve_drivers\Compact DC Motor Driver\STM32C011F4UX_FLASH.ld" --specs=nosys.specs -Wl,-Map="Compact DC Motor Driver.map" -Wl,--gc-sections -static --specs=nano.specs -mfloat-abi=soft -mthumb -Wl,--start-group -lc -lm -Wl,--end-group
C:/ST/STM32CubeIDE_1.19.0/STM32CubeIDE/plugins/com.st.stm32cube.ide.mcu.externaltools.gnu-tools-for-stm32.13.3.rel1.win32_1.0.0.202411081344/tools/bin/../lib/gcc/arm-none-eabi/13.3.1/../../../../arm-none-eabi/bin/ld.exe: warning: Compact DC Motor Driver.elf has a LOAD segment with RWX permissions
Finished building target: Compact DC Motor Driver.elf
 
arm-none-eabi-size  Compact\ DC\ Motor\ Driver.elf 
arm-none-eabi-objdump -h -S Compact\ DC\ Motor\ Driver.elf  > "Compact DC Motor Driver.list"
   text	   data	    bss	    dec	    hex	filename
  12652	      0	   1872	  14524	   38bc	Compact DC Motor Driver.elf
Finished building: default.size.stdout
 
Finished building: Compact DC Motor Driver.list
 
19:33:12 **** Build of configuration Debug for project Compact DC Motor Driver V2 ****
make -j12 all 
arm-none-eabi-gcc -o "Compact DC Motor Driver V2.elf" @"objects.list"   -mcpu=cortex-m0plus -T"C:\Users\John\OneDrive\Documents\College\AIAA\Half Badger\Test Stand Code\2025-half-badger-test-stand\V4 - Full App Setup\Compact DC Motor Driver V2\STM32C011F6PX_FLASH.ld" --specs=nosys.specs -Wl,-Map="Compact DC Motor Driver V2.map" -Wl,--gc-sections -static --specs=nano.specs -mfloat-abi=soft -mthumb -Wl,--start-group -lc -lm -Wl,--end-group
C:/ST/STM32CubeIDE_1.18.1/STM32CubeIDE/plugins/com.st.stm32cube.ide.mcu.externaltools.gnu-tools-for-stm32.13.3.rel1.win32_1.0.0.202411081344/tools/bin/../lib/gcc/arm-none-eabi/13.3.1/../../../../arm-none-eabi/bin/ld.exe: warning: Compact DC Motor Driver V2.elf has a LOAD segment with RWX permissions
Finished building target: Compact DC Motor Driver V2.elf
 
arm-none-eabi-size  Compact\ DC\ Motor\ Driver\ V2.elf 
arm-none-eabi-objdump -h -S Compact\ DC\ Motor\ Driver\ V2.elf  > "Compact DC Motor Driver V2.list"
   text	   data	    bss	    dec	    hex	filename
  11516	      0	   1872	  13388	   344c	Compact DC Motor Driver V2.elf
Finished building: default.size.stdout
 
Finished building: Compact DC Motor Driver V2.list
 
19:34:24 **** Incremental Build of configuration Debug for project Compact DC Motor Driver V2 ****
make -j12 all 
arm-none-eabi-size  Compact\ DC\ Motor\ Driver\ V2.elf 
   text	   data	    bss	    dec	    hex	filename
  11516	      0	   1872	  13388	   344c	Compact DC Motor Driver V2.elf
Finished building: default.size.stdout
 
19:34:30 **** Incremental Build of configuration Debug for project Compact DC Motor Driver V2 ****
make -j12 all 
arm-none-eabi-gcc "../Core/Src/main.c" -mcpu=cortex-m0plus -std=gnu11 -g3 -DDEBUG -DUSE_HAL_DRIVER -DSTM32C011xx -c -I../Core/Inc -I../Drivers/STM32C0xx_HAL_Driver/Inc -I../Drivers/STM32C0xx_HAL_Driver/Inc/Legacy -I../Drivers/CMSIS/Device/ST/STM32C0xx/Include -I../Drivers/CMSIS/Include -Os -ffunction-sections -fdata-sections -Wall -fstack-usage -fcyclomatic-complexity -MMD -MP -MF"Core/Src/main.d" -MT"Core/Src/main.o" --specs=nano.specs -mfloat-abi=soft -mthumb -o "Core/Src/main.o"
../Core/Src/main.c: In function 'load_persistent_data':
../Core/Src/main.c:255:9: warning: implicit declaration of function 'memcpy' [-Wimplicit-function-declaration]
  255 |         memcpy(&config, flash_data, sizeof(PersistentConfig));
      |         ^~~~~~
../Core/Src/main.c:26:1: note: include '<string.h>' or provide a declaration of 'memcpy'
   25 | #include <stdlib.h>
  +++ |+#include <string.h>
   26 | /* USER CODE END Includes */
../Core/Src/main.c:255:9: warning: incompatible implicit declaration of built-in function 'memcpy' [-Wbuiltin-declaration-mismatch]
  255 |         memcpy(&config, flash_data, sizeof(PersistentConfig));
      |         ^~~~~~
../Core/Src/main.c:255:9: note: include '<string.h>' or provide a declaration of 'memcpy'
../Core/Src/main.c: In function 'main':
../Core/Src/main.c:381:38: warning: passing argument 1 of 'validate_command' discards 'volatile' qualifier from pointer target type [-Wdiscarded-qualifiers]
  381 |     uint8_t valid = validate_command(command_buffer, command_int);
      |                                      ^~~~~~~~~~~~~~
../Core/Src/main.c:291:35: note: expected 'uint8_t *' {aka 'unsigned char *'} but argument is of type 'volatile uint8_t *' {aka 'volatile unsigned char *'}
  291 | uint8_t validate_command(uint8_t *buf, uint8_t command_int) {
      |                          ~~~~~~~~~^~~
../Core/Src/main.c:390:5: error: expected ',' or ';' before 'if'
  390 |     if(command_int >= 21 && command_int <= 28){
      |     ^~
make: *** [Core/Src/subdir.mk:34: Core/Src/main.o] Error 1
"make -j12 all" terminated with exit code 2. Build might be incomplete.
19:34:34 **** Incremental Build of configuration Debug for project Compact DC Motor Driver V2 ****
make -j12 all 
arm-none-eabi-gcc "../Core/Src/main.c" -mcpu=cortex-m0plus -std=gnu11 -g3 -DDEBUG -DUSE_HAL_DRIVER -DSTM32C011xx -c -I../Core/Inc -I../Drivers/STM32C0xx_HAL_Driver/Inc -I../Drivers/STM32C0xx_HAL_Driver/Inc/Legacy -I../Drivers/CMSIS/Device/ST/STM32C0xx/Include -I../Drivers/CMSIS/Include -Os -ffunction-sections -fdata-sections -Wall -fstack-usage -fcyclomatic-complexity -MMD -MP -MF"Core/Src/main.d" -MT"Core/Src/main.o" --specs=nano.specs -mfloat-abi=soft -mthumb -o "Core/Src/main.o"
../Core/Src/main.c: In function 'load_persistent_data':
../Core/Src/main.c:255:9: warning: implicit declaration of function 'memcpy' [-Wimplicit-function-declaration]
  255 |         memcpy(&config, flash_data, sizeof(PersistentConfig));
      |         ^~~~~~
../Core/Src/main.c:26:1: note: include '<string.h>' or provide a declaration of 'memcpy'
   25 | #include <stdlib.h>
  +++ |+#include <string.h>
   26 | /* USER CODE END Includes */
../Core/Src/main.c:255:9: warning: incompatible implicit declaration of built-in function 'memcpy' [-Wbuiltin-declaration-mismatch]
  255 |         memcpy(&config, flash_data, sizeof(PersistentConfig));
      |         ^~~~~~
../Core/Src/main.c:255:9: note: include '<string.h>' or provide a declaration of 'memcpy'
../Core/Src/main.c: In function 'main':
../Core/Src/main.c:381:38: warning: passing argument 1 of 'validate_command' discards 'volatile' qualifier from pointer target type [-Wdiscarded-qualifiers]
  381 |     uint8_t valid = validate_command(command_buffer, command_int);
      |                                      ^~~~~~~~~~~~~~
../Core/Src/main.c:291:35: note: expected 'uint8_t *' {aka 'unsigned char *'} but argument is of type 'volatile uint8_t *' {aka 'volatile unsigned char *'}
  291 | uint8_t validate_command(uint8_t *buf, uint8_t command_int) {
      |                          ~~~~~~~~~^~~
arm-none-eabi-gcc -o "Compact DC Motor Driver V2.elf" @"objects.list"   -mcpu=cortex-m0plus -T"C:\Users\John\OneDrive\Documents\College\AIAA\Half Badger\Test Stand Code\2025-half-badger-test-stand\V4 - Full App Setup\Compact DC Motor Driver V2\STM32C011F6PX_FLASH.ld" --specs=nosys.specs -Wl,-Map="Compact DC Motor Driver V2.map" -Wl,--gc-sections -static --specs=nano.specs -mfloat-abi=soft -mthumb -Wl,--start-group -lc -lm -Wl,--end-group
C:/ST/STM32CubeIDE_1.18.1/STM32CubeIDE/plugins/com.st.stm32cube.ide.mcu.externaltools.gnu-tools-for-stm32.13.3.rel1.win32_1.0.0.202411081344/tools/bin/../lib/gcc/arm-none-eabi/13.3.1/../../../../arm-none-eabi/bin/ld.exe: warning: Compact DC Motor Driver V2.elf has a LOAD segment with RWX permissions
Finished building target: Compact DC Motor Driver V2.elf
 
arm-none-eabi-size  Compact\ DC\ Motor\ Driver\ V2.elf 
arm-none-eabi-objdump -h -S Compact\ DC\ Motor\ Driver\ V2.elf  > "Compact DC Motor Driver V2.list"
   text	   data	    bss	    dec	    hex	filename
  11516	      0	   1872	  13388	   344c	Compact DC Motor Driver V2.elf
Finished building: default.size.stdout
 
Finished building: Compact DC Motor Driver V2.list
 
19:55:13 **** Incremental Build of configuration Debug for project Compact DC Motor Driver V2 ****
make -j12 all 
arm-none-eabi-size  Compact\ DC\ Motor\ Driver\ V2.elf 
   text	   data	    bss	    dec	    hex	filename
  11516	      0	   1872	  13388	   344c	Compact DC Motor Driver V2.elf
Finished building: default.size.stdout
 
10:26:41 **** Incremental Build of configuration Debug for project Compact DC Motor Driver V2 ****
make -j12 all 
arm-none-eabi-gcc "../Core/Src/main.c" -mcpu=cortex-m0plus -std=gnu11 -g3 -DDEBUG -DUSE_HAL_DRIVER -DSTM32C011xx -c -I../Core/Inc -I../Drivers/STM32C0xx_HAL_Driver/Inc -I../Drivers/STM32C0xx_HAL_Driver/Inc/Legacy -I../Drivers/CMSIS/Device/ST/STM32C0xx/Include -I../Drivers/CMSIS/Include -Os -ffunction-sections -fdata-sections -Wall -fstack-usage -fcyclomatic-complexity -MMD -MP -MF"Core/Src/main.d" -MT"Core/Src/main.o" --specs=nano.specs -mfloat-abi=soft -mthumb -o "Core/Src/main.o"
../Core/Src/main.c: In function 'main':
../Core/Src/main.c:382:38: warning: passing argument 1 of 'validate_command' discards 'volatile' qualifier from pointer target type [-Wdiscarded-qualifiers]
  382 |     uint8_t valid = validate_command(command_buffer, command_int);
      |                                      ^~~~~~~~~~~~~~
../Core/Src/main.c:292:35: note: expected 'uint8_t *' {aka 'unsigned char *'} but argument is of type 'volatile uint8_t *' {aka 'volatile unsigned char *'}
  292 | uint8_t validate_command(uint8_t *buf, uint8_t command_int) {
      |                          ~~~~~~~~~^~~
arm-none-eabi-gcc -o "Compact DC Motor Driver V2.elf" @"objects.list"   -mcpu=cortex-m0plus -T"C:\Users\John\OneDrive\Documents\College\AIAA\Half Badger\Test Stand Code\2025-half-badger-test-stand\V4 - Full App Setup\Compact DC Motor Driver V2\STM32C011F6PX_FLASH.ld" --specs=nosys.specs -Wl,-Map="Compact DC Motor Driver V2.map" -Wl,--gc-sections -static --specs=nano.specs -mfloat-abi=soft -mthumb -Wl,--start-group -lc -lm -Wl,--end-group
C:/ST/STM32CubeIDE_1.18.1/STM32CubeIDE/plugins/com.st.stm32cube.ide.mcu.externaltools.gnu-tools-for-stm32.13.3.rel1.win32_1.0.0.202411081344/tools/bin/../lib/gcc/arm-none-eabi/13.3.1/../../../../arm-none-eabi/bin/ld.exe: warning: Compact DC Motor Driver V2.elf has a LOAD segment with RWX permissions
Finished building target: Compact DC Motor Driver V2.elf
 
arm-none-eabi-size  Compact\ DC\ Motor\ Driver\ V2.elf 
arm-none-eabi-objdump -h -S Compact\ DC\ Motor\ Driver\ V2.elf  > "Compact DC Motor Driver V2.list"
   text	   data	    bss	    dec	    hex	filename
  11516	      0	   1872	  13388	   344c	Compact DC Motor Driver V2.elf
Finished building: default.size.stdout
 
Finished building: Compact DC Motor Driver V2.list
 
10:30:04 **** Incremental Build of configuration Debug for project Compact DC Motor Driver V2 ****
make -j12 all 
arm-none-eabi-gcc "../Core/Src/main.c" -mcpu=cortex-m0plus -std=gnu11 -g3 -DDEBUG -DUSE_HAL_DRIVER -DSTM32C011xx -c -I../Core/Inc -I../Drivers/STM32C0xx_HAL_Driver/Inc -I../Drivers/STM32C0xx_HAL_Driver/Inc/Legacy -I../Drivers/CMSIS/Device/ST/STM32C0xx/Include -I../Drivers/CMSIS/Include -Os -ffunction-sections -fdata-sections -Wall -fstack-usage -fcyclomatic-complexity -MMD -MP -MF"Core/Src/main.d" -MT"Core/Src/main.o" --specs=nano.specs -mfloat-abi=soft -mthumb -o "Core/Src/main.o"
../Core/Src/main.c: In function 'main':
../Core/Src/main.c:382:38: warning: passing argument 1 of 'validate_command' discards 'volatile' qualifier from pointer target type [-Wdiscarded-qualifiers]
  382 |     uint8_t valid = validate_command(command_buffer, command_int);
      |                                      ^~~~~~~~~~~~~~
../Core/Src/main.c:292:35: note: expected 'uint8_t *' {aka 'unsigned char *'} but argument is of type 'volatile uint8_t *' {aka 'volatile unsigned char *'}
  292 | uint8_t validate_command(uint8_t *buf, uint8_t command_int) {
      |                          ~~~~~~~~~^~~
arm-none-eabi-gcc -o "Compact DC Motor Driver V2.elf" @"objects.list"   -mcpu=cortex-m0plus -T"C:\Users\John\OneDrive\Documents\College\AIAA\Half Badger\Test Stand Code\2025-half-badger-test-stand\V4 - Full App Setup\Compact DC Motor Driver V2\STM32C011F6PX_FLASH.ld" --specs=nosys.specs -Wl,-Map="Compact DC Motor Driver V2.map" -Wl,--gc-sections -static --specs=nano.specs -mfloat-abi=soft -mthumb -Wl,--start-group -lc -lm -Wl,--end-group
C:/ST/STM32CubeIDE_1.18.1/STM32CubeIDE/plugins/com.st.stm32cube.ide.mcu.externaltools.gnu-tools-for-stm32.13.3.rel1.win32_1.0.0.202411081344/tools/bin/../lib/gcc/arm-none-eabi/13.3.1/../../../../arm-none-eabi/bin/ld.exe: warning: Compact DC Motor Driver V2.elf has a LOAD segment with RWX permissions
Finished building target: Compact DC Motor Driver V2.elf
 
arm-none-eabi-size  Compact\ DC\ Motor\ Driver\ V2.elf 
arm-none-eabi-objdump -h -S Compact\ DC\ Motor\ Driver\ V2.elf  > "Compact DC Motor Driver V2.list"
   text	   data	    bss	    dec	    hex	filename
  11524	      0	   1872	  13396	   3454	Compact DC Motor Driver V2.elf
Finished building: default.size.stdout
 
Finished building: Compact DC Motor Driver V2.list
 
