Archive member included to satisfy reference by file (symbol)

C:/ST/STM32CubeIDE_1.19.0/STM32CubeIDE/plugins/com.st.stm32cube.ide.mcu.externaltools.gnu-tools-for-stm32.13.3.rel1.win32_1.0.0.202411081344/tools/bin/../lib/gcc/arm-none-eabi/13.3.1/../../../../arm-none-eabi/lib/thumb/v6-m/nofp\libc_nano.a(libc_a-exit.o)
                              C:/ST/STM32CubeIDE_1.19.0/STM32CubeIDE/plugins/com.st.stm32cube.ide.mcu.externaltools.gnu-tools-for-stm32.13.3.rel1.win32_1.0.0.202411081344/tools/bin/../lib/gcc/arm-none-eabi/13.3.1/../../../../arm-none-eabi/lib/thumb/v6-m/nofp/crt0.o (exit)
C:/ST/STM32CubeIDE_1.19.0/STM32CubeIDE/plugins/com.st.stm32cube.ide.mcu.externaltools.gnu-tools-for-stm32.13.3.rel1.win32_1.0.0.202411081344/tools/bin/../lib/gcc/arm-none-eabi/13.3.1/../../../../arm-none-eabi/lib/thumb/v6-m/nofp\libc_nano.a(libc_a-findfp.o)
                              C:/ST/STM32CubeIDE_1.19.0/STM32CubeIDE/plugins/com.st.stm32cube.ide.mcu.externaltools.gnu-tools-for-stm32.13.3.rel1.win32_1.0.0.202411081344/tools/bin/../lib/gcc/arm-none-eabi/13.3.1/../../../../arm-none-eabi/lib/thumb/v6-m/nofp\libc_nano.a(libc_a-exit.o) (__stdio_exit_handler)
C:/ST/STM32CubeIDE_1.19.0/STM32CubeIDE/plugins/com.st.stm32cube.ide.mcu.externaltools.gnu-tools-for-stm32.13.3.rel1.win32_1.0.0.202411081344/tools/bin/../lib/gcc/arm-none-eabi/13.3.1/../../../../arm-none-eabi/lib/thumb/v6-m/nofp\libc_nano.a(libc_a-fwalk.o)
                              C:/ST/STM32CubeIDE_1.19.0/STM32CubeIDE/plugins/com.st.stm32cube.ide.mcu.externaltools.gnu-tools-for-stm32.13.3.rel1.win32_1.0.0.202411081344/tools/bin/../lib/gcc/arm-none-eabi/13.3.1/../../../../arm-none-eabi/lib/thumb/v6-m/nofp\libc_nano.a(libc_a-findfp.o) (_fwalk_sglue)
C:/ST/STM32CubeIDE_1.19.0/STM32CubeIDE/plugins/com.st.stm32cube.ide.mcu.externaltools.gnu-tools-for-stm32.13.3.rel1.win32_1.0.0.202411081344/tools/bin/../lib/gcc/arm-none-eabi/13.3.1/../../../../arm-none-eabi/lib/thumb/v6-m/nofp\libc_nano.a(libc_a-stdio.o)
                              C:/ST/STM32CubeIDE_1.19.0/STM32CubeIDE/plugins/com.st.stm32cube.ide.mcu.externaltools.gnu-tools-for-stm32.13.3.rel1.win32_1.0.0.202411081344/tools/bin/../lib/gcc/arm-none-eabi/13.3.1/../../../../arm-none-eabi/lib/thumb/v6-m/nofp\libc_nano.a(libc_a-findfp.o) (__sread)
C:/ST/STM32CubeIDE_1.19.0/STM32CubeIDE/plugins/com.st.stm32cube.ide.mcu.externaltools.gnu-tools-for-stm32.13.3.rel1.win32_1.0.0.202411081344/tools/bin/../lib/gcc/arm-none-eabi/13.3.1/../../../../arm-none-eabi/lib/thumb/v6-m/nofp\libc_nano.a(libc_a-memset.o)
                              C:/ST/STM32CubeIDE_1.19.0/STM32CubeIDE/plugins/com.st.stm32cube.ide.mcu.externaltools.gnu-tools-for-stm32.13.3.rel1.win32_1.0.0.202411081344/tools/bin/../lib/gcc/arm-none-eabi/13.3.1/../../../../arm-none-eabi/lib/thumb/v6-m/nofp/crt0.o (memset)
C:/ST/STM32CubeIDE_1.19.0/STM32CubeIDE/plugins/com.st.stm32cube.ide.mcu.externaltools.gnu-tools-for-stm32.13.3.rel1.win32_1.0.0.202411081344/tools/bin/../lib/gcc/arm-none-eabi/13.3.1/../../../../arm-none-eabi/lib/thumb/v6-m/nofp\libc_nano.a(libc_a-closer.o)
                              C:/ST/STM32CubeIDE_1.19.0/STM32CubeIDE/plugins/com.st.stm32cube.ide.mcu.externaltools.gnu-tools-for-stm32.13.3.rel1.win32_1.0.0.202411081344/tools/bin/../lib/gcc/arm-none-eabi/13.3.1/../../../../arm-none-eabi/lib/thumb/v6-m/nofp\libc_nano.a(libc_a-stdio.o) (_close_r)
C:/ST/STM32CubeIDE_1.19.0/STM32CubeIDE/plugins/com.st.stm32cube.ide.mcu.externaltools.gnu-tools-for-stm32.13.3.rel1.win32_1.0.0.202411081344/tools/bin/../lib/gcc/arm-none-eabi/13.3.1/../../../../arm-none-eabi/lib/thumb/v6-m/nofp\libc_nano.a(libc_a-reent.o)
                              C:/ST/STM32CubeIDE_1.19.0/STM32CubeIDE/plugins/com.st.stm32cube.ide.mcu.externaltools.gnu-tools-for-stm32.13.3.rel1.win32_1.0.0.202411081344/tools/bin/../lib/gcc/arm-none-eabi/13.3.1/../../../../arm-none-eabi/lib/thumb/v6-m/nofp\libc_nano.a(libc_a-closer.o) (errno)
C:/ST/STM32CubeIDE_1.19.0/STM32CubeIDE/plugins/com.st.stm32cube.ide.mcu.externaltools.gnu-tools-for-stm32.13.3.rel1.win32_1.0.0.202411081344/tools/bin/../lib/gcc/arm-none-eabi/13.3.1/../../../../arm-none-eabi/lib/thumb/v6-m/nofp\libc_nano.a(libc_a-impure.o)
                              C:/ST/STM32CubeIDE_1.19.0/STM32CubeIDE/plugins/com.st.stm32cube.ide.mcu.externaltools.gnu-tools-for-stm32.13.3.rel1.win32_1.0.0.202411081344/tools/bin/../lib/gcc/arm-none-eabi/13.3.1/../../../../arm-none-eabi/lib/thumb/v6-m/nofp\libc_nano.a(libc_a-reent.o) (_impure_ptr)
C:/ST/STM32CubeIDE_1.19.0/STM32CubeIDE/plugins/com.st.stm32cube.ide.mcu.externaltools.gnu-tools-for-stm32.13.3.rel1.win32_1.0.0.202411081344/tools/bin/../lib/gcc/arm-none-eabi/13.3.1/../../../../arm-none-eabi/lib/thumb/v6-m/nofp\libc_nano.a(libc_a-lseekr.o)
[...]
Memory Configuration

Name             Origin             Length             Attributes
RAM              0x20000000         0x00001800         xrw
FLASH            0x08000000         0x00008000         xr
*default*        0x00000000         0xffffffff

Linker script and memory map

LOAD C:/ST/STM32CubeIDE_1.19.0/STM32CubeIDE/plugins/com.st.stm32cube.ide.mcu.externaltools.gnu-tools-for-stm32.13.3.rel1.win32_1.0.0.202411081344/tools/bin/../lib/gcc/arm-none-eabi/13.3.1/thumb/v6-m/nofp/crti.o
LOAD C:/ST/STM32CubeIDE_1.19.0/STM32CubeIDE/plugins/com.st.stm32cube.ide.mcu.externaltools.gnu-tools-for-stm32.13.3.rel1.win32_1.0.0.202411081344/tools/bin/../lib/gcc/arm-none-eabi/13.3.1/thumb/v6-m/nofp/crtbegin.o
LOAD C:/ST/STM32CubeIDE_1.19.0/STM32CubeIDE/plugins/com.st.stm32cube.ide.mcu.externaltools.gnu-tools-for-stm32.13.3.rel1.win32_1.0.0.202411081344/tools/bin/../lib/gcc/arm-none-eabi/13.3.1/../../../../arm-none-eabi/lib/thumb/v6-m/nofp/crt0.o
LOAD ./Core/Src/main.o
LOAD ./Core/Src/stm32c0xx_hal_msp.o
LOAD ./Core/Src/stm32c0xx_it.o
LOAD ./Core/Src/syscalls.o
LOAD ./Core/Src/sysmem.o
LOAD ./Core/Src/system_stm32c0xx.o
LOAD ./Core/Startup/startup_stm32c011f6px.o
LOAD ./Drivers/STM32C0xx_HAL_Driver/Src/stm32c0xx_hal.o
LOAD ./Drivers/STM32C0xx_HAL_Driver/Src/stm32c0xx_hal_adc.o
LOAD ./Drivers/STM32C0xx_HAL_Driver/Src/stm32c0xx_hal_adc_ex.o
LOAD ./Drivers/STM32C0xx_HAL_Driver/Src/stm32c0xx_hal_cortex.o
LOAD ./Drivers/STM32C0xx_HAL_Driver/Src/stm32c0xx_hal_dma.o
LOAD ./Drivers/STM32C0xx_HAL_Driver/Src/stm32c0xx_hal_dma_ex.o
LOAD ./Drivers/STM32C0xx_HAL_Driver/Src/stm32c0xx_hal_exti.o
LOAD ./Drivers/STM32C0xx_HAL_Driver/Src/stm32c0xx_hal_flash.o
LOAD ./Drivers/STM32C0xx_HAL_Driver/Src/stm32c0xx_hal_flash_ex.o
LOAD ./Drivers/STM32C0xx_HAL_Driver/Src/stm32c0xx_hal_gpio.o
LOAD ./Drivers/STM32C0xx_HAL_Driver/Src/stm32c0xx_hal_pwr.o
LOAD ./Drivers/STM32C0xx_HAL_Driver/Src/stm32c0xx_hal_pwr_ex.o
LOAD ./Drivers/STM32C0xx_HAL_Driver/Src/stm32c0xx_hal_rcc.o
LOAD ./Drivers/STM32C0xx_HAL_Driver/Src/stm32c0xx_hal_rcc_ex.o
LOAD ./Drivers/STM32C0xx_HAL_Driver/Src/stm32c0xx_hal_tim.o
LOAD ./Drivers/STM32C0xx_HAL_Driver/Src/stm32c0xx_hal_tim_ex.o
LOAD ./Drivers/STM32C0xx_HAL_Driver/Src/stm32c0xx_hal_uart.o
LOAD ./Drivers/STM32C0xx_HAL_Driver/Src/stm32c0xx_hal_uart_ex.o
START GROUP
LOAD C:/ST/STM32CubeIDE_1.19.0/STM32CubeIDE/plugins/com.st.stm32cube.ide.mcu.externaltools.gnu-tools-for-stm32.13.3.rel1.win32_1.0.0.202411081344/tools/bin/../lib/gcc/arm-none-eabi/13.3.1/../../../../arm-none-eabi/lib/thumb/v6-m/nofp\libc_nano.a
LOAD C:/ST/STM32CubeIDE_1.19.0/STM32CubeIDE/plugins/com.st.stm32cube.ide.mcu.externaltools.gnu-tools-for-stm32.13.3.rel1.win32_1.0.0.202411081344/tools/bin/../lib/gcc/arm-none-eabi/13.3.1/../../../../arm-none-eabi/lib/thumb/v6-m/nofp\libm.a
END GROUP
START GROUP
LOAD C:/ST/STM32CubeIDE_1.19.0/STM32CubeIDE/plugins/com.st.stm32cube.ide.mcu.externaltools.gnu-tools-for-stm32.13.3.rel1.win32_1.0.0.202411081344/tools/bin/../lib/gcc/arm-none-eabi/13.3.1/thumb/v6-m/nofp\libgcc.a
LOAD C:/ST/STM32CubeIDE_1.19.0/STM32CubeIDE/plugins/com.st.stm32cube.ide.mcu.externaltools.gnu-tools-for-stm32.13.3.rel1.win32_1.0.0.202411081344/tools/bin/../lib/gcc/arm-none-eabi/13.3.1/../../../../arm-none-eabi/lib/thumb/v6-m/nofp\libc_nano.a
END GROUP
START GROUP
LOAD C:/ST/STM32CubeIDE_1.19.0/STM32CubeIDE/plugins/com.st.stm32cube.ide.mcu.externaltools.gnu-tools-for-stm32.13.3.rel1.win32_1.0.0.202411081344/tools/bin/../lib/gcc/arm-none-eabi/13.3.1/thumb/v6-m/nofp\libgcc.a
LOAD C:/ST/STM32CubeIDE_1.19.0/STM32CubeIDE/plugins/com.st.stm32cube.ide.mcu.externaltools.gnu-tools-for-stm32.13.3.rel1.win32_1.0.0.202411081344/tools/bin/../lib/gcc/arm-none-eabi/13.3.1/../../../../arm-none-eabi/lib/thumb/v6-m/nofp\libc_nano.a
LOAD C:/ST/STM32CubeIDE_1.19.0/STM32CubeIDE/plugins/com.st.stm32cube.ide.mcu.externaltools.gnu-tools-for-stm32.13.3.rel1.win32_1.0.0.202411081344/tools/bin/../lib/gcc/arm-none-eabi/13.3.1/../../../../arm-none-eabi/lib/thumb/v6-m/nofp\libnosys.a
END GROUP
START GROUP
LOAD C:/ST/STM32CubeIDE_1.19.0/STM32CubeIDE/plugins/com.st.stm32cube.ide.mcu.externaltools.gnu-tools-for-stm32.13.3.rel1.win32_1.0.0.202411081344/tools/bin/../lib/gcc/arm-none-eabi/13.3.1/thumb/v6-m/nofp\libgcc.a
LOAD C:/ST/STM32CubeIDE_1.19.0/STM32CubeIDE/plugins/com.st.stm32cube.ide.mcu.externaltools.gnu-tools-for-stm32.13.3.rel1.win32_1.0.0.202411081344/tools/bin/../lib/gcc/arm-none-eabi/13.3.1/../../../../arm-none-eabi/lib/thumb/v6-m/nofp\libc_nano.a
LOAD C:/ST/STM32CubeIDE_1.19.0/STM32CubeIDE/plugins/com.st.stm32cube.ide.mcu.externaltools.gnu-tools-for-stm32.13.3.rel1.win32_1.0.0.202411081344/tools/bin/../lib/gcc/arm-none-eabi/13.3.1/../../../../arm-none-eabi/lib/thumb/v6-m/nofp\libnosys.a
END GROUP
LOAD C:/ST/STM32CubeIDE_1.19.0/STM32CubeIDE/plugins/com.st.stm32cube.ide.mcu.externaltools.gnu-tools-for-stm32.13.3.rel1.win32_1.0.0.202411081344/tools/bin/../lib/gcc/arm-none-eabi/13.3.1/thumb/v6-m/nofp/crtend.o
LOAD C:/ST/STM32CubeIDE_1.19.0/STM32CubeIDE/plugins/com.st.stm32cube.ide.mcu.externaltools.gnu-tools-for-stm32.13.3.rel1.win32_1.0.0.202411081344/tools/bin/../lib/gcc/arm-none-eabi/13.3.1/thumb/v6-m/nofp/crtn.o
                0x20001800                        _estack = (ORIGIN (RAM) + LENGTH (RAM))
                0x00000200                        _Min_Heap_Size = 0x200
                0x00000400                        _Min_Stack_Size = 0x400

.isr_vector     0x08000000       0xc0
                0x08000000                        . = ALIGN (0x4)
 *(.isr_vector)
 .isr_vector    0x08000000       0xc0 ./Core/Startup/startup_stm32c011f6px.o
                0x08000000                g_pfnVectors
                0x080000c0                        . = ALIGN (0x4)

.text           0x080000c0     0x2b48
                0x080000c0                        . = ALIGN (0x4)
 *(.text)
 .text          0x080000c0       0x48 C:/ST/STM32CubeIDE_1.19.0/STM32CubeIDE/plugins/com.st.stm32cube.ide.mcu.externaltools.gnu-tools-for-stm32.13.3.rel1.win32_1.0.0.202411081344/tools/bin/../lib/gcc/arm-none-eabi/13.3.1/thumb/v6-m/nofp/crtbegin.o
 .text          0x08000108       0x14 C:/ST/STM32CubeIDE_1.19.0/STM32CubeIDE/plugins/com.st.stm32cube.ide.mcu.externaltools.gnu-tools-for-stm32.13.3.rel1.win32_1.0.0.202411081344/tools/bin/../lib/gcc/arm-none-eabi/13.3.1/thumb/v6-m/nofp\libgcc.a(_thumb1_case_uqi.o)
                0x08000108                __gnu_thumb1_case_uqi
 .text          0x0800011c       0x14 C:/ST/STM32CubeIDE_1.19.0/STM32CubeIDE/plugins/com.st.stm32cube.ide.mcu.externaltools.gnu-tools-for-stm32.13.3.rel1.win32_1.0.0.202411081344/tools/bin/../lib/gcc/arm-none-eabi/13.3.1/thumb/v6-m/nofp\libgcc.a(_thumb1_case_uhi.o)
                0x0800011c                __gnu_thumb1_case_uhi
 .text          0x08000130      0x114 C:/ST/STM32CubeIDE_1.19.0/STM32CubeIDE/plugins/com.st.stm32cube.ide.mcu.externaltools.gnu-tools-for-stm32.13.3.rel1.win32_1.0.0.202411081344/tools/bin/../lib/gcc/arm-none-eabi/13.3.1/thumb/v6-m/nofp\libgcc.a(_udivsi3.o)
                0x08000130                __aeabi_uidiv
                0x08000130                __udivsi3
                0x0800023c                __aeabi_uidivmod
 .text          0x08000244      0x1d4 C:/ST/STM32CubeIDE_1.19.0/STM32CubeIDE/plugins/com.st.stm32cube.ide.mcu.externaltools.gnu-tools-for-stm32.13.3.rel1.win32_1.0.0.202411081344/tools/bin/../lib/gcc/arm-none-eabi/13.3.1/thumb/v6-m/nofp\libgcc.a(_divsi3.o)
                0x08000244                __divsi3
                0x08000244                __aeabi_idiv
                0x08000410                __aeabi_idivmod
 .text          0x08000418        0x4 C:/ST/STM32CubeIDE_1.19.0/STM32CubeIDE/plugins/com.st.stm32cube.ide.mcu.externaltools.gnu-tools-for-stm32.13.3.rel1.win32_1.0.0.202411081344/tools/bin/../lib/gcc/arm-none-eabi/13.3.1/thumb/v6-m/nofp\libgcc.a(_dvmd_tls.o)
                0x08000418                __aeabi_idiv0
                0x08000418                __aeabi_ldiv0
 *(.text*)
 .text.HAL_UART_RxCpltCallback
                0x0800041c       0xa8 ./Core/Src/main.o
                0x0800041c                HAL_UART_RxCpltCallback
 .text.adc_init
                0x080004c4       0x2c ./Core/Src/main.o
                0x080004c4                adc_init
 .text.read_adc_channel
                0x080004f0       0x20 ./Core/Src/main.o
                0x080004f0                read_adc_channel
 .text.parse_two_digit_decimal
                0x08000510       0x1c ./Core/Src/main.o
                0x08000510                parse_two_digit_decimal
 .text.save_persistent_data
                0x0800052c       0x58 ./Core/Src/main.o
                0x0800052c                save_persistent_data
 .text.load_persistent_data
                0x08000584       0x48 ./Core/Src/main.o
                0x08000584                load_persistent_data
 .text.update_config_if_changed
                0x080005cc       0x14 ./Core/Src/main.o
                0x080005cc                update_config_if_changed
 .text.validate_command
                0x080005e0       0x58 ./Core/Src/main.o
                0x080005e0                validate_command
 .text.SystemClock_Config
                0x08000638       0x64 ./Core/Src/main.o
                0x08000638                SystemClock_Config
 .text.startup.main
                0x0800069c      0x6c0 ./Core/Src/main.o
                0x0800069c                main
 .text.HAL_MspInit
                0x08000d5c       0x30 ./Core/Src/stm32c0xx_hal_msp.o
                0x08000d5c                HAL_MspInit
 .text.HAL_TIM_Base_MspInit
                0x08000d8c       0x28 ./Core/Src/stm32c0xx_hal_msp.o
                0x08000d8c                HAL_TIM_Base_MspInit
 .text.HAL_TIM_MspPostInit
                0x08000db4       0x4c ./Core/Src/stm32c0xx_hal_msp.o
                0x08000db4                HAL_TIM_MspPostInit
 .text.HAL_UART_MspInit
                0x08000e00       0x8c ./Core/Src/stm32c0xx_hal_msp.o
                0x08000e00                HAL_UART_MspInit
 .text.NMI_Handler
                0x08000e8c        0x2 ./Core/Src/stm32c0xx_it.o
                0x08000e8c                NMI_Handler
 .text.HardFault_Handler
                0x08000e8e        0x2 ./Core/Src/stm32c0xx_it.o
                0x08000e8e                HardFault_Handler
 .text.SVC_Handler
                0x08000e90        0x2 ./Core/Src/stm32c0xx_it.o
                0x08000e90                SVC_Handler
 .text.PendSV_Handler
                0x08000e92        0x2 ./Core/Src/stm32c0xx_it.o
                0x08000e92                PendSV_Handler
 .text.SysTick_Handler
                0x08000e94        0x8 ./Core/Src/stm32c0xx_it.o
                0x08000e94                SysTick_Handler
 .text.SystemInit
                0x08000e9c       0x10 ./Core/Src/system_stm32c0xx.o
                0x08000e9c                SystemInit
 .text.Reset_Handler
                0x08000eac       0x50 ./Core/Startup/startup_stm32c011f6px.o
                0x08000eac                Reset_Handler
 .text.Default_Handler
                0x08000efc        0x2 ./Core/Startup/startup_stm32c011f6px.o
                0x08000efc                TIM1_CC_IRQHandler
                0x08000efc                I2C1_IRQHandler
                0x08000efc                DMAMUX1_IRQHandler
                0x08000efc                SPI1_IRQHandler
                0x08000efc                EXTI2_3_IRQHandler
                0x08000efc                ADC1_IRQHandler
                0x08000efc                TIM17_IRQHandler
                0x08000efc                RTC_IRQHandler
                0x08000efc                TIM16_IRQHandler
                0x08000efc                TIM3_IRQHandler
                0x08000efc                EXTI4_15_IRQHandler
                0x08000efc                RCC_IRQHandler
                0x08000efc                DMA1_Channel1_IRQHandler
                0x08000efc                Default_Handler
                0x08000efc                TIM14_IRQHandler
                0x08000efc                EXTI0_1_IRQHandler
                0x08000efc                WWDG_IRQHandler
                0x08000efc                DMA1_Channel2_3_IRQHandler
                0x08000efc                USART2_IRQHandler
                0x08000efc                FLASH_IRQHandler
                0x08000efc                USART1_IRQHandler
                0x08000efc                TIM1_BRK_UP_TRG_COM_IRQHandler
 *fill*         0x08000efe        0x2 
 .text.HAL_InitTick
                0x08000f00       0x50 ./Drivers/STM32C0xx_HAL_Driver/Src/stm32c0xx_hal.o
                0x08000f00                HAL_InitTick
 .text.HAL_Init
                0x08000f50       0x18 ./Drivers/STM32C0xx_HAL_Driver/Src/stm32c0xx_hal.o
                0x08000f50                HAL_Init
 .text.HAL_IncTick
                0x08000f68       0x18 ./Drivers/STM32C0xx_HAL_Driver/Src/stm32c0xx_hal.o
                0x08000f68                HAL_IncTick
 .text.HAL_GetTick
                0x08000f80        0xc ./Drivers/STM32C0xx_HAL_Driver/Src/stm32c0xx_hal.o
                0x08000f80                HAL_GetTick
 .text.HAL_NVIC_SetPriority
                0x08000f8c       0x54 ./Drivers/STM32C0xx_HAL_Driver/Src/stm32c0xx_hal_cortex.o
                0x08000f8c                HAL_NVIC_SetPriority
 .text.HAL_NVIC_EnableIRQ
                0x08000fe0       0x18 ./Drivers/STM32C0xx_HAL_Driver/Src/stm32c0xx_hal_cortex.o
                0x08000fe0                HAL_NVIC_EnableIRQ
 .text.HAL_SYSTICK_Config
                0x08000ff8       0x34 ./Drivers/STM32C0xx_HAL_Driver/Src/stm32c0xx_hal_cortex.o
                0x08000ff8                HAL_SYSTICK_Config
 .text.HAL_FLASH_Unlock
                0x0800102c       0x24 ./Drivers/STM32C0xx_HAL_Driver/Src/stm32c0xx_hal_flash.o
                0x0800102c                HAL_FLASH_Unlock
 .text.HAL_FLASH_Lock
                0x08001050       0x18 ./Drivers/STM32C0xx_HAL_Driver/Src/stm32c0xx_hal_flash.o
                0x08001050                HAL_FLASH_Lock
 .text.FLASH_WaitForLastOperation
                0x08001068       0x60 ./Drivers/STM32C0xx_HAL_Driver/Src/stm32c0xx_hal_flash.o
                0x08001068                FLASH_WaitForLastOperation
 .text.HAL_FLASH_Program
                0x080010c8       0x68 ./Drivers/STM32C0xx_HAL_Driver/Src/stm32c0xx_hal_flash.o
                0x080010c8                HAL_FLASH_Program
 .text.FLASH_PageErase
                0x08001130       0x1c ./Drivers/STM32C0xx_HAL_Driver/Src/stm32c0xx_hal_flash_ex.o
                0x08001130                FLASH_PageErase
 .text.HAL_FLASHEx_Erase
                0x0800114c       0x90 ./Drivers/STM32C0xx_HAL_Driver/Src/stm32c0xx_hal_flash_ex.o
                0x0800114c                HAL_FLASHEx_Erase
 .text.HAL_GPIO_Init
                0x080011dc      0x168 ./Drivers/STM32C0xx_HAL_Driver/Src/stm32c0xx_hal_gpio.o
                0x080011dc                HAL_GPIO_Init
 .text.HAL_GPIO_WritePin
                0x08001344        0xc ./Drivers/STM32C0xx_HAL_Driver/Src/stm32c0xx_hal_gpio.o
                0x08001344                HAL_GPIO_WritePin
 .text.HAL_RCC_OscConfig
                0x08001350      0x26c ./Drivers/STM32C0xx_HAL_Driver/Src/stm32c0xx_hal_rcc.o
                0x08001350                HAL_RCC_OscConfig
 .text.HAL_RCC_GetSysClockFreq
                0x080015bc       0x4c ./Drivers/STM32C0xx_HAL_Driver/Src/stm32c0xx_hal_rcc.o
                0x080015bc                HAL_RCC_GetSysClockFreq
 .text.HAL_RCC_ClockConfig
                0x08001608      0x158 ./Drivers/STM32C0xx_HAL_Driver/Src/stm32c0xx_hal_rcc.o
                0x08001608                HAL_RCC_ClockConfig
 .text.HAL_RCC_GetHCLKFreq
                0x08001760       0x2c ./Drivers/STM32C0xx_HAL_Driver/Src/stm32c0xx_hal_rcc.o
                0x08001760                HAL_RCC_GetHCLKFreq
 .text.HAL_RCC_GetPCLK1Freq
                0x0800178c       0x24 ./Drivers/STM32C0xx_HAL_Driver/Src/stm32c0xx_hal_rcc.o
                0x0800178c                HAL_RCC_GetPCLK1Freq
 .text.TIM_OC1_SetConfig
                0x080017b0       0x6c ./Drivers/STM32C0xx_HAL_Driver/Src/stm32c0xx_hal_tim.o
 .text.TIM_OC3_SetConfig
                0x0800181c       0x84 ./Drivers/STM32C0xx_HAL_Driver/Src/stm32c0xx_hal_tim.o
 .text.TIM_OC4_SetConfig
                0x080018a0       0x68 ./Drivers/STM32C0xx_HAL_Driver/Src/stm32c0xx_hal_tim.o
 .text.TIM_OC5_SetConfig
                0x08001908       0x60 ./Drivers/STM32C0xx_HAL_Driver/Src/stm32c0xx_hal_tim.o
 .text.TIM_OC6_SetConfig
                0x08001968       0x68 ./Drivers/STM32C0xx_HAL_Driver/Src/stm32c0xx_hal_tim.o
 .text.HAL_TIM_PWM_MspInit
                0x080019d0        0x2 ./Drivers/STM32C0xx_HAL_Driver/Src/stm32c0xx_hal_tim.o
                0x080019d0                HAL_TIM_PWM_MspInit
 *fill*         0x080019d2        0x2 
 .text.TIM_Base_SetConfig
                0x080019d4       0x84 ./Drivers/STM32C0xx_HAL_Driver/Src/stm32c0xx_hal_tim.o
                0x080019d4                TIM_Base_SetConfig
 .text.HAL_TIM_Base_Init
                0x08001a58       0x54 ./Drivers/STM32C0xx_HAL_Driver/Src/stm32c0xx_hal_tim.o
                0x08001a58                HAL_TIM_Base_Init
 .text.HAL_TIM_PWM_Init
                0x08001aac       0x54 ./Drivers/STM32C0xx_HAL_Driver/Src/stm32c0xx_hal_tim.o
                0x08001aac                HAL_TIM_PWM_Init
 .text.TIM_OC2_SetConfig
                0x08001b00       0x78 ./Drivers/STM32C0xx_HAL_Driver/Src/stm32c0xx_hal_tim.o
                0x08001b00                TIM_OC2_SetConfig
 .text.HAL_TIM_PWM_ConfigChannel
                0x08001b78      0x10c ./Drivers/STM32C0xx_HAL_Driver/Src/stm32c0xx_hal_tim.o
                0x08001b78                HAL_TIM_PWM_ConfigChannel
 .text.TIM_ETR_SetConfig
                0x08001c84       0x18 ./Drivers/STM32C0xx_HAL_Driver/Src/stm32c0xx_hal_tim.o
                0x08001c84                TIM_ETR_SetConfig
 .text.HAL_TIM_ConfigClockSource
                0x08001c9c      0x130 ./Drivers/STM32C0xx_HAL_Driver/Src/stm32c0xx_hal_tim.o
                0x08001c9c                HAL_TIM_ConfigClockSource
 .text.TIM_CCxChannelCmd
                0x08001dcc       0x1a ./Drivers/STM32C0xx_HAL_Driver/Src/stm32c0xx_hal_tim.o
                0x08001dcc                TIM_CCxChannelCmd
 *fill*         0x08001de6        0x2 
 .text.HAL_TIM_OC_Start
                0x08001de8       0xf0 ./Drivers/STM32C0xx_HAL_Driver/Src/stm32c0xx_hal_tim.o
                0x08001de8                HAL_TIM_OC_Start
 .text.HAL_TIM_PWM_Start
                0x08001ed8        0x8 ./Drivers/STM32C0xx_HAL_Driver/Src/stm32c0xx_hal_tim.o
                0x08001ed8                HAL_TIM_PWM_Start
 .text.HAL_TIMEx_MasterConfigSynchronization
                0x08001ee0       0x60 ./Drivers/STM32C0xx_HAL_Driver/Src/stm32c0xx_hal_tim_ex.o
                0x08001ee0                HAL_TIMEx_MasterConfigSynchronization
 .text.UART_EndRxTransfer
                0x08001f40       0x64 ./Drivers/STM32C0xx_HAL_Driver/Src/stm32c0xx_hal_uart.o
 .text.HAL_UART_ErrorCallback
                0x08001fa4        0x2 ./Drivers/STM32C0xx_HAL_Driver/Src/stm32c0xx_hal_uart.o
                0x08001fa4                HAL_UART_ErrorCallback
 .text.HAL_UARTEx_RxEventCallback
                0x08001fa6        0x2 ./Drivers/STM32C0xx_HAL_Driver/Src/stm32c0xx_hal_uart.o
                0x08001fa6                HAL_UARTEx_RxEventCallback
 .text.UART_RxISR_8BIT
                0x08001fa8       0xd8 ./Drivers/STM32C0xx_HAL_Driver/Src/stm32c0xx_hal_uart.o
 .text.UART_RxISR_16BIT
                0x08002080       0xd4 ./Drivers/STM32C0xx_HAL_Driver/Src/stm32c0xx_hal_uart.o
 .text.UART_RxISR_8BIT_FIFOEN
                0x08002154      0x1cc ./Drivers/STM32C0xx_HAL_Driver/Src/stm32c0xx_hal_uart.o
 .text.UART_RxISR_16BIT_FIFOEN
                0x08002320      0x1c8 ./Drivers/STM32C0xx_HAL_Driver/Src/stm32c0xx_hal_uart.o
 .text.UART_SetConfig
                0x080024e8      0x184 ./Drivers/STM32C0xx_HAL_Driver/Src/stm32c0xx_hal_uart.o
                0x080024e8                UART_SetConfig
 .text.UART_AdvFeatureConfig
                0x0800266c       0xd0 ./Drivers/STM32C0xx_HAL_Driver/Src/stm32c0xx_hal_uart.o
                0x0800266c                UART_AdvFeatureConfig
 .text.UART_WaitOnFlagUntilTimeout
                0x0800273c       0x92 ./Drivers/STM32C0xx_HAL_Driver/Src/stm32c0xx_hal_uart.o
                0x0800273c                UART_WaitOnFlagUntilTimeout
 .text.HAL_UART_Transmit
                0x080027ce       0xd4 ./Drivers/STM32C0xx_HAL_Driver/Src/stm32c0xx_hal_uart.o
                0x080027ce                HAL_UART_Transmit
 *fill*         0x080028a2        0x2 
 .text.UART_CheckIdleState
                0x080028a4       0xc8 ./Drivers/STM32C0xx_HAL_Driver/Src/stm32c0xx_hal_uart.o
                0x080028a4                UART_CheckIdleState
 .text.UART_Start_Receive_IT
                0x0800296c      0x134 ./Drivers/STM32C0xx_HAL_Driver/Src/stm32c0xx_hal_uart.o
                0x0800296c                UART_Start_Receive_IT
 .text.HAL_UART_Receive_IT
                0x08002aa0       0x5c ./Drivers/STM32C0xx_HAL_Driver/Src/stm32c0xx_hal_uart.o
                0x08002aa0                HAL_UART_Receive_IT
 .text.HAL_RS485Ex_Init
                0x08002afc       0x8c ./Drivers/STM32C0xx_HAL_Driver/Src/stm32c0xx_hal_uart_ex.o
                0x08002afc                HAL_RS485Ex_Init
 .text.memset   0x08002b88       0x10 C:/ST/STM32CubeIDE_1.19.0/STM32CubeIDE/plugins/com.st.stm32cube.ide.mcu.externaltools.gnu-tools-for-stm32.13.3.rel1.win32_1.0.0.202411081344/tools/bin/../lib/gcc/arm-none-eabi/13.3.1/../../../../arm-none-eabi/lib/thumb/v6-m/nofp\libc_nano.a(libc_a-memset.o)
                0x08002b88                memset
 .text.__libc_init_array
                0x08002b98       0x48 C:/ST/STM32CubeIDE_1.19.0/STM32CubeIDE/plugins/com.st.stm32cube.ide.mcu.externaltools.gnu-tools-for-stm32.13.3.rel1.win32_1.0.0.202411081344/tools/bin/../lib/gcc/arm-none-eabi/13.3.1/../../../../arm-none-eabi/lib/thumb/v6-m/nofp\libc_nano.a(libc_a-init.o)
                0x08002b98                __libc_init_array
 *(.glue_7)
 .glue_7        0x08002be0        0x0 linker stubs
 *(.glue_7t)
 .glue_7t       0x08002be0        0x0 linker stubs
 *(.eh_frame)
 .eh_frame      0x08002be0        0x0 C:/ST/STM32CubeIDE_1.19.0/STM32CubeIDE/plugins/com.st.stm32cube.ide.mcu.externaltools.gnu-tools-for-stm32.13.3.rel1.win32_1.0.0.202411081344/tools/bin/../lib/gcc/arm-none-eabi/13.3.1/thumb/v6-m/nofp/crtbegin.o
 *(.init)
 .init          0x08002be0        0x4 C:/ST/STM32CubeIDE_1.19.0/STM32CubeIDE/plugins/com.st.stm32cube.ide.mcu.externaltools.gnu-tools-for-stm32.13.3.rel1.win32_1.0.0.202411081344/tools/bin/../lib/gcc/arm-none-eabi/13.3.1/thumb/v6-m/nofp/crti.o
                0x08002be0                _init
 .init          0x08002be4        0x8 C:/ST/STM32CubeIDE_1.19.0/STM32CubeIDE/plugins/com.st.stm32cube.ide.mcu.externaltools.gnu-tools-for-stm32.13.3.rel1.win32_1.0.0.202411081344/tools/bin/../lib/gcc/arm-none-eabi/13.3.1/thumb/v6-m/nofp/crtn.o
 *(.fini)
 .fini          0x08002bec        0x4 C:/ST/STM32CubeIDE_1.19.0/STM32CubeIDE/plugins/com.st.stm32cube.ide.mcu.externaltools.gnu-tools-for-stm32.13.3.rel1.win32_1.0.0.202411081344/tools/bin/../lib/gcc/arm-none-eabi/13.3.1/thumb/v6-m/nofp/crti.o
                0x08002bec                _fini
 .fini          0x08002bf0        0x8 C:/ST/STM32CubeIDE_1.19.0/STM32CubeIDE/plugins/com.st.stm32cube.ide.mcu.externaltools.gnu-tools-for-stm32.13.3.rel1.win32_1.0.0.202411081344/tools/bin/../lib/gcc/arm-none-eabi/13.3.1/thumb/v6-m/nofp/crtn.o
 .fini.__stub   0x08002bf8       0x10 linker stubs
                0x08002c08                        . = ALIGN (0x4)
                0x08002c08                        _etext = .

.vfp11_veneer   0x08002c08        0x0
 .vfp11_veneer  0x08002c08        0x0 linker stubs

.v4_bx          0x08002c08        0x0
 .v4_bx         0x08002c08        0x0 linker stubs

.iplt           0x08002c08        0x0
 .iplt          0x08002c08        0x0 C:/ST/STM32CubeIDE_1.19.0/STM32CubeIDE/plugins/com.st.stm32cube.ide.mcu.externaltools.gnu-tools-for-stm32.13.3.rel1.win32_1.0.0.202411081344/tools/bin/../lib/gcc/arm-none-eabi/13.3.1/thumb/v6-m/nofp/crtbegin.o

.rodata         0x08002c08       0x84
                0x08002c08                        . = ALIGN (0x4)
 *(.rodata)
 *(.rodata*)
 .rodata.main.str1.1
                0x08002c08        0x6 ./Core/Src/main.o
 *fill*         0x08002c0e        0x2 
 .rodata.APBPrescTable
                0x08002c10       0x20 ./Core/Src/system_stm32c0xx.o
                0x08002c10                APBPrescTable
 .rodata.AHBPrescTable
                0x08002c30       0x40 ./Core/Src/system_stm32c0xx.o
                0x08002c30                AHBPrescTable
 .rodata.CSWTCH.66
                0x08002c70        0x3 ./Drivers/STM32C0xx_HAL_Driver/Src/stm32c0xx_hal_uart.o
 *fill*         0x08002c73        0x1 
 .rodata.UARTPrescTable
                0x08002c74       0x18 ./Drivers/STM32C0xx_HAL_Driver/Src/stm32c0xx_hal_uart.o
                0x08002c74                UARTPrescTable
                0x08002c8c                        . = ALIGN (0x4)

.ARM.extab      0x08002c8c        0x0
                0x08002c8c                        . = ALIGN (0x4)
 *(.ARM.extab* .gnu.linkonce.armextab.*)
                0x08002c8c                        . = ALIGN (0x4)

.ARM            0x08002c8c        0x0
                0x08002c8c                        . = ALIGN (0x4)
                0x08002c8c                        __exidx_start = .
 *(.ARM.exidx*)
                0x08002c8c                        __exidx_end = .
                0x08002c8c                        . = ALIGN (0x4)

.preinit_array  0x08002c8c        0x0
                0x08002c8c                        . = ALIGN (0x4)
                0x08002c8c                        PROVIDE (__preinit_array_start = .)
 *(.preinit_array*)
                0x08002c8c                        PROVIDE (__preinit_array_end = .)
                0x08002c8c                        . = ALIGN (0x4)

.init_array     0x08002c8c        0x4
                0x08002c8c                        . = ALIGN (0x4)
                0x08002c8c                        PROVIDE (__init_array_start = .)
 *(SORT_BY_NAME(.init_array.*))
 *(.init_array*)
 .init_array    0x08002c8c        0x4 C:/ST/STM32CubeIDE_1.19.0/STM32CubeIDE/plugins/com.st.stm32cube.ide.mcu.externaltools.gnu-tools-for-stm32.13.3.rel1.win32_1.0.0.202411081344/tools/bin/../lib/gcc/arm-none-eabi/13.3.1/thumb/v6-m/nofp/crtbegin.o
                0x08002c90                        PROVIDE (__init_array_end = .)
                0x08002c90                        . = ALIGN (0x4)

.fini_array     0x08002c90        0x4
                0x08002c90                        . = ALIGN (0x4)
                [!provide]                        PROVIDE (__fini_array_start = .)
 *(SORT_BY_NAME(.fini_array.*))
 *(.fini_array*)
 .fini_array    0x08002c90        0x4 C:/ST/STM32CubeIDE_1.19.0/STM32CubeIDE/plugins/com.st.stm32cube.ide.mcu.externaltools.gnu-tools-for-stm32.13.3.rel1.win32_1.0.0.202411081344/tools/bin/../lib/gcc/arm-none-eabi/13.3.1/thumb/v6-m/nofp/crtbegin.o
                [!provide]                        PROVIDE (__fini_array_end = .)
                0x08002c94                        . = ALIGN (0x4)
                0x08002c94                        _sidata = LOADADDR (.data)

.rel.dyn        0x08002c94        0x0
 .rel.iplt      0x08002c94        0x0 C:/ST/STM32CubeIDE_1.19.0/STM32CubeIDE/plugins/com.st.stm32cube.ide.mcu.externaltools.gnu-tools-for-stm32.13.3.rel1.win32_1.0.0.202411081344/tools/bin/../lib/gcc/arm-none-eabi/13.3.1/thumb/v6-m/nofp/crtbegin.o

.data           0x20000000       0x68 load address 0x08002c94
                0x20000000                        . = ALIGN (0x4)
                0x20000000                        _sdata = .
 *(.data)
 *(.data*)
 .data.init_speed
                0x20000000        0x2 ./Core/Src/main.o
                0x20000000                init_speed
 *fill*         0x20000002        0x2 
 .data.ramp_up_time
                0x20000004        0x4 ./Core/Src/main.o
                0x20000004                ramp_up_time
 .data.enabled  0x20000008        0x1 ./Core/Src/main.o
                0x20000008                enabled
 .data.alpha    0x20000009        0x1 ./Core/Src/main.o
                0x20000009                alpha
 .data.target_hit
                0x2000000a        0x2 ./Core/Src/main.o
                0x2000000a                target_hit
 .data.targetAngle
                0x2000000c        0x2 ./Core/Src/main.o
                0x2000000c                targetAngle
 *fill*         0x2000000e        0x2 
 .data.config   0x20000010       0x14 ./Core/Src/main.o
                0x20000010                config
 .data.SystemCoreClock
                0x20000024        0x4 ./Core/Src/system_stm32c0xx.o
                0x20000024                SystemCoreClock
 .data.uwTickFreq
                0x20000028        0x1 ./Drivers/STM32C0xx_HAL_Driver/Src/stm32c0xx_hal.o
                0x20000028                uwTickFreq
 *fill*         0x20000029        0x3 
 .data.uwTickPrio
                0x2000002c        0x4 ./Drivers/STM32C0xx_HAL_Driver/Src/stm32c0xx_hal.o
                0x2000002c                uwTickPrio
 *(.RamFunc)
 .RamFunc       0x20000030       0x38 ./Drivers/STM32C0xx_HAL_Driver/Src/stm32c0xx_hal_flash.o
 *(.RamFunc*)
                0x20000068                        . = ALIGN (0x4)
                0x20000068                        _edata = .

.igot.plt       0x20000068        0x0 load address 0x08002cfc
 .igot.plt      0x20000068        0x0 C:/ST/STM32CubeIDE_1.19.0/STM32CubeIDE/plugins/com.st.stm32cube.ide.mcu.externaltools.gnu-tools-for-stm32.13.3.rel1.win32_1.0.0.202411081344/tools/bin/../lib/gcc/arm-none-eabi/13.3.1/thumb/v6-m/nofp/crtbegin.o
                0x20000068                        . = ALIGN (0x4)

.bss            0x20000068      0x14c load address 0x08002cfc
                0x20000068                        _sbss = .
                0x20000068                        __bss_start__ = _sbss
 *(.bss)
 .bss           0x20000068       0x1c C:/ST/STM32CubeIDE_1.19.0/STM32CubeIDE/plugins/com.st.stm32cube.ide.mcu.externaltools.gnu-tools-for-stm32.13.3.rel1.win32_1.0.0.202411081344/tools/bin/../lib/gcc/arm-none-eabi/13.3.1/thumb/v6-m/nofp/crtbegin.o
 *(.bss*)
 .bss.last_deriv_tick.0
                0x20000084        0x4 ./Core/Src/main.o
 .bss.last_move_command
                0x20000088        0x4 ./Core/Src/main.o
                0x20000088                last_move_command
 .bss.debug     0x2000008c        0x1 ./Core/Src/main.o
                0x2000008c                debug
 *fill*         0x2000008d        0x3 
 .bss.rolling_delta_error
                0x20000090        0x4 ./Core/Src/main.o
                0x20000090                rolling_delta_error
 .bss.command_int
                0x20000094        0x1 ./Core/Src/main.o
                0x20000094                command_int
 .bss.command_buffer
                0x20000095       0x10 ./Core/Src/main.o
                0x20000095                command_buffer
 .bss.rx_buffer_index
                0x200000a5        0x1 ./Core/Src/main.o
                0x200000a5                rx_buffer_index
 .bss.rx_buffer
                0x200000a6       0x10 ./Core/Src/main.o
                0x200000a6                rx_buffer
 .bss.rx_byte   0x200000b6        0x1 ./Core/Src/main.o
                0x200000b6                rx_byte
 *fill*         0x200000b7        0x1 
 .bss.huart2    0x200000b8       0x94 ./Core/Src/main.o
                0x200000b8                huart2
 .bss.htim3     0x2000014c       0x4c ./Core/Src/main.o
                0x2000014c                htim3
 .bss.uwTick    0x20000198        0x4 ./Drivers/STM32C0xx_HAL_Driver/Src/stm32c0xx_hal.o
                0x20000198                uwTick
 .bss.pFlash    0x2000019c       0x18 ./Drivers/STM32C0xx_HAL_Driver/Src/stm32c0xx_hal_flash.o
                0x2000019c                pFlash
 *(COMMON)
                0x200001b4                        . = ALIGN (0x4)
                0x200001b4                        _ebss = .
                0x200001b4                        __bss_end__ = _ebss

._user_heap_stack
                0x200001b4      0x604 load address 0x08002cfc
                0x200001b8                        . = ALIGN (0x8)
 *fill*         0x200001b4        0x4 
                [!provide]                        PROVIDE (end = .)
                0x200001b8                        PROVIDE (_end = .)
                0x200003b8                        . = (. + _Min_Heap_Size)
 *fill*         0x200001b8      0x200 
                0x200007b8                        . = (. + _Min_Stack_Size)
 *fill*         0x200003b8      0x400 
                0x200007b8                        . = ALIGN (0x8)

/DISCARD/
 libc.a(*)
 libm.a(*)
 libgcc.a(*)

.ARM.attributes
                0x00000000       0x28
 *(.ARM.attributes)
 .ARM.attributes
                0x00000000       0x1e C:/ST/STM32CubeIDE_1.19.0/STM32CubeIDE/plugins/com.st.stm32cube.ide.mcu.externaltools.gnu-tools-for-stm32.13.3.rel1.win32_1.0.0.202411081344/tools/bin/../lib/gcc/arm-none-eabi/13.3.1/thumb/v6-m/nofp/crti.o
 .ARM.attributes
                0x0000001e       0x2c C:/ST/STM32CubeIDE_1.19.0/STM32CubeIDE/plugins/com.st.stm32cube.ide.mcu.externaltools.gnu-tools-for-stm32.13.3.rel1.win32_1.0.0.202411081344/tools/bin/../lib/gcc/arm-none-eabi/13.3.1/thumb/v6-m/nofp/crtbegin.o
 .ARM.attributes
                0x0000004a       0x2c ./Core/Src/main.o
 .ARM.attributes
                0x00000076       0x2c ./Core/Src/stm32c0xx_hal_msp.o
 .ARM.attributes
                0x000000a2       0x2c ./Core/Src/stm32c0xx_it.o
 .ARM.attributes
                0x000000ce       0x2c ./Core/Src/system_stm32c0xx.o
 .ARM.attributes
                0x000000fa       0x22 ./Core/Startup/startup_stm32c011f6px.o
 .ARM.attributes
                0x0000011c       0x2c ./Drivers/STM32C0xx_HAL_Driver/Src/stm32c0xx_hal.o
 .ARM.attributes
                0x00000148       0x2c ./Drivers/STM32C0xx_HAL_Driver/Src/stm32c0xx_hal_cortex.o
 .ARM.attributes
                0x00000174       0x2c ./Drivers/STM32C0xx_HAL_Driver/Src/stm32c0xx_hal_flash.o
 .ARM.attributes
                0x000001a0       0x2c ./Drivers/STM32C0xx_HAL_Driver/Src/stm32c0xx_hal_flash_ex.o
 .ARM.attributes
                0x000001cc       0x2c ./Drivers/STM32C0xx_HAL_Driver/Src/stm32c0xx_hal_gpio.o
 .ARM.attributes
                0x000001f8       0x2c ./Drivers/STM32C0xx_HAL_Driver/Src/stm32c0xx_hal_rcc.o
 .ARM.attributes
                0x00000224       0x2c ./Drivers/STM32C0xx_HAL_Driver/Src/stm32c0xx_hal_tim.o
 .ARM.attributes
                0x00000250       0x2c ./Drivers/STM32C0xx_HAL_Driver/Src/stm32c0xx_hal_tim_ex.o
 .ARM.attributes
                0x0000027c       0x2c ./Drivers/STM32C0xx_HAL_Driver/Src/stm32c0xx_hal_uart.o
 .ARM.attributes
                0x000002a8       0x2c ./Drivers/STM32C0xx_HAL_Driver/Src/stm32c0xx_hal_uart_ex.o
 .ARM.attributes
                0x000002d4       0x2c C:/ST/STM32CubeIDE_1.19.0/STM32CubeIDE/plugins/com.st.stm32cube.ide.mcu.externaltools.gnu-tools-for-stm32.13.3.rel1.win32_1.0.0.202411081344/tools/bin/../lib/gcc/arm-none-eabi/13.3.1/../../../../arm-none-eabi/lib/thumb/v6-m/nofp\libc_nano.a(libc_a-memset.o)
 .ARM.attributes
                0x00000300       0x2c C:/ST/STM32CubeIDE_1.19.0/STM32CubeIDE/plugins/com.st.stm32cube.ide.mcu.externaltools.gnu-tools-for-stm32.13.3.rel1.win32_1.0.0.202411081344/tools/bin/../lib/gcc/arm-none-eabi/13.3.1/../../../../arm-none-eabi/lib/thumb/v6-m/nofp\libc_nano.a(libc_a-init.o)
 .ARM.attributes
                0x0000032c       0x1e C:/ST/STM32CubeIDE_1.19.0/STM32CubeIDE/plugins/com.st.stm32cube.ide.mcu.externaltools.gnu-tools-for-stm32.13.3.rel1.win32_1.0.0.202411081344/tools/bin/../lib/gcc/arm-none-eabi/13.3.1/thumb/v6-m/nofp\libgcc.a(_thumb1_case_uqi.o)
 .ARM.attributes
                0x0000034a       0x1e C:/ST/STM32CubeIDE_1.19.0/STM32CubeIDE/plugins/com.st.stm32cube.ide.mcu.externaltools.gnu-tools-for-stm32.13.3.rel1.win32_1.0.0.202411081344/tools/bin/../lib/gcc/arm-none-eabi/13.3.1/thumb/v6-m/nofp\libgcc.a(_thumb1_case_uhi.o)
 .ARM.attributes
                0x00000368       0x1e C:/ST/STM32CubeIDE_1.19.0/STM32CubeIDE/plugins/com.st.stm32cube.ide.mcu.externaltools.gnu-tools-for-stm32.13.3.rel1.win32_1.0.0.202411081344/tools/bin/../lib/gcc/arm-none-eabi/13.3.1/thumb/v6-m/nofp\libgcc.a(_udivsi3.o)
 .ARM.attributes
                0x00000386       0x1e C:/ST/STM32CubeIDE_1.19.0/STM32CubeIDE/plugins/com.st.stm32cube.ide.mcu.externaltools.gnu-tools-for-stm32.13.3.rel1.win32_1.0.0.202411081344/tools/bin/../lib/gcc/arm-none-eabi/13.3.1/thumb/v6-m/nofp\libgcc.a(_divsi3.o)
 .ARM.attributes
                0x000003a4       0x1e C:/ST/STM32CubeIDE_1.19.0/STM32CubeIDE/plugins/com.st.stm32cube.ide.mcu.externaltools.gnu-tools-for-stm32.13.3.rel1.win32_1.0.0.202411081344/tools/bin/../lib/gcc/arm-none-eabi/13.3.1/thumb/v6-m/nofp\libgcc.a(_dvmd_tls.o)
 .ARM.attributes
                0x000003c2       0x1e C:/ST/STM32CubeIDE_1.19.0/STM32CubeIDE/plugins/com.st.stm32cube.ide.mcu.externaltools.gnu-tools-for-stm32.13.3.rel1.win32_1.0.0.202411081344/tools/bin/../lib/gcc/arm-none-eabi/13.3.1/thumb/v6-m/nofp/crtn.o
OUTPUT(Compact DC Motor Driver V2.elf elf32-littlearm)
LOAD linker stubs
LOAD C:/ST/STM32CubeIDE_1.19.0/STM32CubeIDE/plugins/com.st.stm32cube.ide.mcu.externaltools.gnu-tools-for-stm32.13.3.rel1.win32_1.0.0.202411081344/tools/bin/../lib/gcc/arm-none-eabi/13.3.1/../../../../arm-none-eabi/lib/thumb/v6-m/nofp\libc.a
LOAD C:/ST/STM32CubeIDE_1.19.0/STM32CubeIDE/plugins/com.st.stm32cube.ide.mcu.externaltools.gnu-tools-for-stm32.13.3.rel1.win32_1.0.0.202411081344/tools/bin/../lib/gcc/arm-none-eabi/13.3.1/../../../../arm-none-eabi/lib/thumb/v6-m/nofp\libm.a
LOAD C:/ST/STM32CubeIDE_1.19.0/STM32CubeIDE/plugins/com.st.stm32cube.ide.mcu.externaltools.gnu-tools-for-stm32.13.3.rel1.win32_1.0.0.202411081344/tools/bin/../lib/gcc/arm-none-eabi/13.3.1/thumb/v6-m/nofp\libgcc.a

.debug_info     0x00000000    0x14d2e
 .debug_info    0x00000000     0x2721 ./Core/Src/main.o
 .debug_info    0x00002721     0x14c4 ./Core/Src/stm32c0xx_hal_msp.o
 .debug_info    0x00003be5       0xe1 ./Core/Src/stm32c0xx_it.o
 .debug_info    0x00003cc6      0x37f ./Core/Src/system_stm32c0xx.o
 .debug_info    0x00004045       0x30 ./Core/Startup/startup_stm32c011f6px.o
 .debug_info    0x00004075      0x95c ./Drivers/STM32C0xx_HAL_Driver/Src/stm32c0xx_hal.o
 .debug_info    0x000049d1      0xa0a ./Drivers/STM32C0xx_HAL_Driver/Src/stm32c0xx_hal_cortex.o
 .debug_info    0x000053db      0x7f3 ./Drivers/STM32C0xx_HAL_Driver/Src/stm32c0xx_hal_flash.o
 .debug_info    0x00005bce      0xc45 ./Drivers/STM32C0xx_HAL_Driver/Src/stm32c0xx_hal_flash_ex.o
 .debug_info    0x00006813      0x613 ./Drivers/STM32C0xx_HAL_Driver/Src/stm32c0xx_hal_gpio.o
 .debug_info    0x00006e26      0xb19 ./Drivers/STM32C0xx_HAL_Driver/Src/stm32c0xx_hal_rcc.o
 .debug_info    0x0000793f     0x434e ./Drivers/STM32C0xx_HAL_Driver/Src/stm32c0xx_hal_tim.o
 .debug_info    0x0000bc8d     0x1d31 ./Drivers/STM32C0xx_HAL_Driver/Src/stm32c0xx_hal_tim_ex.o
 .debug_info    0x0000d9be     0x6110 ./Drivers/STM32C0xx_HAL_Driver/Src/stm32c0xx_hal_uart.o
 .debug_info    0x00013ace     0x1260 ./Drivers/STM32C0xx_HAL_Driver/Src/stm32c0xx_hal_uart_ex.o

.debug_abbrev   0x00000000     0x2a67
 .debug_abbrev  0x00000000      0x556 ./Core/Src/main.o
 .debug_abbrev  0x00000556      0x250 ./Core/Src/stm32c0xx_hal_msp.o
 .debug_abbrev  0x000007a6       0xb1 ./Core/Src/stm32c0xx_it.o
 .debug_abbrev  0x00000857      0x12e ./Core/Src/system_stm32c0xx.o
 .debug_abbrev  0x00000985       0x24 ./Core/Startup/startup_stm32c011f6px.o
 .debug_abbrev  0x000009a9      0x38e ./Drivers/STM32C0xx_HAL_Driver/Src/stm32c0xx_hal.o
 .debug_abbrev  0x00000d37      0x2d7 ./Drivers/STM32C0xx_HAL_Driver/Src/stm32c0xx_hal_cortex.o
 .debug_abbrev  0x0000100e      0x338 ./Drivers/STM32C0xx_HAL_Driver/Src/stm32c0xx_hal_flash.o
 .debug_abbrev  0x00001346      0x317 ./Drivers/STM32C0xx_HAL_Driver/Src/stm32c0xx_hal_flash_ex.o
 .debug_abbrev  0x0000165d      0x25c ./Drivers/STM32C0xx_HAL_Driver/Src/stm32c0xx_hal_gpio.o
 .debug_abbrev  0x000018b9      0x35c ./Drivers/STM32C0xx_HAL_Driver/Src/stm32c0xx_hal_rcc.o
 .debug_abbrev  0x00001c15      0x3b4 ./Drivers/STM32C0xx_HAL_Driver/Src/stm32c0xx_hal_tim.o
 .debug_abbrev  0x00001fc9      0x323 ./Drivers/STM32C0xx_HAL_Driver/Src/stm32c0xx_hal_tim_ex.o
 .debug_abbrev  0x000022ec      0x431 ./Drivers/STM32C0xx_HAL_Driver/Src/stm32c0xx_hal_uart.o
 .debug_abbrev  0x0000271d      0x34a ./Drivers/STM32C0xx_HAL_Driver/Src/stm32c0xx_hal_uart_ex.o

.debug_loclists
                0x00000000     0x9b10
 .debug_loclists
                0x00000000      0x7a9 ./Core/Src/main.o
 .debug_loclists
                0x000007a9       0xb3 ./Core/Src/stm32c0xx_hal_msp.o
 .debug_loclists
                0x0000085c       0x37 ./Core/Src/system_stm32c0xx.o
 .debug_loclists
                0x00000893      0x17b ./Drivers/STM32C0xx_HAL_Driver/Src/stm32c0xx_hal.o
 .debug_loclists
                0x00000a0e      0x355 ./Drivers/STM32C0xx_HAL_Driver/Src/stm32c0xx_hal_cortex.o
 .debug_loclists
                0x00000d63      0x3d8 ./Drivers/STM32C0xx_HAL_Driver/Src/stm32c0xx_hal_flash.o
 .debug_loclists
                0x0000113b      0x471 ./Drivers/STM32C0xx_HAL_Driver/Src/stm32c0xx_hal_flash_ex.o
 .debug_loclists
                0x000015ac      0x2ac ./Drivers/STM32C0xx_HAL_Driver/Src/stm32c0xx_hal_gpio.o
 .debug_loclists
                0x00001858      0x3fd ./Drivers/STM32C0xx_HAL_Driver/Src/stm32c0xx_hal_rcc.o
 .debug_loclists
                0x00001c55     0x39dd ./Drivers/STM32C0xx_HAL_Driver/Src/stm32c0xx_hal_tim.o
 .debug_loclists
                0x00005632     0x134b ./Drivers/STM32C0xx_HAL_Driver/Src/stm32c0xx_hal_tim_ex.o
 .debug_loclists
                0x0000697d     0x29f6 ./Drivers/STM32C0xx_HAL_Driver/Src/stm32c0xx_hal_uart.o
 .debug_loclists
                0x00009373      0x79d ./Drivers/STM32C0xx_HAL_Driver/Src/stm32c0xx_hal_uart_ex.o

.debug_aranges  0x00000000      0xd08
 .debug_aranges
                0x00000000       0x78 ./Core/Src/main.o
 .debug_aranges
                0x00000078       0x58 ./Core/Src/stm32c0xx_hal_msp.o
 .debug_aranges
                0x000000d0       0x40 ./Core/Src/stm32c0xx_it.o
 .debug_aranges
                0x00000110       0x28 ./Core/Src/system_stm32c0xx.o
 .debug_aranges
                0x00000138       0x28 ./Core/Startup/startup_stm32c011f6px.o
 .debug_aranges
                0x00000160       0xf0 ./Drivers/STM32C0xx_HAL_Driver/Src/stm32c0xx_hal.o
 .debug_aranges
                0x00000250       0xa0 ./Drivers/STM32C0xx_HAL_Driver/Src/stm32c0xx_hal_cortex.o
 .debug_aranges
                0x000002f0       0x80 ./Drivers/STM32C0xx_HAL_Driver/Src/stm32c0xx_hal_flash.o
 .debug_aranges
                0x00000370       0x70 ./Drivers/STM32C0xx_HAL_Driver/Src/stm32c0xx_hal_flash_ex.o
 .debug_aranges
                0x000003e0       0x68 ./Drivers/STM32C0xx_HAL_Driver/Src/stm32c0xx_hal_gpio.o
 .debug_aranges
                0x00000448       0x90 ./Drivers/STM32C0xx_HAL_Driver/Src/stm32c0xx_hal_rcc.o
 .debug_aranges
                0x000004d8      0x3b0 ./Drivers/STM32C0xx_HAL_Driver/Src/stm32c0xx_hal_tim.o
 .debug_aranges
                0x00000888      0x198 ./Drivers/STM32C0xx_HAL_Driver/Src/stm32c0xx_hal_tim_ex.o
 .debug_aranges
                0x00000a20      0x248 ./Drivers/STM32C0xx_HAL_Driver/Src/stm32c0xx_hal_uart.o
 .debug_aranges
                0x00000c68       0xa0 ./Drivers/STM32C0xx_HAL_Driver/Src/stm32c0xx_hal_uart_ex.o

.debug_rnglists
                0x00000000      0xeec
 .debug_rnglists
                0x00000000      0x14e ./Core/Src/main.o
 .debug_rnglists
                0x0000014e       0xbc ./Core/Src/stm32c0xx_hal_msp.o
 .debug_rnglists
                0x0000020a       0x2b ./Core/Src/stm32c0xx_it.o
 .debug_rnglists
                0x00000235       0x19 ./Core/Src/system_stm32c0xx.o
 .debug_rnglists
                0x0000024e       0x19 ./Core/Startup/startup_stm32c011f6px.o
 .debug_rnglists
                0x00000267       0xbb ./Drivers/STM32C0xx_HAL_Driver/Src/stm32c0xx_hal.o
 .debug_rnglists
                0x00000322       0xa3 ./Drivers/STM32C0xx_HAL_Driver/Src/stm32c0xx_hal_cortex.o
 .debug_rnglists
                0x000003c5       0x5c ./Drivers/STM32C0xx_HAL_Driver/Src/stm32c0xx_hal_flash.o
 .debug_rnglists
                0x00000421       0xd2 ./Drivers/STM32C0xx_HAL_Driver/Src/stm32c0xx_hal_flash_ex.o
 .debug_rnglists
                0x000004f3       0x4b ./Drivers/STM32C0xx_HAL_Driver/Src/stm32c0xx_hal_gpio.o
 .debug_rnglists
                0x0000053e       0x82 ./Drivers/STM32C0xx_HAL_Driver/Src/stm32c0xx_hal_rcc.o
 .debug_rnglists
                0x000005c0      0x416 ./Drivers/STM32C0xx_HAL_Driver/Src/stm32c0xx_hal_tim.o
 .debug_rnglists
                0x000009d6      0x139 ./Drivers/STM32C0xx_HAL_Driver/Src/stm32c0xx_hal_tim_ex.o
 .debug_rnglists
                0x00000b0f      0x337 ./Drivers/STM32C0xx_HAL_Driver/Src/stm32c0xx_hal_uart.o
 .debug_rnglists
                0x00000e46       0xa6 ./Drivers/STM32C0xx_HAL_Driver/Src/stm32c0xx_hal_uart_ex.o

.debug_macro    0x00000000    0x14c54
 .debug_macro   0x00000000      0x32c ./Core/Src/main.o
 .debug_macro   0x0000032c      0xab4 ./Core/Src/main.o
 .debug_macro   0x00000de0       0x2e ./Core/Src/main.o
 .debug_macro   0x00000e0e       0x28 ./Core/Src/main.o
 .debug_macro   0x00000e36       0x22 ./Core/Src/main.o
 .debug_macro   0x00000e58       0x8e ./Core/Src/main.o
 .debug_macro   0x00000ee6       0x51 ./Core/Src/main.o
 .debug_macro   0x00000f37      0x103 ./Core/Src/main.o
 .debug_macro   0x0000103a       0x6a ./Core/Src/main.o
 .debug_macro   0x000010a4      0x1df ./Core/Src/main.o
 .debug_macro   0x00001283       0x1c ./Core/Src/main.o
 .debug_macro   0x0000129f       0x22 ./Core/Src/main.o
 .debug_macro   0x000012c1       0xd1 ./Core/Src/main.o
 .debug_macro   0x00001392      0x4da ./Core/Src/main.o
 .debug_macro   0x0000186c      0x11f ./Core/Src/main.o
 .debug_macro   0x0000198b     0x8f7d ./Core/Src/main.o
 .debug_macro   0x0000a908       0x6d ./Core/Src/main.o
 .debug_macro   0x0000a975      0x198 ./Core/Src/main.o
 .debug_macro   0x0000ab0d       0xef ./Core/Src/main.o
 .debug_macro   0x0000abfc     0x3440 ./Core/Src/main.o
 .debug_macro   0x0000e03c      0x190 ./Core/Src/main.o
 .debug_macro   0x0000e1cc       0x5b ./Core/Src/main.o
 .debug_macro   0x0000e227      0x366 ./Core/Src/main.o
 .debug_macro   0x0000e58d      0xaf3 ./Core/Src/main.o
 .debug_macro   0x0000f080      0x145 ./Core/Src/main.o
 .debug_macro   0x0000f1c5      0x15f ./Core/Src/main.o
 .debug_macro   0x0000f324      0x179 ./Core/Src/main.o
 .debug_macro   0x0000f49d      0x264 ./Core/Src/main.o
 .debug_macro   0x0000f701      0x17e ./Core/Src/main.o
 .debug_macro   0x0000f87f       0x43 ./Core/Src/main.o
 .debug_macro   0x0000f8c2      0x1f1 ./Core/Src/main.o
 .debug_macro   0x0000fab3      0x91d ./Core/Src/main.o
 .debug_macro   0x000103d0      0x5d7 ./Core/Src/main.o
 .debug_macro   0x000109a7       0x2e ./Core/Src/main.o
 .debug_macro   0x000109d5      0x1aa ./Core/Src/main.o
 .debug_macro   0x00010b7f      0x367 ./Core/Src/main.o
 .debug_macro   0x00010ee6       0x28 ./Core/Src/main.o
 .debug_macro   0x00010f0e       0xb3 ./Core/Src/main.o
 .debug_macro   0x00010fc1      0x104 ./Core/Src/main.o
 .debug_macro   0x000110c5       0xef ./Core/Src/main.o
 .debug_macro   0x000111b4      0xaa6 ./Core/Src/main.o
 .debug_macro   0x00011c5a       0xd9 ./Core/Src/main.o
 .debug_macro   0x00011d33      0x67e ./Core/Src/main.o
 .debug_macro   0x000123b1       0xa6 ./Core/Src/main.o
 .debug_macro   0x00012457      0x3c7 ./Core/Src/main.o
 .debug_macro   0x0001281e       0x61 ./Core/Src/main.o
 .debug_macro   0x0001287f       0x24 ./Core/Src/main.o
 .debug_macro   0x000128a3       0x43 ./Core/Src/main.o
 .debug_macro   0x000128e6       0x34 ./Core/Src/main.o
 .debug_macro   0x0001291a       0x16 ./Core/Src/main.o
 .debug_macro   0x00012930       0x3c ./Core/Src/main.o
 .debug_macro   0x0001296c      0x370 ./Core/Src/main.o
 .debug_macro   0x00012cdc       0x10 ./Core/Src/main.o
 .debug_macro   0x00012cec       0x16 ./Core/Src/main.o
 .debug_macro   0x00012d02       0x4a ./Core/Src/main.o
 .debug_macro   0x00012d4c       0x34 ./Core/Src/main.o
 .debug_macro   0x00012d80       0x10 ./Core/Src/main.o
 .debug_macro   0x00012d90       0x58 ./Core/Src/main.o
 .debug_macro   0x00012de8       0x8e ./Core/Src/main.o
 .debug_macro   0x00012e76       0x1c ./Core/Src/main.o
 .debug_macro   0x00012e92      0x185 ./Core/Src/main.o
 .debug_macro   0x00013017       0x16 ./Core/Src/main.o
 .debug_macro   0x0001302d       0x16 ./Core/Src/main.o
 .debug_macro   0x00013043      0x146 ./Core/Src/main.o
 .debug_macro   0x00013189       0x16 ./Core/Src/main.o
 .debug_macro   0x0001319f       0x16 ./Core/Src/main.o
 .debug_macro   0x000131b5       0x29 ./Core/Src/main.o
 .debug_macro   0x000131de      0x202 ./Core/Src/stm32c0xx_hal_msp.o
 .debug_macro   0x000133e0      0x20c ./Core/Src/stm32c0xx_it.o
 .debug_macro   0x000135ec      0x1fe ./Core/Src/system_stm32c0xx.o
 .debug_macro   0x000137ea      0x216 ./Drivers/STM32C0xx_HAL_Driver/Src/stm32c0xx_hal.o
 .debug_macro   0x00013a00      0x1f8 ./Drivers/STM32C0xx_HAL_Driver/Src/stm32c0xx_hal_cortex.o
 .debug_macro   0x00013bf8      0x1f8 ./Drivers/STM32C0xx_HAL_Driver/Src/stm32c0xx_hal_flash.o
 .debug_macro   0x00013df0      0x1f8 ./Drivers/STM32C0xx_HAL_Driver/Src/stm32c0xx_hal_flash_ex.o
 .debug_macro   0x00013fe8      0x22d ./Drivers/STM32C0xx_HAL_Driver/Src/stm32c0xx_hal_gpio.o
 .debug_macro   0x00014215      0x228 ./Drivers/STM32C0xx_HAL_Driver/Src/stm32c0xx_hal_rcc.o
 .debug_macro   0x0001443d      0x200 ./Drivers/STM32C0xx_HAL_Driver/Src/stm32c0xx_hal_tim.o
 .debug_macro   0x0001463d      0x1fe ./Drivers/STM32C0xx_HAL_Driver/Src/stm32c0xx_hal_tim_ex.o
 .debug_macro   0x0001483b      0x215 ./Drivers/STM32C0xx_HAL_Driver/Src/stm32c0xx_hal_uart.o
 .debug_macro   0x00014a50      0x204 ./Drivers/STM32C0xx_HAL_Driver/Src/stm32c0xx_hal_uart_ex.o

.debug_line     0x00000000    0x15704
 .debug_line    0x00000000     0x179d ./Core/Src/main.o
 .debug_line    0x0000179d      0xa31 ./Core/Src/stm32c0xx_hal_msp.o
 .debug_line    0x000021ce      0x827 ./Core/Src/stm32c0xx_it.o
 .debug_line    0x000029f5      0x820 ./Core/Src/system_stm32c0xx.o
 .debug_line    0x00003215       0x7d ./Core/Startup/startup_stm32c011f6px.o
 .debug_line    0x00003292      0xc2d ./Drivers/STM32C0xx_HAL_Driver/Src/stm32c0xx_hal.o
 .debug_line    0x00003ebf      0xcd3 ./Drivers/STM32C0xx_HAL_Driver/Src/stm32c0xx_hal_cortex.o
 .debug_line    0x00004b92      0xce3 ./Drivers/STM32C0xx_HAL_Driver/Src/stm32c0xx_hal_flash.o
 .debug_line    0x00005875      0xf38 ./Drivers/STM32C0xx_HAL_Driver/Src/stm32c0xx_hal_flash_ex.o
 .debug_line    0x000067ad      0xd27 ./Drivers/STM32C0xx_HAL_Driver/Src/stm32c0xx_hal_gpio.o
 .debug_line    0x000074d4     0x11c9 ./Drivers/STM32C0xx_HAL_Driver/Src/stm32c0xx_hal_rcc.o
 .debug_line    0x0000869d     0x4ddb ./Drivers/STM32C0xx_HAL_Driver/Src/stm32c0xx_hal_tim.o
 .debug_line    0x0000d478     0x1e0f ./Drivers/STM32C0xx_HAL_Driver/Src/stm32c0xx_hal_tim_ex.o
 .debug_line    0x0000f287     0x534f ./Drivers/STM32C0xx_HAL_Driver/Src/stm32c0xx_hal_uart.o
 .debug_line    0x000145d6     0x112e ./Drivers/STM32C0xx_HAL_Driver/Src/stm32c0xx_hal_uart_ex.o

.debug_str      0x00000000    0x87e18
 .debug_str     0x00000000    0x87e18 ./Core/Src/main.o
                              0x84f3c (size before relaxing)
 .debug_str     0x00087e18    0x8105d ./Core/Src/stm32c0xx_hal_msp.o
 .debug_str     0x00087e18    0x802db ./Core/Src/stm32c0xx_it.o
 .debug_str     0x00087e18    0x803d1 ./Core/Src/system_stm32c0xx.o
 .debug_str     0x00087e18       0xdf ./Core/Startup/startup_stm32c011f6px.o
 .debug_str     0x00087e18    0x809d5 ./Drivers/STM32C0xx_HAL_Driver/Src/stm32c0xx_hal.o
 .debug_str     0x00087e18    0x807ea ./Drivers/STM32C0xx_HAL_Driver/Src/stm32c0xx_hal_cortex.o
 .debug_str     0x00087e18    0x805e4 ./Drivers/STM32C0xx_HAL_Driver/Src/stm32c0xx_hal_flash.o
 .debug_str     0x00087e18    0x80774 ./Drivers/STM32C0xx_HAL_Driver/Src/stm32c0xx_hal_flash_ex.o
 .debug_str     0x00087e18    0x805c9 ./Drivers/STM32C0xx_HAL_Driver/Src/stm32c0xx_hal_gpio.o
 .debug_str     0x00087e18    0x809bc ./Drivers/STM32C0xx_HAL_Driver/Src/stm32c0xx_hal_rcc.o
 .debug_str     0x00087e18    0x818f9 ./Drivers/STM32C0xx_HAL_Driver/Src/stm32c0xx_hal_tim.o
 .debug_str     0x00087e18    0x81287 ./Drivers/STM32C0xx_HAL_Driver/Src/stm32c0xx_hal_tim_ex.o
 .debug_str     0x00087e18    0x8132f ./Drivers/STM32C0xx_HAL_Driver/Src/stm32c0xx_hal_uart.o
 .debug_str     0x00087e18    0x80c57 ./Drivers/STM32C0xx_HAL_Driver/Src/stm32c0xx_hal_uart_ex.o

.comment        0x00000000       0x43
 .comment       0x00000000       0x43 ./Core/Src/main.o
                                 0x44 (size before relaxing)
 .comment       0x00000043       0x44 ./Core/Src/stm32c0xx_hal_msp.o
 .comment       0x00000043       0x44 ./Core/Src/stm32c0xx_it.o
 .comment       0x00000043       0x44 ./Core/Src/system_stm32c0xx.o
 .comment       0x00000043       0x44 ./Drivers/STM32C0xx_HAL_Driver/Src/stm32c0xx_hal.o
 .comment       0x00000043       0x44 ./Drivers/STM32C0xx_HAL_Driver/Src/stm32c0xx_hal_cortex.o
 .comment       0x00000043       0x44 ./Drivers/STM32C0xx_HAL_Driver/Src/stm32c0xx_hal_flash.o
 .comment       0x00000043       0x44 ./Drivers/STM32C0xx_HAL_Driver/Src/stm32c0xx_hal_flash_ex.o
 .comment       0x00000043       0x44 ./Drivers/STM32C0xx_HAL_Driver/Src/stm32c0xx_hal_gpio.o
 .comment       0x00000043       0x44 ./Drivers/STM32C0xx_HAL_Driver/Src/stm32c0xx_hal_rcc.o
 .comment       0x00000043       0x44 ./Drivers/STM32C0xx_HAL_Driver/Src/stm32c0xx_hal_tim.o
 .comment       0x00000043       0x44 ./Drivers/STM32C0xx_HAL_Driver/Src/stm32c0xx_hal_tim_ex.o
 .comment       0x00000043       0x44 ./Drivers/STM32C0xx_HAL_Driver/Src/stm32c0xx_hal_uart.o
 .comment       0x00000043       0x44 ./Drivers/STM32C0xx_HAL_Driver/Src/stm32c0xx_hal_uart_ex.o

.debug_frame    0x00000000     0x2370
 .debug_frame   0x00000000      0x12c ./Core/Src/main.o
 .debug_frame   0x0000012c       0xcc ./Core/Src/stm32c0xx_hal_msp.o
 .debug_frame   0x000001f8       0x68 ./Core/Src/stm32c0xx_it.o
 .debug_frame   0x00000260       0x30 ./Core/Src/system_stm32c0xx.o
 .debug_frame   0x00000290      0x1f4 ./Drivers/STM32C0xx_HAL_Driver/Src/stm32c0xx_hal.o
 .debug_frame   0x00000484      0x130 ./Drivers/STM32C0xx_HAL_Driver/Src/stm32c0xx_hal_cortex.o
 .debug_frame   0x000005b4      0x130 ./Drivers/STM32C0xx_HAL_Driver/Src/stm32c0xx_hal_flash.o
 .debug_frame   0x000006e4      0x100 ./Drivers/STM32C0xx_HAL_Driver/Src/stm32c0xx_hal_flash_ex.o
 .debug_frame   0x000007e4       0xe0 ./Drivers/STM32C0xx_HAL_Driver/Src/stm32c0xx_hal_gpio.o
 .debug_frame   0x000008c4      0x164 ./Drivers/STM32C0xx_HAL_Driver/Src/stm32c0xx_hal_rcc.o
 .debug_frame   0x00000a28      0xb04 ./Drivers/STM32C0xx_HAL_Driver/Src/stm32c0xx_hal_tim.o
 .debug_frame   0x0000152c      0x4c4 ./Drivers/STM32C0xx_HAL_Driver/Src/stm32c0xx_hal_tim_ex.o
 .debug_frame   0x000019f0      0x720 ./Drivers/STM32C0xx_HAL_Driver/Src/stm32c0xx_hal_uart.o
 .debug_frame   0x00002110      0x1d4 ./Drivers/STM32C0xx_HAL_Driver/Src/stm32c0xx_hal_uart_ex.o
 .debug_frame   0x000022e4       0x20 C:/ST/STM32CubeIDE_1.19.0/STM32CubeIDE/plugins/com.st.stm32cube.ide.mcu.externaltools.gnu-tools-for-stm32.13.3.rel1.win32_1.0.0.202411081344/tools/bin/../lib/gcc/arm-none-eabi/13.3.1/../../../../arm-none-eabi/lib/thumb/v6-m/nofp\libc_nano.a(libc_a-memset.o)
 .debug_frame   0x00002304       0x2c C:/ST/STM32CubeIDE_1.19.0/STM32CubeIDE/plugins/com.st.stm32cube.ide.mcu.externaltools.gnu-tools-for-stm32.13.3.rel1.win32_1.0.0.202411081344/tools/bin/../lib/gcc/arm-none-eabi/13.3.1/../../../../arm-none-eabi/lib/thumb/v6-m/nofp\libc_nano.a(libc_a-init.o)
 .debug_frame   0x00002330       0x20 C:/ST/STM32CubeIDE_1.19.0/STM32CubeIDE/plugins/com.st.stm32cube.ide.mcu.externaltools.gnu-tools-for-stm32.13.3.rel1.win32_1.0.0.202411081344/tools/bin/../lib/gcc/arm-none-eabi/13.3.1/thumb/v6-m/nofp\libgcc.a(_udivsi3.o)
 .debug_frame   0x00002350       0x20 C:/ST/STM32CubeIDE_1.19.0/STM32CubeIDE/plugins/com.st.stm32cube.ide.mcu.externaltools.gnu-tools-for-stm32.13.3.rel1.win32_1.0.0.202411081344/tools/bin/../lib/gcc/arm-none-eabi/13.3.1/thumb/v6-m/nofp\libgcc.a(_divsi3.o)

.debug_line_str
                0x00000000       0xc3
 .debug_line_str
                0x00000000       0xc3 ./Core/Startup/startup_stm32c011f6px.o
